******************************************************************************
             TMS320C2000 Linker PC v22.6.0                     
******************************************************************************
>> Linked Tue Jul 26 15:48:47 2022

OUTPUT FILE NAME:   <rt-thread_28377.out>
ENTRY POINT SYMBOL: "_c_int00"  address: 0008784f


MEMORY CONFIGURATION

         name            origin    length      used     unused   attr    fill
----------------------  --------  ---------  --------  --------  ----  --------
PAGE 0:
  RAMM0                 00000122   000002de  00000000  000002de  RWIX
  RAMLS0                00008000   00000800  00000004  000007fc  RWIX
  RAMLS1                00008800   00000800  00000000  00000800  RWIX
  RAMLS2                00009000   00000800  00000000  00000800  RWIX
  RAMLS3                00009800   00000800  00000000  00000800  RWIX
  RAMLS4                0000a000   00000800  00000000  00000800  RWIX
  RAMD0                 0000b000   00000800  00000000  00000800  RWIX
  RAMGS14               0001a000   00001000  00000000  00001000  RWIX
  RAMGS15               0001b000   00001000  00000000  00001000  RWIX
  BEGIN                 00080000   00000002  00000002  00000000  RWIX
  FLASHA                00080002   00001ffe  00000000  00001ffe  RWIX
  FLASHB                00082000   00002000  00001ffd  00000003  RWIX
  FLASHC                00084000   00002000  00002000  00000000  RWIX
  FLASHD                00086000   00002000  00001b78  00000488  RWIX
  FLASHE                00088000   00008000  00000000  00008000  RWIX
  FLASHF                00090000   00008000  0000253a  00005ac6  RWIX
  FLASHG                00098000   00008000  00000000  00008000  RWIX
  FLASHH                000a0000   00008000  00000000  00008000  RWIX
  FLASHI                000a8000   00008000  00000000  00008000  RWIX
  FLASHJ                000b0000   00008000  00000000  00008000  RWIX
  FLASHK                000b8000   00002000  00000000  00002000  RWIX
  FLASHL                000ba000   00002000  00000000  00002000  RWIX
  FLASHM                000bc000   00002000  00000000  00002000  RWIX
  FLASHN                000be000   00002000  00000000  00002000  RWIX
  RESET                 003fffc0   00000002  00000000  00000002  RWIX

PAGE 1:
  BOOT_RSVD             00000002   00000120  00000000  00000120  RWIX
  RAMM1                 00000400   00000400  00000400  00000000  RWIX
  ADCA_RESULT           00000b00   00000020  00000018  00000008  RWIX
  ADCB_RESULT           00000b20   00000020  00000018  00000008  RWIX
  ADCC_RESULT           00000b40   00000020  00000018  00000008  RWIX
  ADCD_RESULT           00000b60   00000020  00000018  00000008  RWIX
  CPU_TIMER0            00000c00   00000008  00000008  00000000  RWIX
  CPU_TIMER1            00000c08   00000008  00000008  00000000  RWIX
  CPU_TIMER2            00000c10   00000008  00000008  00000000  RWIX
  PIE_CTRL              00000ce0   00000020  0000001a  00000006  RWIX
  PIE_VECT              00000d00   00000200  000001c0  00000040  RWIX
  DMA                   00001000   00000200  000000e0  00000120  RWIX
  CLA1                  00001400   00000040  0000003e  00000002  RWIX
  EPWM1                 00004000   00000100  00000100  00000000  RWIX
  EPWM2                 00004100   00000100  00000100  00000000  RWIX
  EPWM3                 00004200   00000100  00000100  00000000  RWIX
  EPWM4                 00004300   00000100  00000100  00000000  RWIX
  EPWM5                 00004400   00000100  00000100  00000000  RWIX
  EPWM6                 00004500   00000100  00000100  00000000  RWIX
  EPWM7                 00004600   00000100  00000100  00000000  RWIX
  EPWM8                 00004700   00000100  00000100  00000000  RWIX
  EPWM9                 00004800   00000100  00000100  00000000  RWIX
  EPWM10                00004900   00000100  00000100  00000000  RWIX
  EPWM11                00004a00   00000100  00000100  00000000  RWIX
  EPWM12                00004b00   00000100  00000100  00000000  RWIX
  ECAP1                 00005000   00000020  00000020  00000000  RWIX
  ECAP2                 00005020   00000020  00000020  00000000  RWIX
  ECAP3                 00005040   00000020  00000020  00000000  RWIX
  ECAP4                 00005060   00000020  00000020  00000000  RWIX
  ECAP5                 00005080   00000020  00000020  00000000  RWIX
  ECAP6                 000050a0   00000020  00000020  00000000  RWIX
  EQEP1                 00005100   00000040  00000022  0000001e  RWIX
  EQEP2                 00005140   00000040  00000022  0000001e  RWIX
  EQEP3                 00005180   00000040  00000022  0000001e  RWIX
  DACA                  00005c00   00000010  00000008  00000008  RWIX
  DACB                  00005c10   00000010  00000008  00000008  RWIX
  DACC                  00005c20   00000010  00000008  00000008  RWIX
  CMPSS1                00005c80   00000020  00000020  00000000  RWIX
  CMPSS2                00005ca0   00000020  00000020  00000000  RWIX
  CMPSS3                00005cc0   00000020  00000020  00000000  RWIX
  CMPSS4                00005ce0   00000020  00000020  00000000  RWIX
  CMPSS5                00005d00   00000020  00000020  00000000  RWIX
  CMPSS6                00005d20   00000020  00000020  00000000  RWIX
  CMPSS7                00005d40   00000020  00000020  00000000  RWIX
  CMPSS8                00005d60   00000020  00000020  00000000  RWIX
  SDFM1                 00005e00   00000080  00000080  00000000  RWIX
  SDFM2                 00005e80   00000080  00000080  00000000  RWIX
  MCBSPA                00006000   00000040  00000024  0000001c  RWIX
  MCBSPB                00006040   00000040  00000024  0000001c  RWIX
  SPIA                  00006100   00000010  00000010  00000000  RWIX
  SPIB                  00006110   00000010  00000010  00000000  RWIX
  SPIC                  00006120   00000010  00000010  00000000  RWIX
  SPID                  00006130   00000010  00000000  00000010  RWIX
  UPP                   00006200   00000100  00000048  000000b8  RWIX
  WD                    00007000   00000040  0000002b  00000015  RWIX
  NMIINTRUPT            00007060   00000010  00000007  00000009  RWIX
  XINT                  00007070   00000010  0000000b  00000005  RWIX
  SCIA                  00007200   00000010  00000010  00000000  RWIX
  SCIB                  00007210   00000010  00000010  00000000  RWIX
  SCIC                  00007220   00000010  00000010  00000000  RWIX
  SCID                  00007230   00000010  00000010  00000000  RWIX
  I2CA                  00007300   00000040  00000022  0000001e  RWIX
  I2CB                  00007340   00000040  00000022  0000001e  RWIX
  ADCA                  00007400   00000080  00000080  00000000  RWIX
  ADCB                  00007480   00000080  00000080  00000000  RWIX
  ADCC                  00007500   00000080  00000080  00000000  RWIX
  ADCD                  00007580   00000080  00000080  00000000  RWIX
  INPUT_XBAR            00007900   00000020  00000020  00000000  RWIX
  XBAR                  00007920   00000020  00000020  00000000  RWIX
  SYNC_SOC              00007940   00000010  00000006  0000000a  RWIX
  DMACLASRCSEL          00007980   00000040  0000001a  00000026  RWIX
  EPWM_XBAR             00007a00   00000040  00000040  00000000  RWIX
  CLB_XBAR              00007a40   00000040  00000000  00000040  RWIX
  OUTPUT_XBAR           00007a80   00000040  00000040  00000000  RWIX
  GPIOCTRL              00007c00   00000180  00000180  00000000  RWIX
  GPIODAT               00007f00   00000030  00000030  00000000  RWIX
  RAMLS5                0000a800   00000800  0000074b  000000b5  RWIX
  RAMD1                 0000b800   00000800  00000120  000006e0  RWIX
  RAMGS0                0000c000   00001000  00000000  00001000  RWIX
  RAMGS1                0000d000   00001000  00000000  00001000  RWIX
  RAMGS2                0000e000   00001000  00000400  00000c00  RWIX
  RAMGS3                0000f000   00001000  00000000  00001000  RWIX
  RAMGS4                00010000   00001000  00000000  00001000  RWIX
  RAMGS5                00011000   00001000  00000000  00001000  RWIX
  RAMGS6                00012000   00001000  00000000  00001000  RWIX
  RAMGS7                00013000   00001000  00000000  00001000  RWIX
  RAMGS8                00014000   00001000  00000000  00001000  RWIX
  RAMGS9                00015000   00001000  00000000  00001000  RWIX
  RAMGS10               00016000   00001000  00000000  00001000  RWIX
  RAMGS11               00017000   00001000  00000000  00001000  RWIX
  RAMGS12               00018000   00001000  00000000  00001000  RWIX
  RAMGS13               00019000   00001000  00000000  00001000  RWIX
  CPU2TOCPU1RAM         0003f800   00000400  00000000  00000400  RWIX
  CPU1TOCPU2RAM         0003fc00   00000400  00000088  00000378  RWIX
  EMIF1                 00047000   00000800  00000070  00000790  RWIX
  EMIF2                 00047800   00000800  00000070  00000790  RWIX
  CANA                  00048000   00000800  00000164  0000069c  RWIX
  CANB                  0004a000   00000800  00000164  0000069c  RWIX
  IPC                   00050000   00000024  00000024  00000000  RWIX
  FLASHPUMPSEMAPHORE    00050024   00000002  00000002  00000000  RWIX
  DEV_CFG               0005d000   00000180  0000012e  00000052  RWIX
  ANALOG_SUBSYS         0005d180   00000080  00000048  00000038  RWIX
  CLK_CFG               0005d200   00000100  00000032  000000ce  RWIX
  CPU_SYS               0005d300   00000100  00000082  0000007e  RWIX
  ROMPREFETCH           0005e608   00000002  00000002  00000000  RWIX
  DCSM_Z1               0005f000   00000030  00000024  0000000c  RWIX
  DCSM_Z2               0005f040   00000030  00000024  0000000c  RWIX
  DCSM_COMMON           0005f070   00000010  00000008  00000008  RWIX
  MEMCFG                0005f400   00000080  00000080  00000000  RWIX
  EMIF1CONFIG           0005f480   00000020  00000020  00000000  RWIX
  EMIF2CONFIG           0005f4a0   00000020  00000020  00000000  RWIX
  ACCESSPROTECTION      0005f4c0   00000040  00000040  00000000  RWIX
  MEMORYERROR           0005f500   00000040  00000040  00000000  RWIX
  ROMWAITSTATE          0005f540   00000002  00000002  00000000  RWIX
  FLASH0_CTRL           0005f800   00000300  00000182  0000017e  RWIX
  FLASH0_ECC            0005fb00   00000040  00000028  00000018  RWIX


SECTION ALLOCATION MAP

 output                                  attributes/
section   page    origin      length       input sections
--------  ----  ----------  ----------   ----------------
.cinit     0    00082000    00000141     
                  00082000    00000052     object.obj (.cinit:__object_container)
                  00082052    00000021     F2837xD_struct.obj (.cinit:_TRIP_SEL)
                  00082073    0000001d     F2837xD_struct.obj (.cinit:_EPWM)
                  00082090    00000011     F2837xD_struct.obj (.cinit:_ECAP)
                  000820a1    0000000e     rts2800_ml.lib : exit.c.obj (.cinit)
                  000820af    0000000d     F2837xD_struct.obj (.cinit:_ADC)
                  000820bc    0000000b     F2837xD_struct.obj (.cinit:_EQEP)
                  000820c7    0000000b     F2837xD_struct.obj (.cinit:_SPI)
                  000820d2    00000009     F2837xD_struct.obj (.cinit:_SDFM)
                  000820db    00000007     F2837xD_struct.obj (.cinit:_I2C)
                  000820e2    00000007     F2837xD_struct.obj (.cinit:_MCBSP)
                  000820e9    00000007     F2837xD_struct.obj (.cinit:_SCI)
                  000820f0    00000007     idle.obj (.cinit)
                  000820f7    00000005     rts2800_ml.lib : _lock.c.obj (.cinit:__lock)
                  000820fc    00000005                    : _lock.c.obj (.cinit:__unlock)
                  00082101    00000005     drv_sci.obj (.cinit:_uart_obj)
                  00082106    00000005     clock.obj (.cinit)
                  0008210b    00000005     cpuport.obj (.cinit)
                  00082110    00000005     kservice.obj (.cinit)
                  00082115    00000005     scheduler.obj (.cinit)
                  0008211a    00000005     shell.obj (.cinit)
                  0008211f    00000004     F2837xD_sci_io.obj (.cinit)
                  00082123    00000004     shell.obj (.cinit:_finsh_prompt$1)
                  00082127    00000004     irq.obj (.cinit)
                  0008212b    00000004     rts2800_ml.lib : defs.c.obj (.cinit)
                  0008212f    00000004                    : fopen.c.obj (.cinit)
                  00082133    00000004                    : memory.c.obj (.cinit)
                  00082137    00000004                    : open.c.obj (.cinit)
                  0008213b    00000004     serial.obj (.cinit)
                  0008213f    00000002     --HOLE-- [fill = 0]

.pinit     0    00082000    00000000     UNINITIALIZED

codestart 
*          0    00080000    00000002     
                  00080000    00000002     F2837xD_CodeStartBranch.obj (codestart)

.TI.ramfunc 
*          0    00086000    00000004     RUN ADDR = 00008000
                  00086000    00000004     F2837xD_usDelay.obj (.TI.ramfunc)

.stack     1    00000400    00000400     UNINITIALIZED
                  00000400    00000400     --HOLE--

.cio       1    0000b800    00000120     UNINITIALIZED
                  0000b800    00000120     rts2800_ml.lib : trgmsg.c.obj (.cio)

.esysmem   1    0000e000    00000400     UNINITIALIZED
                  0000e000    00000004     rts2800_ml.lib : memory.c.obj (.esysmem)
                  0000e004    000003fc     --HOLE--

.reset     0    003fffc0    00000002     DSECT
                  003fffc0    00000002     rts2800_ml.lib : boot28.asm.obj (.reset)

PUTBUFFER 
*          1    0003fc00    00000080     UNINITIALIZED
                  0003fc00    00000080     F2837xD_Ipc_Driver.obj (PUTBUFFER)

PUTWRITEIDX 
*          1    0003fc80    00000004     UNINITIALIZED
                  0003fc80    00000004     F2837xD_Ipc_Driver.obj (PUTWRITEIDX)

GETREADIDX 
*          1    0003fc84    00000004     UNINITIALIZED
                  0003fc84    00000004     F2837xD_Ipc_Driver.obj (GETREADIDX)

GETBUFFER 
*          0    0003f800    00000080     DSECT
                  0003f800    00000080     F2837xD_Ipc_Driver.obj (GETBUFFER)

GETWRITEIDX 
*          0    0003f880    00000004     DSECT
                  0003f880    00000004     F2837xD_Ipc_Driver.obj (GETWRITEIDX)

PUTREADIDX 
*          0    0003f884    00000004     DSECT
                  0003f884    00000004     F2837xD_Ipc_Driver.obj (PUTREADIDX)

.econst    0    00090000    0000253a     
                  00090000    000005f1     cmd.obj (.econst:.string)
                  000905f1    00000001     --HOLE-- [fill = 0]
                  000905f2    000004b8     ipc.obj (.econst:.string)
                  00090aaa    00000403     mem.obj (.econst:.string)
                  00090ead    00000001     --HOLE-- [fill = 0]
                  00090eae    000001c0     F2837xD_PieVect.obj (.econst:_PieVectTableInit)
                  0009106e    00000197     thread.obj (.econst:.string)
                  00091205    00000001     --HOLE-- [fill = 0]
                  00091206    00000192     serial.obj (.econst:.string)
                  00091398    00000145     mempool.obj (.econst:.string)
                  000914dd    00000100     kservice.obj (.econst:.string:___lowest_bit_bitmap)
                  000915dd    00000001     --HOLE-- [fill = 0]
                  000915de    00000100     timer.obj (.econst:.string)
                  000916de    000000fd     kservice.obj (.econst:.string)
                  000917db    00000001     --HOLE-- [fill = 0]
                  000917dc    000000ec     dataqueue.obj (.econst:.string)
                  000918c8    000000d1     completion.obj (.econst:.string)
                  00091999    00000001     --HOLE-- [fill = 0]
                  0009199a    000000bc     device.obj (.econst:.string)
                  00091a56    00000090     msh.obj (.econst:.string)
                  00091ae6    0000008b     object.obj (.econst:.string)
                  00091b71    00000001     --HOLE-- [fill = 0]
                  00091b72    00000081     shell.obj (.econst:.string)
                  00091bf3    00000001     --HOLE-- [fill = 0]
                  00091bf4    00000051     queue.obj (.econst:.string)
                  00091c45    00000001     --HOLE-- [fill = 0]
                  00091c46    0000004c     startup.obj (.econst:.string)
                  00091c92    00000043     drv_sci.obj (.econst:.string)
                  00091cd5    00000001     --HOLE-- [fill = 0]
                  00091cd6    00000032     cmd.obj (.econst:_device_type_str)
                  00091d08    0000001d     serial.obj (.econst:.string:_$P$T5$7)
                  00091d25    0000001d     serial.obj (.econst:.string:_$P$T6$8)
                  00091d42    0000001d     serial.obj (.econst:.string:_$P$T7$9)
                  00091d5f    0000001a     scheduler.obj (.econst:.string:_$P$T0$1)
                  00091d79    0000001a     scheduler.obj (.econst:.string:_$P$T1$2)
                  00091d93    0000001a     object.obj (.econst:.string:_$P$T4$5)
                  00091dad    0000001a     device.obj (.econst:.string:_$P$T8$9)
                  00091dc7    0000001a     device.obj (.econst:.string:_$P$T9$10)
                  00091de1    00000016     shell.obj (.econst:.string:_$P$T0$2)
                  00091df7    00000016     shell.obj (.econst:.string:_$P$T1$3)
                  00091e0d    00000016     serial.obj (.econst:.string:_$P$T14$16)
                  00091e23    00000016     thread.obj (.econst:.string:_$P$T7$8)
                  00091e39    00000015     device.obj (.econst:.string:_$P$T0$1)
                  00091e4e    00000015     dataqueue.obj (.econst:.string:_$P$T5$6)
                  00091e63    00000014     kservice.obj (.econst:.string:_$P$T1$5)
                  00091e77    00000014     dataqueue.obj (.econst:.string:_$P$T4$5)
                  00091e8b    00000013     completion.obj (.econst:.string:_$P$T0$1)
                  00091e9e    00000013     cpuport.obj (.econst:.string:_$P$T0$1)
                  00091eb1    00000013     dataqueue.obj (.econst:.string:_$P$T0$1)
                  00091ec4    00000013     completion.obj (.econst:.string:_$P$T1$2)
                  00091ed7    00000013     dataqueue.obj (.econst:.string:_$P$T1$2)
                  00091eea    00000013     completion.obj (.econst:.string:_$P$T2$3)
                  00091efd    00000013     object.obj (.econst:.string:_$P$T2$3)
                  00091f10    00000013     dataqueue.obj (.econst:.string:_$P$T3$4)
                  00091f23    00000013     object.obj (.econst:.string:_$P$T5$6)
                  00091f36    00000012     ipc.obj (.econst:.string:_$P$T0$1)
                  00091f48    00000012     device.obj (.econst:.string:_$P$T1$2)
                  00091f5a    00000012     serial.obj (.econst:.string:_$P$T13$15)
                  00091f6c    00000012     dataqueue.obj (.econst:.string:_$P$T2$3)
                  00091f7e    00000012     thread.obj (.econst:.string:_$P$T3$4)
                  00091f90    00000012     dataqueue.obj (.econst:.string:_$P$T6$7)
                  00091fa2    00000012     device.obj (.econst:.string:_$P$T7$8)
                  00091fb4    00000012     thread.obj (.econst:.string:_$P$T8$9)
                  00091fc6    00000012     thread.obj (.econst:.string:_$P$T9$10)
                  00091fd8    00000012     scheduler.obj (.econst:.string)
                  00091fea    00000011     object.obj (.econst:.string:_$P$T1$2)
                  00091ffb    00000011     thread.obj (.econst:.string:_$P$T10$11)
                  0009200c    00000011     ipc.obj (.econst:.string:_$P$T13$14)
                  0009201d    00000011     ipc.obj (.econst:.string:_$P$T14$15)
                  0009202e    00000011     serial.obj (.econst:.string:_$P$T15$17)
                  0009203f    00000011     ipc.obj (.econst:.string:_$P$T21$22)
                  00092050    00000011     object.obj (.econst:.string:_$P$T3$4)
                  00092061    00000011     thread.obj (.econst:.string:_$P$T4$5)
                  00092072    00000011     shell.obj (.econst:.string:_$P$T4$6)
                  00092083    00000011     thread.obj (.econst:.string:_$P$T5$6)
                  00092094    00000011     shell.obj (.econst:.string:_$P$T5$7)
                  000920a5    00000011     timer.obj (.econst:.string:_$P$T6$8)
                  000920b6    00000011     kservice.obj (.econst:.string:_large_digits$3)
                  000920c7    00000011     kservice.obj (.econst:.string:_small_digits$2)
                  000920d8    00000010     serial.obj (.econst:.string:_$P$T0$1)
                  000920e8    00000010     thread.obj (.econst:.string:_$P$T0$1)
                  000920f8    00000010     serial.obj (.econst:.string:_$P$T1$2)
                  00092108    00000010     timer.obj (.econst:.string:_$P$T1$2)
                  00092118    00000010     ipc.obj (.econst:.string:_$P$T10$11)
                  00092128    00000010     serial.obj (.econst:.string:_$P$T10$12)
                  00092138    00000010     ipc.obj (.econst:.string:_$P$T11$12)
                  00092148    00000010     serial.obj (.econst:.string:_$P$T12$14)
                  00092158    00000010     ipc.obj (.econst:.string:_$P$T16$17)
                  00092168    00000010     ipc.obj (.econst:.string:_$P$T17$18)
                  00092178    00000010     ipc.obj (.econst:.string:_$P$T18$19)
                  00092188    00000010     timer.obj (.econst:.string:_$P$T2$3)
                  00092198    00000010     ipc.obj (.econst:.string:_$P$T26$27)
                  000921a8    00000010     mem.obj (.econst:.string:_$P$T3$4)
                  000921b8    00000010     timer.obj (.econst:.string:_$P$T3$4)
                  000921c8    00000010     ipc.obj (.econst:.string:_$P$T34$35)
                  000921d8    00000010     device.obj (.econst:.string:_$P$T4$5)
                  000921e8    00000010     device.obj (.econst:.string:_$P$T6$7)
                  000921f8    00000010     thread.obj (.econst:.string:_$P$T6$7)
                  00092208    00000010     ipc.obj (.econst:.string:_$P$T9$10)
                  00092218    00000010     cpuport.obj (.econst:.string)
                  00092228    0000000f     drv_sci.obj (.econst:.string:_$P$T0$1)
                  00092237    0000000f     object.obj (.econst:.string:_$P$T0$1)
                  00092246    0000000f     mem.obj (.econst:.string:_$P$T1$2)
                  00092255    0000000f     serial.obj (.econst:.string:_$P$T11$13)
                  00092264    0000000f     device.obj (.econst:.string:_$P$T2$3)
                  00092273    0000000f     serial.obj (.econst:.string:_$P$T2$3)
                  00092282    0000000f     thread.obj (.econst:.string:_$P$T2$3)
                  00092291    0000000f     device.obj (.econst:.string:_$P$T3$4)
                  000922a0    0000000f     serial.obj (.econst:.string:_$P$T3$4)
                  000922af    0000000f     serial.obj (.econst:.string:_$P$T4$5)
                  000922be    0000000f     timer.obj (.econst:.string:_$P$T4$6)
                  000922cd    0000000f     device.obj (.econst:.string:_$P$T5$6)
                  000922dc    0000000f     ipc.obj (.econst:.string:_$P$T6$7)
                  000922eb    0000000f     object.obj (.econst:.string:_$P$T6$7)
                  000922fa    0000000f     shell.obj (.econst:.string:_$P$T6$8)
                  00092309    0000000f     ipc.obj (.econst:.string:_$P$T7$8)
                  00092318    0000000f     shell.obj (.econst:.string:_$P$T7$9)
                  00092327    0000000f     serial.obj (.econst:.string:_$P$T8$10)
                  00092336    0000000f     serial.obj (.econst:.string:_$P$T9$11)
                  00092345    0000000e     msh.obj (.econst:.string:_$P$T0$1)
                  00092353    0000000e     timer.obj (.econst:.string:_$P$T0$1)
                  00092361    0000000e     ipc.obj (.econst:.string:_$P$T12$13)
                  0009236f    0000000e     ipc.obj (.econst:.string:_$P$T15$16)
                  0009237d    0000000e     ipc.obj (.econst:.string:_$P$T19$20)
                  0009238b    0000000e     ipc.obj (.econst:.string:_$P$T2$3)
                  00092399    0000000e     mem.obj (.econst:.string:_$P$T2$3)
                  000923a7    0000000e     shell.obj (.econst:.string:_$P$T2$4)
                  000923b5    0000000e     ipc.obj (.econst:.string:_$P$T20$21)
                  000923c3    0000000e     ipc.obj (.econst:.string:_$P$T29$30)
                  000923d1    0000000e     ipc.obj (.econst:.string:_$P$T3$4)
                  000923df    0000000e     ipc.obj (.econst:.string:_$P$T37$38)
                  000923ed    0000000e     ipc.obj (.econst:.string:_$P$T4$5)
                  000923fb    0000000e     timer.obj (.econst:.string:_$P$T5$7)
                  00092409    0000000e     ipc.obj (.econst:.string:_$P$T8$9)
                  00092417    0000000d     kservice.obj (.econst:.string:_$P$T0$1)
                  00092424    0000000d     thread.obj (.econst:.string:_$P$T1$2)
                  00092431    0000000d     ipc.obj (.econst:.string:_$P$T23$24)
                  0009243e    0000000d     ipc.obj (.econst:.string:_$P$T24$25)
                  0009244b    0000000d     ipc.obj (.econst:.string:_$P$T25$26)
                  00092458    0000000d     ipc.obj (.econst:.string:_$P$T27$28)
                  00092465    0000000d     shell.obj (.econst:.string:_$P$T3$5)
                  00092472    0000000d     ipc.obj (.econst:.string:_$P$T31$32)
                  0009247f    0000000d     ipc.obj (.econst:.string:_$P$T32$33)
                  0009248c    0000000d     ipc.obj (.econst:.string:_$P$T33$34)
                  00092499    0000000d     ipc.obj (.econst:.string:_$P$T35$36)
                  000924a6    0000000d     mem.obj (.econst:.string:_$P$T4$5)
                  000924b3    0000000c     ipc.obj (.econst:.string:_$P$T1$2)
                  000924bf    0000000c     ipc.obj (.econst:.string:_$P$T5$6)
                  000924cb    0000000b     mem.obj (.econst:.string:_$P$T0$1)
                  000924d6    0000000b     ipc.obj (.econst:.string:_$P$T22$23)
                  000924e1    0000000b     ipc.obj (.econst:.string:_$P$T28$29)
                  000924ec    0000000b     ipc.obj (.econst:.string:_$P$T30$31)
                  000924f7    0000000b     ipc.obj (.econst:.string:_$P$T36$37)
                  00092502    0000000a     drv_sci.obj (.econst:_c28x_uart_ops)
                  0009250c    00000009     drv_sci.obj (.econst:.string:_$P$T1$2)
                  00092515    00000001     --HOLE-- [fill = 0]
                  00092516    00000008     idle.obj (.econst:.string)
                  0009251e    00000008     components.obj (.econst)
                  00092526    00000005     application.obj (.econst:.string)
                  0009252b    00000001     --HOLE-- [fill = 0]
                  0009252c    00000005     board.obj (.econst:.string)
                  00092531    00000001     --HOLE-- [fill = 0]
                  00092532    00000004     drv_sci.obj (.econst:_$P$T2$3)
                  00092536    00000002     rts2800_ml.lib : fputs.c.obj (.econst:.string)
                  00092538    00000002     shell.obj (.econst)

AdcaResultFile 
*          1    00000b00    00000018     UNINITIALIZED
                  00000b00    00000018     F2837xD_GlobalVariableDefs.obj (AdcaResultFile)

AdcbResultFile 
*          1    00000b20    00000018     UNINITIALIZED
                  00000b20    00000018     F2837xD_GlobalVariableDefs.obj (AdcbResultFile)

AdccResultFile 
*          1    00000b40    00000018     UNINITIALIZED
                  00000b40    00000018     F2837xD_GlobalVariableDefs.obj (AdccResultFile)

AdcdResultFile 
*          1    00000b60    00000018     UNINITIALIZED
                  00000b60    00000018     F2837xD_GlobalVariableDefs.obj (AdcdResultFile)

CpuTimer0RegsFile 
*          1    00000c00    00000008     UNINITIALIZED
                  00000c00    00000008     F2837xD_GlobalVariableDefs.obj (CpuTimer0RegsFile)

CpuTimer1RegsFile 
*          1    00000c08    00000008     UNINITIALIZED
                  00000c08    00000008     F2837xD_GlobalVariableDefs.obj (CpuTimer1RegsFile)

CpuTimer2RegsFile 
*          1    00000c10    00000008     UNINITIALIZED
                  00000c10    00000008     F2837xD_GlobalVariableDefs.obj (CpuTimer2RegsFile)

PieCtrlRegsFile 
*          1    00000ce0    0000001a     UNINITIALIZED
                  00000ce0    0000001a     F2837xD_GlobalVariableDefs.obj (PieCtrlRegsFile)

PieVectTableFile 
*          1    00000d00    000001c0     UNINITIALIZED
                  00000d00    000001c0     F2837xD_GlobalVariableDefs.obj (PieVectTableFile)

EmuBModeVar 
*          1    00000d00    00000001     UNINITIALIZED
                  00000d00    00000001     F2837xD_GlobalVariableDefs.obj (EmuBModeVar)

EmuBootPinsVar 
*          1    00000d01    00000001     UNINITIALIZED
                  00000d01    00000001     F2837xD_GlobalVariableDefs.obj (EmuBootPinsVar)

DmaRegsFile 
*          1    00001000    000000e0     UNINITIALIZED
                  00001000    000000e0     F2837xD_GlobalVariableDefs.obj (DmaRegsFile)

Cla1RegsFile 
*          1    00001400    0000003e     UNINITIALIZED
                  00001400    0000003e     F2837xD_GlobalVariableDefs.obj (Cla1RegsFile)

EPwm1RegsFile 
*          1    00004000    00000100     UNINITIALIZED
                  00004000    00000100     F2837xD_GlobalVariableDefs.obj (EPwm1RegsFile)

EPwm2RegsFile 
*          1    00004100    00000100     UNINITIALIZED
                  00004100    00000100     F2837xD_GlobalVariableDefs.obj (EPwm2RegsFile)

EPwm3RegsFile 
*          1    00004200    00000100     UNINITIALIZED
                  00004200    00000100     F2837xD_GlobalVariableDefs.obj (EPwm3RegsFile)

EPwm4RegsFile 
*          1    00004300    00000100     UNINITIALIZED
                  00004300    00000100     F2837xD_GlobalVariableDefs.obj (EPwm4RegsFile)

EPwm5RegsFile 
*          1    00004400    00000100     UNINITIALIZED
                  00004400    00000100     F2837xD_GlobalVariableDefs.obj (EPwm5RegsFile)

EPwm6RegsFile 
*          1    00004500    00000100     UNINITIALIZED
                  00004500    00000100     F2837xD_GlobalVariableDefs.obj (EPwm6RegsFile)

EPwm7RegsFile 
*          1    00004600    00000100     UNINITIALIZED
                  00004600    00000100     F2837xD_GlobalVariableDefs.obj (EPwm7RegsFile)

EPwm8RegsFile 
*          1    00004700    00000100     UNINITIALIZED
                  00004700    00000100     F2837xD_GlobalVariableDefs.obj (EPwm8RegsFile)

EPwm9RegsFile 
*          1    00004800    00000100     UNINITIALIZED
                  00004800    00000100     F2837xD_GlobalVariableDefs.obj (EPwm9RegsFile)

EPwm10RegsFile 
*          1    00004900    00000100     UNINITIALIZED
                  00004900    00000100     F2837xD_GlobalVariableDefs.obj (EPwm10RegsFile)

EPwm11RegsFile 
*          1    00004a00    00000100     UNINITIALIZED
                  00004a00    00000100     F2837xD_GlobalVariableDefs.obj (EPwm11RegsFile)

EPwm12RegsFile 
*          1    00004b00    00000100     UNINITIALIZED
                  00004b00    00000100     F2837xD_GlobalVariableDefs.obj (EPwm12RegsFile)

ECap1RegsFile 
*          1    00005000    00000020     UNINITIALIZED
                  00005000    00000020     F2837xD_GlobalVariableDefs.obj (ECap1RegsFile)

ECap2RegsFile 
*          1    00005020    00000020     UNINITIALIZED
                  00005020    00000020     F2837xD_GlobalVariableDefs.obj (ECap2RegsFile)

ECap3RegsFile 
*          1    00005040    00000020     UNINITIALIZED
                  00005040    00000020     F2837xD_GlobalVariableDefs.obj (ECap3RegsFile)

ECap4RegsFile 
*          1    00005060    00000020     UNINITIALIZED
                  00005060    00000020     F2837xD_GlobalVariableDefs.obj (ECap4RegsFile)

ECap5RegsFile 
*          1    00005080    00000020     UNINITIALIZED
                  00005080    00000020     F2837xD_GlobalVariableDefs.obj (ECap5RegsFile)

ECap6RegsFile 
*          1    000050a0    00000020     UNINITIALIZED
                  000050a0    00000020     F2837xD_GlobalVariableDefs.obj (ECap6RegsFile)

EQep1RegsFile 
*          1    00005100    00000022     UNINITIALIZED
                  00005100    00000022     F2837xD_GlobalVariableDefs.obj (EQep1RegsFile)

EQep2RegsFile 
*          1    00005140    00000022     UNINITIALIZED
                  00005140    00000022     F2837xD_GlobalVariableDefs.obj (EQep2RegsFile)

EQep3RegsFile 
*          1    00005180    00000022     UNINITIALIZED
                  00005180    00000022     F2837xD_GlobalVariableDefs.obj (EQep3RegsFile)

DacaRegsFile 
*          1    00005c00    00000008     UNINITIALIZED
                  00005c00    00000008     F2837xD_GlobalVariableDefs.obj (DacaRegsFile)

DacbRegsFile 
*          1    00005c10    00000008     UNINITIALIZED
                  00005c10    00000008     F2837xD_GlobalVariableDefs.obj (DacbRegsFile)

DaccRegsFile 
*          1    00005c20    00000008     UNINITIALIZED
                  00005c20    00000008     F2837xD_GlobalVariableDefs.obj (DaccRegsFile)

Sdfm1RegsFile 
*          1    00005e00    00000080     UNINITIALIZED
                  00005e00    00000080     F2837xD_GlobalVariableDefs.obj (Sdfm1RegsFile)

Sdfm2RegsFile 
*          1    00005e80    00000080     UNINITIALIZED
                  00005e80    00000080     F2837xD_GlobalVariableDefs.obj (Sdfm2RegsFile)

McbspaRegsFile 
*          1    00006000    00000024     UNINITIALIZED
                  00006000    00000024     F2837xD_GlobalVariableDefs.obj (McbspaRegsFile)

McbspbRegsFile 
*          1    00006040    00000024     UNINITIALIZED
                  00006040    00000024     F2837xD_GlobalVariableDefs.obj (McbspbRegsFile)

SpiaRegsFile 
*          1    00006100    00000010     UNINITIALIZED
                  00006100    00000010     F2837xD_GlobalVariableDefs.obj (SpiaRegsFile)

SpibRegsFile 
*          1    00006110    00000010     UNINITIALIZED
                  00006110    00000010     F2837xD_GlobalVariableDefs.obj (SpibRegsFile)

SpicRegsFile 
*          1    00006120    00000010     UNINITIALIZED
                  00006120    00000010     F2837xD_GlobalVariableDefs.obj (SpicRegsFile)

UppRegsFile 
*          1    00006200    00000048     UNINITIALIZED
                  00006200    00000048     F2837xD_GlobalVariableDefs.obj (UppRegsFile)

WdRegsFile 
*          1    00007000    0000002b     UNINITIALIZED
                  00007000    0000002b     F2837xD_GlobalVariableDefs.obj (WdRegsFile)

NmiIntruptRegsFile 
*          1    00007060    00000007     UNINITIALIZED
                  00007060    00000007     F2837xD_GlobalVariableDefs.obj (NmiIntruptRegsFile)

XintRegsFile 
*          1    00007070    0000000b     UNINITIALIZED
                  00007070    0000000b     F2837xD_GlobalVariableDefs.obj (XintRegsFile)

SciaRegsFile 
*          1    00007200    00000010     UNINITIALIZED
                  00007200    00000010     F2837xD_GlobalVariableDefs.obj (SciaRegsFile)

ScibRegsFile 
*          1    00007210    00000010     UNINITIALIZED
                  00007210    00000010     F2837xD_GlobalVariableDefs.obj (ScibRegsFile)

ScicRegsFile 
*          1    00007220    00000010     UNINITIALIZED
                  00007220    00000010     F2837xD_GlobalVariableDefs.obj (ScicRegsFile)

ScidRegsFile 
*          1    00007230    00000010     UNINITIALIZED
                  00007230    00000010     F2837xD_GlobalVariableDefs.obj (ScidRegsFile)

I2caRegsFile 
*          1    00007300    00000022     UNINITIALIZED
                  00007300    00000022     F2837xD_GlobalVariableDefs.obj (I2caRegsFile)

I2cbRegsFile 
*          1    00007340    00000022     UNINITIALIZED
                  00007340    00000022     F2837xD_GlobalVariableDefs.obj (I2cbRegsFile)

AdcaRegsFile 
*          1    00007400    00000080     UNINITIALIZED
                  00007400    00000080     F2837xD_GlobalVariableDefs.obj (AdcaRegsFile)

AdcbRegsFile 
*          1    00007480    00000080     UNINITIALIZED
                  00007480    00000080     F2837xD_GlobalVariableDefs.obj (AdcbRegsFile)

AdccRegsFile 
*          1    00007500    00000080     UNINITIALIZED
                  00007500    00000080     F2837xD_GlobalVariableDefs.obj (AdccRegsFile)

AdcdRegsFile 
*          1    00007580    00000080     UNINITIALIZED
                  00007580    00000080     F2837xD_GlobalVariableDefs.obj (AdcdRegsFile)

CanaRegsFile 
*          1    00048000    00000164     UNINITIALIZED
                  00048000    00000164     F2837xD_GlobalVariableDefs.obj (CanaRegsFile)

CanbRegsFile 
*          1    0004a000    00000164     UNINITIALIZED
                  0004a000    00000164     F2837xD_GlobalVariableDefs.obj (CanbRegsFile)

AnalogSubsysRegsFile 
*          1    0005d180    00000048     UNINITIALIZED
                  0005d180    00000048     F2837xD_GlobalVariableDefs.obj (AnalogSubsysRegsFile)

Cla1SoftIntRegsFile 
*          1    00000ce0    00000004     DSECT
                  00000ce0    00000004     F2837xD_GlobalVariableDefs.obj (Cla1SoftIntRegsFile)

Cmpss1RegsFile 
*          1    00005c80    00000020     UNINITIALIZED
                  00005c80    00000020     F2837xD_GlobalVariableDefs.obj (Cmpss1RegsFile)

Cmpss2RegsFile 
*          1    00005ca0    00000020     UNINITIALIZED
                  00005ca0    00000020     F2837xD_GlobalVariableDefs.obj (Cmpss2RegsFile)

Cmpss3RegsFile 
*          1    00005cc0    00000020     UNINITIALIZED
                  00005cc0    00000020     F2837xD_GlobalVariableDefs.obj (Cmpss3RegsFile)

Cmpss4RegsFile 
*          1    00005ce0    00000020     UNINITIALIZED
                  00005ce0    00000020     F2837xD_GlobalVariableDefs.obj (Cmpss4RegsFile)

Cmpss5RegsFile 
*          1    00005d00    00000020     UNINITIALIZED
                  00005d00    00000020     F2837xD_GlobalVariableDefs.obj (Cmpss5RegsFile)

Cmpss6RegsFile 
*          1    00005d20    00000020     UNINITIALIZED
                  00005d20    00000020     F2837xD_GlobalVariableDefs.obj (Cmpss6RegsFile)

Cmpss7RegsFile 
*          1    00005d40    00000020     UNINITIALIZED
                  00005d40    00000020     F2837xD_GlobalVariableDefs.obj (Cmpss7RegsFile)

Cmpss8RegsFile 
*          1    00005d60    00000020     UNINITIALIZED
                  00005d60    00000020     F2837xD_GlobalVariableDefs.obj (Cmpss8RegsFile)

InputXbarRegsFile 
*          1    00007900    00000020     UNINITIALIZED
                  00007900    00000020     F2837xD_GlobalVariableDefs.obj (InputXbarRegsFile)

XbarRegsFile 
*          1    00007920    00000020     UNINITIALIZED
                  00007920    00000020     F2837xD_GlobalVariableDefs.obj (XbarRegsFile)

SyncSocRegsFile 
*          1    00007940    00000006     UNINITIALIZED
                  00007940    00000006     F2837xD_GlobalVariableDefs.obj (SyncSocRegsFile)

DmaClaSrcSelRegsFile 
*          1    00007980    0000001a     UNINITIALIZED
                  00007980    0000001a     F2837xD_GlobalVariableDefs.obj (DmaClaSrcSelRegsFile)

EPwmXbarRegsFile 
*          1    00007a00    00000040     UNINITIALIZED
                  00007a00    00000040     F2837xD_GlobalVariableDefs.obj (EPwmXbarRegsFile)

OutputXbarRegsFile 
*          1    00007a80    00000040     UNINITIALIZED
                  00007a80    00000040     F2837xD_GlobalVariableDefs.obj (OutputXbarRegsFile)

GpioCtrlRegsFile 
*          1    00007c00    00000180     UNINITIALIZED
                  00007c00    00000180     F2837xD_GlobalVariableDefs.obj (GpioCtrlRegsFile)

GpioDataRegsFile 
*          1    00007f00    00000030     UNINITIALIZED
                  00007f00    00000030     F2837xD_GlobalVariableDefs.obj (GpioDataRegsFile)

Emif1RegsFile 
*          1    00047000    00000070     UNINITIALIZED
                  00047000    00000070     F2837xD_GlobalVariableDefs.obj (Emif1RegsFile)

Emif2RegsFile 
*          1    00047800    00000070     UNINITIALIZED
                  00047800    00000070     F2837xD_GlobalVariableDefs.obj (Emif2RegsFile)

IpcRegsFile 
*          1    00050000    00000024     UNINITIALIZED
                  00050000    00000024     F2837xD_GlobalVariableDefs.obj (IpcRegsFile)

FlashPumpSemaphoreRegsFile 
*          1    00050024    00000002     UNINITIALIZED
                  00050024    00000002     F2837xD_GlobalVariableDefs.obj (FlashPumpSemaphoreRegsFile)

RomPrefetchRegsFile 
*          1    0005e608    00000002     UNINITIALIZED
                  0005e608    00000002     F2837xD_GlobalVariableDefs.obj (RomPrefetchRegsFile)

DcsmZ1RegsFile 
*          1    0005f000    00000024     UNINITIALIZED
                  0005f000    00000024     F2837xD_GlobalVariableDefs.obj (DcsmZ1RegsFile)

DcsmZ2RegsFile 
*          1    0005f040    00000024     UNINITIALIZED
                  0005f040    00000024     F2837xD_GlobalVariableDefs.obj (DcsmZ2RegsFile)

DcsmCommonRegsFile 
*          1    0005f070    00000008     UNINITIALIZED
                  0005f070    00000008     F2837xD_GlobalVariableDefs.obj (DcsmCommonRegsFile)

MemCfgRegsFile 
*          1    0005f400    00000080     UNINITIALIZED
                  0005f400    00000080     F2837xD_GlobalVariableDefs.obj (MemCfgRegsFile)

Emif1ConfigRegsFile 
*          1    0005f480    00000020     UNINITIALIZED
                  0005f480    00000020     F2837xD_GlobalVariableDefs.obj (Emif1ConfigRegsFile)

Emif2ConfigRegsFile 
*          1    0005f4a0    00000020     UNINITIALIZED
                  0005f4a0    00000020     F2837xD_GlobalVariableDefs.obj (Emif2ConfigRegsFile)

AccessProtectionRegsFile 
*          1    0005f4c0    00000040     UNINITIALIZED
                  0005f4c0    00000040     F2837xD_GlobalVariableDefs.obj (AccessProtectionRegsFile)

MemoryErrorRegsFile 
*          1    0005f500    00000040     UNINITIALIZED
                  0005f500    00000040     F2837xD_GlobalVariableDefs.obj (MemoryErrorRegsFile)

RomWaitStateRegsFile 
*          1    0005f540    00000002     UNINITIALIZED
                  0005f540    00000002     F2837xD_GlobalVariableDefs.obj (RomWaitStateRegsFile)

Flash0CtrlRegsFile 
*          1    0005f800    00000182     UNINITIALIZED
                  0005f800    00000182     F2837xD_GlobalVariableDefs.obj (Flash0CtrlRegsFile)

Flash0EccRegsFile 
*          1    0005fb00    00000028     UNINITIALIZED
                  0005fb00    00000028     F2837xD_GlobalVariableDefs.obj (Flash0EccRegsFile)

DevCfgRegsFile 
*          1    0005d000    0000012e     UNINITIALIZED
                  0005d000    0000012e     F2837xD_GlobalVariableDefs.obj (DevCfgRegsFile)

ClkCfgRegsFile 
*          1    0005d200    00000032     UNINITIALIZED
                  0005d200    00000032     F2837xD_GlobalVariableDefs.obj (ClkCfgRegsFile)

CpuSysRegsFile 
*          1    0005d300    00000082     UNINITIALIZED
                  0005d300    00000082     F2837xD_GlobalVariableDefs.obj (CpuSysRegsFile)

.text.1    0    00082144    00001ebc     
                  00082144    0000125f     ipc.obj (.text)
                  000833a3    000007f2     serial.obj (.text)
                  00083b95    00000431     thread.obj (.text)
                  00083fc6    00000034     components.obj (.text)
                  00083ffa    00000005     rts2800_ml.lib : strcpy.c.obj (.text)
                  00083fff    00000001                    : startup.c.obj (.text)

.text.2    0    00084000    00002000     
                  00084000    000007ac     kservice.obj (.text)
                  000847ac    00000640     cmd.obj (.text)
                  00084dec    00000555     shell.obj (.text)
                  00085341    00000487     F2837xD_SysCtrl.obj (.text)
                  000857c8    00000419     mem.obj (.text)
                  00085be1    000003d0     dataqueue.obj (.text)
                  00085fb1    00000047     board.obj (.text)
                  00085ff8    00000008     rts2800_ml.lib : strlen.c.obj (.text)

.text.3    0    00086004    00001b74     
                  00086004    00000384     timer.obj (.text)
                  00086388    000002c1     F2837xD_DefaultISR.obj (.text:retain)
                  00086649    0000026b     device.obj (.text)
                  000868b4    00000244     F2837xD_Gpio.obj (.text)
                  00086af8    00000205     msh.obj (.text)
                  00086cfd    000001ff     object.obj (.text)
                  00086efc    000001cb     drv_sci.obj (.text)
                  000870c7    00000193     scheduler.obj (.text)
                  0008725a    00000120     idle.obj (.text)
                  0008737a    0000011c     completion.obj (.text)
                  00087496    00000092     F2837xD_sci_io.obj (.text)
                  00087528    00000083     rts2800_ml.lib : fs_div28.asm.obj (.text)
                  000875ab    0000007e     context.obj (.text)
                  00087629    00000078     rts2800_ml.lib : fs_add28.asm.obj (.text)
                  000876a1    00000073     F2837xD_CpuTimers.obj (.text)
                  00087714    00000071     clock.obj (.text)
                  00087785    00000070     cpuport.obj (.text)
                  000877f5    0000005a     rts2800_ml.lib : fs_mpy28.asm.obj (.text)
                  0008784f    00000054                    : boot28.asm.obj (.text)
                  000878a3    0000002e     startup.obj (.text)
                  000878d1    0000002d     irq.obj (.text)
                  000878fe    0000002a     rts2800_ml.lib : l_div28.asm.obj (.text)
                  00087928    00000029                    : exit.c.obj (.text)
                  00087951    00000029                    : fs_tol28.asm.obj (.text)
                  0008797a    00000028     F2837xD_PieCtrl.obj (.text)
                  000879a2    00000026     F2837xD_PieVect.obj (.text)
                  000879c8    00000025     rts2800_ml.lib : fs_toi28.asm.obj (.text)
                  000879ed    00000024                    : cpy_tbl.c.obj (.text)
                  00087a11    0000001d     application.obj (.text)
                  00087a2e    0000001d     rts2800_ml.lib : memcpy.c.obj (.text)
                  00087a4b    0000001c     board.obj (.text:retain)
                  00087a67    0000001a     drv_sci.obj (.text:retain)
                  00087a81    0000001a     rts2800_ml.lib : i_tofs28.asm.obj (.text)
                  00087a9b    0000001a                    : l_tofs28.asm.obj (.text)
                  00087ab5    00000018                    : ll_aox28.asm.obj (.text)
                  00087acd    00000017                    : fs_cmp28.asm.obj (.text)
                  00087ae4    00000016                    : strncmp.c.obj (.text)
                  00087afa    00000015                    : strncpy.c.obj (.text)
                  00087b0f    00000013                    : memcmp.c.obj (.text)
                  00087b22    00000013                    : ul_tofs28.asm.obj (.text)
                  00087b35    00000011                    : args_main.c.obj (.text)
                  00087b46    00000010                    : u_tofs28.asm.obj (.text)
                  00087b56    0000000b                    : u_div28.asm.obj (.text)
                  00087b61    00000009                    : _lock.c.obj (.text)
                  00087b6a    00000009                    : strcat.c.obj (.text)
                  00087b73    00000003     F2837xD_DBGIER.obj (.text)
                  00087b76    00000002     rts2800_ml.lib : pre_init.c.obj (.text)

.ebss      1    0000a800    0000074b     UNINITIALIZED
                  0000a800    00000400     idle.obj (.ebss:_rt_thread_stack)
                  0000ac00    0000009c     drv_sci.obj (.ebss:_uart_obj)
                  0000ac9c    00000024     kservice.obj (.ebss)
                  0000acc0    00000081     shell.obj (.ebss:_finsh_prompt$1)
                  0000ad41    00000001     F2837xD_sci_io.obj (.ebss)
                  0000ad42    00000020     scheduler.obj (.ebss:_rt_thread_priority_table)
                  0000ad62    0000001e     F2837xD_struct.obj (.ebss:_TRIP_SEL)
                  0000ad80    00000080     kservice.obj (.ebss:_rt_log_buf$4)
                  0000ae00    00000050     object.obj (.ebss:__object_container)
                  0000ae50    0000001a     F2837xD_struct.obj (.ebss:_EPWM)
                  0000ae6a    0000000e     F2837xD_struct.obj (.ebss:_ECAP)
                  0000ae78    00000008     F2837xD_struct.obj (.ebss:_EQEP)
                  0000ae80    00000048     idle.obj (.ebss:_idle)
                  0000aec8    00000018     F2837xD_CpuTimers.obj (.ebss)
                  0000aee0    0000000a     F2837xD_struct.obj (.ebss:_ADC)
                  0000aeea    0000000a     shell.obj (.ebss)
                  0000aef4    00000008     F2837xD_struct.obj (.ebss:_SPI)
                  0000aefc    00000004     F2837xD_struct.obj (.ebss:_I2C)
                  0000af00    00000008     idle.obj (.ebss:_idle_hook_list)
                  0000af08    00000008     cpuport.obj (.ebss)
                  0000af10    00000006     F2837xD_TempSensorConv.obj (.ebss)
                  0000af16    00000006     F2837xD_struct.obj (.ebss:_SDFM)
                  0000af1c    00000006     rts2800_ml.lib : exit.c.obj (.ebss)
                  0000af22    00000006     scheduler.obj (.ebss)
                  0000af28    00000004     F2837xD_struct.obj (.ebss:_MCBSP)
                  0000af2c    00000004     F2837xD_struct.obj (.ebss:_SCI)
                  0000af30    00000004     timer.obj (.ebss:__timer_list)
                  0000af34    00000004     idle.obj (.ebss)
                  0000af38    00000004     irq.obj (.ebss)
                  0000af3c    00000004     rts2800_ml.lib : memory.c.obj (.ebss)
                  0000af40    00000002                    : _lock.c.obj (.ebss:__lock)
                  0000af42    00000002                    : _lock.c.obj (.ebss:__unlock)
                  0000af44    00000002     clock.obj (.ebss)
                  0000af46    00000001     rts2800_ml.lib : defs.c.obj (.ebss)
                  0000af47    00000001                    : fopen.c.obj (.ebss)
                  0000af48    00000001                    : open.c.obj (.ebss)
                  0000af49    00000001     serial.obj (.ebss)
                  0000af4a    00000001     timer.obj (.ebss)

MODULE SUMMARY

       Module                           code    initialized data   uninitialized data
       ------                           ----    ----------------   ------------------
    .\Kernel\
       ipc.obj                          4703    1747               0                 
       kservice.obj                     1964    581                164               
       mem.obj                          1049    1096               0                 
       thread.obj                       1073    594                0                 
       idle.obj                         288     15                 1108              
       timer.obj                        900     364                5                 
       device.obj                       619     374                0                 
       object.obj                       511     349                80                
       scheduler.obj                    403     75                 38                
       mempool.obj                      0       325                0                 
       clock.obj                        113     5                  2                 
       components.obj                   52      8                  0                 
       irq.obj                          45      4                  4                 
    +--+--------------------------------+-------+------------------+--------------------+
       Total:                           11720   5537               1401              
                                                                                     
    .\applications\
       startup.obj                      46      76                 0                 
       application.obj                  29      5                  0                 
    +--+--------------------------------+-------+------------------+--------------------+
       Total:                           75      81                 0                 
                                                                                     
    .\c28x\
       cpuport.obj                      112     40                 8                 
       context.obj                      126     0                  0                 
    +--+--------------------------------+-------+------------------+--------------------+
       Total:                           238     40                 8                 
                                                                                     
    .\drivers\
       serial.obj                       2034    704                1                 
       dataqueue.obj                    976     370                0                 
       drv_sci.obj                      485     110                156               
       completion.obj                   284     266                0                 
       board.obj                        99      5                  0                 
       queue.obj                        0       81                 0                 
    +--+--------------------------------+-------+------------------+--------------------+
       Total:                           3878    1536               157               
                                                                                     
    .\finsh\
       cmd.obj                          1600    1571               0                 
       shell.obj                        1365    275                139               
       msh.obj                          517     158                0                 
    +--+--------------------------------+-------+------------------+--------------------+
       Total:                           3482    2004               139               
                                                                                     
    .\libraries\common\source\
       F2837xD_SysCtrl.obj              1159    0                  0                 
       F2837xD_DefaultISR.obj           705     0                  0                 
       F2837xD_Gpio.obj                 580     0                  0                 
       F2837xD_PieVect.obj              38      448                0                 
       F2837xD_struct.obj               0       144                114               
       F2837xD_sci_io.obj               146     4                  1                 
       F2837xD_CpuTimers.obj            115     0                  24                
       F2837xD_Ipc_Driver.obj           0       0                  136               
       F2837xD_PieCtrl.obj              40      0                  0                 
       F2837xD_usDelay.obj              8       0                  0                 
       F2837xD_TempSensorConv.obj       0       0                  6                 
       F2837xD_DBGIER.obj               3       0                  0                 
       F2837xD_CodeStartBranch.obj      2       0                  0                 
    +--+--------------------------------+-------+------------------+--------------------+
       Total:                           2796    596                281               
                                                                                     
    .\libraries\headers\source\
       F2837xD_GlobalVariableDefs.obj   0       0                  8695              
    +--+--------------------------------+-------+------------------+--------------------+
       Total:                           0       0                  8695              
                                                                                     
    D:\ti\ccs1120\ccs\tools\compiler\ti-cgt-c2000_22.6.0.LTS\lib\rts2800_ml.lib
       trgmsg.c.obj                     0       0                  288               
       fs_div28.asm.obj                 131     0                  0                 
       fs_add28.asm.obj                 120     0                  0                 
       fs_mpy28.asm.obj                 90      0                  0                 
       boot28.asm.obj                   84      0                  0                 
       exit.c.obj                       41      14                 6                 
       l_div28.asm.obj                  42      0                  0                 
       fs_tol28.asm.obj                 41      0                  0                 
       fs_toi28.asm.obj                 37      0                  0                 
       cpy_tbl.c.obj                    36      0                  0                 
       memcpy.c.obj                     29      0                  0                 
       i_tofs28.asm.obj                 26      0                  0                 
       l_tofs28.asm.obj                 26      0                  0                 
       ll_aox28.asm.obj                 24      0                  0                 
       _lock.c.obj                      9       10                 4                 
       fs_cmp28.asm.obj                 23      0                  0                 
       strncmp.c.obj                    22      0                  0                 
       strncpy.c.obj                    21      0                  0                 
       memcmp.c.obj                     19      0                  0                 
       ul_tofs28.asm.obj                19      0                  0                 
       args_main.c.obj                  17      0                  0                 
       u_tofs28.asm.obj                 16      0                  0                 
       u_div28.asm.obj                  11      0                  0                 
       strcat.c.obj                     9       0                  0                 
       memory.c.obj                     0       4                  4                 
       strlen.c.obj                     8       0                  0                 
       defs.c.obj                       0       4                  1                 
       fopen.c.obj                      0       4                  1                 
       open.c.obj                       0       4                  1                 
       strcpy.c.obj                     5       0                  0                 
       fputs.c.obj                      0       2                  0                 
       pre_init.c.obj                   2       0                  0                 
       startup.c.obj                    1       0                  0                 
    +--+--------------------------------+-------+------------------+--------------------+
       Total:                           909     42                 305               
                                                                                     
       Heap:                            0       0                  1024              
       Stack:                           0       0                  1024              
    +--+--------------------------------+-------+------------------+--------------------+
       Grand Total:                     23098   9836               13034             


GLOBAL DATA SYMBOLS: SORTED BY DATA PAGE

address     data page           name
--------    ----------------    ----
00000400      10 (00000400)     __stack

00000b00      2c (00000b00)     _AdcaResultRegs
00000b20      2c (00000b00)     _AdcbResultRegs

00000b40      2d (00000b40)     _AdccResultRegs
00000b60      2d (00000b40)     _AdcdResultRegs

00000c00      30 (00000c00)     _CpuTimer0Regs
00000c08      30 (00000c00)     _CpuTimer1Regs
00000c10      30 (00000c00)     _CpuTimer2Regs

00000ce0      33 (00000cc0)     _Cla1SoftIntRegs
00000ce0      33 (00000cc0)     _PieCtrlRegs

00000d00      34 (00000d00)     _EmuBMode
00000d00      34 (00000d00)     _PieVectTable
00000d01      34 (00000d00)     _EmuBootPins

00001000      40 (00001000)     _DmaRegs

00001400      50 (00001400)     _Cla1Regs

00004000     100 (00004000)     _EPwm1Regs

00004100     104 (00004100)     _EPwm2Regs

00004200     108 (00004200)     _EPwm3Regs

00004300     10c (00004300)     _EPwm4Regs

00004400     110 (00004400)     _EPwm5Regs

00004500     114 (00004500)     _EPwm6Regs

00004600     118 (00004600)     _EPwm7Regs

00004700     11c (00004700)     _EPwm8Regs

00004800     120 (00004800)     _EPwm9Regs

00004900     124 (00004900)     _EPwm10Regs

00004a00     128 (00004a00)     _EPwm11Regs

00004b00     12c (00004b00)     _EPwm12Regs

00005000     140 (00005000)     _ECap1Regs
00005020     140 (00005000)     _ECap2Regs

00005040     141 (00005040)     _ECap3Regs
00005060     141 (00005040)     _ECap4Regs

00005080     142 (00005080)     _ECap5Regs
000050a0     142 (00005080)     _ECap6Regs

00005100     144 (00005100)     _EQep1Regs

00005140     145 (00005140)     _EQep2Regs

00005180     146 (00005180)     _EQep3Regs

00005c00     170 (00005c00)     _DacaRegs
00005c10     170 (00005c00)     _DacbRegs
00005c20     170 (00005c00)     _DaccRegs

00005c80     172 (00005c80)     _Cmpss1Regs
00005ca0     172 (00005c80)     _Cmpss2Regs

00005cc0     173 (00005cc0)     _Cmpss3Regs
00005ce0     173 (00005cc0)     _Cmpss4Regs

00005d00     174 (00005d00)     _Cmpss5Regs
00005d20     174 (00005d00)     _Cmpss6Regs

00005d40     175 (00005d40)     _Cmpss7Regs
00005d60     175 (00005d40)     _Cmpss8Regs

00005e00     178 (00005e00)     _Sdfm1Regs

00005e80     17a (00005e80)     _Sdfm2Regs

00006000     180 (00006000)     _McbspaRegs

00006040     181 (00006040)     _McbspbRegs

00006100     184 (00006100)     _SpiaRegs
00006110     184 (00006100)     _SpibRegs
00006120     184 (00006100)     _SpicRegs

00006200     188 (00006200)     _UppRegs

00007000     1c0 (00007000)     _WdRegs

00007060     1c1 (00007040)     _NmiIntruptRegs
00007070     1c1 (00007040)     _XintRegs

00007200     1c8 (00007200)     _SciaRegs
00007210     1c8 (00007200)     _ScibRegs
00007220     1c8 (00007200)     _ScicRegs
00007230     1c8 (00007200)     _ScidRegs

00007300     1cc (00007300)     _I2caRegs

00007340     1cd (00007340)     _I2cbRegs

00007400     1d0 (00007400)     _AdcaRegs

00007480     1d2 (00007480)     _AdcbRegs

00007500     1d4 (00007500)     _AdccRegs

00007580     1d6 (00007580)     _AdcdRegs

00007900     1e4 (00007900)     _InputXbarRegs
00007920     1e4 (00007900)     _XbarRegs

00007940     1e5 (00007940)     _SyncSocRegs

00007980     1e6 (00007980)     _DmaClaSrcSelRegs

00007a00     1e8 (00007a00)     _EPwmXbarRegs

00007a80     1ea (00007a80)     _OutputXbarRegs

00007c00     1f0 (00007c00)     _GpioCtrlRegs

00007f00     1fc (00007f00)     _GpioDataRegs

0000aca6     2b2 (0000ac80)     _rt_assert_hook

0000ad41     2b5 (0000ad40)     _deviceOpen
0000ad42     2b5 (0000ad40)     _rt_thread_priority_table
0000ad62     2b5 (0000ad40)     _TRIP_SEL

0000ae50     2b9 (0000ae40)     _EPWM
0000ae6a     2b9 (0000ae40)     _ECAP
0000ae78     2b9 (0000ae40)     _EQEP

0000aec8     2bb (0000aec0)     _CpuTimer0
0000aed0     2bb (0000aec0)     _CpuTimer1
0000aed8     2bb (0000aec0)     _CpuTimer2
0000aee0     2bb (0000aec0)     _ADC
0000aeea     2bb (0000aec0)     _shell
0000aeee     2bb (0000aec0)     _global_syscall_list
0000aef0     2bb (0000aec0)     __syscall_table_begin
0000aef2     2bb (0000aec0)     __syscall_table_end
0000aef4     2bb (0000aec0)     _SPI
0000aefc     2bb (0000aec0)     _I2C

0000af08     2bc (0000af00)     _rt_interrupt_from_thread
0000af0a     2bc (0000af00)     _rt_interrupt_to_thread
0000af0c     2bc (0000af00)     _rt_thread_switch_interrupt_flag
0000af10     2bc (0000af00)     _tempSensor_tempSlope
0000af12     2bc (0000af00)     _tempSensor_tempOffset
0000af14     2bc (0000af00)     _tempSensor_scaleFactor
0000af16     2bc (0000af00)     _SDFM
0000af1c     2bc (0000af00)     ___TI_enable_exit_profile_output
0000af1e     2bc (0000af00)     ___TI_cleanup_ptr
0000af20     2bc (0000af00)     ___TI_dtors_ptr
0000af23     2bc (0000af00)     _rt_current_priority
0000af24     2bc (0000af00)     _rt_thread_ready_priority_group
0000af26     2bc (0000af00)     _rt_current_thread
0000af28     2bc (0000af00)     _MCBSP
0000af2c     2bc (0000af00)     _SCI
0000af38     2bc (0000af00)     _rt_interrupt_nest

0000af40     2bd (0000af40)     __lock
0000af42     2bd (0000af40)     __unlock
0000af46     2bd (0000af40)     ___TI_ft_end

0000b800     2e0 (0000b800)     __CIOBUF_

0000e000     380 (0000e000)     __sys_memory

0003f800     fe0 (0003f800)     _g_asIPCCPU2toCPU1Buffers

0003f880     fe2 (0003f880)     _g_usGetWriteIndexes
0003f884     fe2 (0003f880)     _g_usPutReadIndexes

0003fc00     ff0 (0003fc00)     _g_asIPCCPU1toCPU2Buffers

0003fc80     ff2 (0003fc80)     _g_usPutWriteIndexes
0003fc84     ff2 (0003fc80)     _g_usGetReadIndexes

00047000    11c0 (00047000)     _Emif1Regs

00047800    11e0 (00047800)     _Emif2Regs

00048000    1200 (00048000)     _CanaRegs

0004a000    1280 (0004a000)     _CanbRegs

00050000    1400 (00050000)     _IpcRegs
00050024    1400 (00050000)     _FlashPumpSemaphoreRegs

0005d000    1740 (0005d000)     _DevCfgRegs

0005d180    1746 (0005d180)     _AnalogSubsysRegs

0005d200    1748 (0005d200)     _ClkCfgRegs

0005d300    174c (0005d300)     _CpuSysRegs

0005e608    1798 (0005e600)     _RomPrefetchRegs

0005f000    17c0 (0005f000)     _DcsmZ1Regs

0005f040    17c1 (0005f040)     _DcsmZ2Regs
0005f070    17c1 (0005f040)     _DcsmCommonRegs

0005f400    17d0 (0005f400)     _MemCfgRegs

0005f480    17d2 (0005f480)     _Emif1ConfigRegs
0005f4a0    17d2 (0005f480)     _Emif2ConfigRegs

0005f4c0    17d3 (0005f4c0)     _AccessProtectionRegs

0005f500    17d4 (0005f500)     _MemoryErrorRegs

0005f540    17d5 (0005f540)     _RomWaitStateRegs

0005f800    17e0 (0005f800)     _Flash0CtrlRegs

0005fb00    17ec (0005fb00)     _Flash0EccRegs

00090eae    243a (00090e80)     _PieVectTableInit

000914dd    2453 (000914c0)     ___lowest_bit_bitmap

0009251e    2494 (00092500)     ___rt_init_rti_start
00092520    2494 (00092500)     ___rt_init_rti_board_start
00092522    2494 (00092500)     ___rt_init_rti_board_end
00092524    2494 (00092500)     ___rt_init_rti_end
00092538    2494 (00092500)     ___rt_init_finsh_system_init


GLOBAL SYMBOLS: SORTED ALPHABETICALLY BY Name 

page  address   name                                  
----  -------   ----                                  
abs   ffffffff  .text                                 
0     00087928  C$$EXIT                               
0     0008762e  FS$$ADD                               
0     00087acd  FS$$CMP                               
0     00087528  FS$$DIV                               
0     000877f5  FS$$MPY                               
0     00087629  FS$$SUB                               
0     000879c8  FS$$TOI                               
0     00087951  FS$$TOL                               
0     00087a81  I$$TOFS                               
0     000878fe  L$$DIV                                
0     0008790d  L$$MOD                                
0     00087a9b  L$$TOFS                               
0     00087ab5  LL$$AND                               
0     00087abd  LL$$OR                                
0     00087ac5  LL$$XOR                               
0     00087b56  U$$DIV                                
0     00087b5b  U$$MOD                                
0     00087b46  U$$TOFS                               
0     0008791b  UL$$DIV                               
0     00087922  UL$$MOD                               
0     00087b22  UL$$TOFS                              
1     0000aee0  _ADC                                  
0     000863e7  _ADCA1_ISR                            
0     00086527  _ADCA2_ISR                            
0     0008652c  _ADCA3_ISR                            
0     00086531  _ADCA4_ISR                            
0     00086522  _ADCA_EVT_ISR                         
0     000863ec  _ADCB1_ISR                            
0     0008653b  _ADCB2_ISR                            
0     00086540  _ADCB3_ISR                            
0     00086545  _ADCB4_ISR                            
0     00086536  _ADCB_EVT_ISR                         
0     000863f1  _ADCC1_ISR                            
0     000865ef  _ADCC2_ISR                            
0     000865f4  _ADCC3_ISR                            
0     000865f9  _ADCC4_ISR                            
0     000865ea  _ADCC_EVT_ISR                         
0     00086400  _ADCD1_ISR                            
0     00086603  _ADCD2_ISR                            
0     00086608  _ADCD3_ISR                            
0     0008660d  _ADCD4_ISR                            
0     000865fe  _ADCD_EVT_ISR                         
0     0008662b  _AUX_PLL_SLIP_ISR                     
1     0005f4c0  _AccessProtectionRegs                 
1     00007400  _AdcaRegs                             
1     00000b00  _AdcaResultRegs                       
1     00007480  _AdcbRegs                             
1     00000b20  _AdcbResultRegs                       
1     00007500  _AdccRegs                             
1     00000b40  _AdccResultRegs                       
1     00007580  _AdcdRegs                             
1     00000b60  _AdcdResultRegs                       
1     0005d180  _AnalogSubsysRegs                     
0     00085774  _AuxAuxClkSel                         
0     0008575e  _AuxIntOsc2Sel                        
0     00085768  _AuxXtalOscSel                        
0     0008650e  _CANA0_ISR                            
0     00086513  _CANA1_ISR                            
0     00086518  _CANB0_ISR                            
0     0008651d  _CANB1_ISR                            
0     0008654a  _CLA1_1_ISR                           
0     0008654f  _CLA1_2_ISR                           
0     00086554  _CLA1_3_ISR                           
0     00086559  _CLA1_4_ISR                           
0     0008655e  _CLA1_5_ISR                           
0     00086563  _CLA1_6_ISR                           
0     00086568  _CLA1_7_ISR                           
0     0008656d  _CLA1_8_ISR                           
0     00086630  _CLA_OVERFLOW_ISR                     
0     00086635  _CLA_UNDERFLOW_ISR                    
1     00048000  _CanaRegs                             
1     0004a000  _CanbRegs                             
1     00001400  _Cla1Regs                             
0     00000ce0  _Cla1SoftIntRegs                      
1     0005d200  _ClkCfgRegs                           
1     00005c80  _Cmpss1Regs                           
1     00005ca0  _Cmpss2Regs                           
1     00005cc0  _Cmpss3Regs                           
1     00005ce0  _Cmpss4Regs                           
1     00005d00  _Cmpss5Regs                           
1     00005d20  _Cmpss6Regs                           
1     00005d40  _Cmpss7Regs                           
1     00005d60  _Cmpss8Regs                           
0     000876e2  _ConfigCpuTimer                       
1     0005d300  _CpuSysRegs                           
1     0000aec8  _CpuTimer0                            
1     00000c00  _CpuTimer0Regs                        
1     0000aed0  _CpuTimer1                            
1     00000c08  _CpuTimer1Regs                        
1     0000aed8  _CpuTimer2                            
1     00000c10  _CpuTimer2Regs                        
0     00085719  _CsmUnlock                            
0     00086392  _DATALOG_ISR                          
0     000864b4  _DMA_CH1_ISR                          
0     000864b9  _DMA_CH2_ISR                          
0     000864be  _DMA_CH3_ISR                          
0     000864c3  _DMA_CH4_ISR                          
0     000864c8  _DMA_CH5_ISR                          
0     000864cd  _DMA_CH6_ISR                          
1     00005c00  _DacaRegs                             
1     00005c10  _DacbRegs                             
1     00005c20  _DaccRegs                             
1     0005f070  _DcsmCommonRegs                       
1     0005f000  _DcsmZ1Regs                           
1     0005f040  _DcsmZ2Regs                           
1     0005d000  _DevCfgRegs                           
0     00085435  _DisableDog                           
0     000853f6  _DisablePeripheralClocks              
1     00007980  _DmaClaSrcSelRegs                     
1     00001000  _DmaRegs                              
1     0000ae6a  _ECAP                                 
0     0008645f  _ECAP1_ISR                            
0     00086464  _ECAP2_ISR                            
0     00086469  _ECAP3_ISR                            
0     0008646e  _ECAP4_ISR                            
0     00086473  _ECAP5_ISR                            
0     00086478  _ECAP6_ISR                            
1     00005000  _ECap1Regs                            
1     00005020  _ECap2Regs                            
1     00005040  _ECap3Regs                            
1     00005060  _ECap4Regs                            
1     00005080  _ECap5Regs                            
1     000050a0  _ECap6Regs                            
0     00086612  _EMIF_ERROR_ISR                       
0     0008663f  _EMPTY_ISR                            
0     0008639c  _EMU_ISR                              
1     0000ae50  _EPWM                                 
0     000865bd  _EPWM10_ISR                           
0     000865a9  _EPWM10_TZ_ISR                        
0     000865c2  _EPWM11_ISR                           
0     000865ae  _EPWM11_TZ_ISR                        
0     000865c7  _EPWM12_ISR                           
0     000865b3  _EPWM12_TZ_ISR                        
0     00086437  _EPWM1_ISR                            
0     0008640f  _EPWM1_TZ_ISR                         
0     0008643c  _EPWM2_ISR                            
0     00086414  _EPWM2_TZ_ISR                         
0     00086441  _EPWM3_ISR                            
0     00086419  _EPWM3_TZ_ISR                         
0     00086446  _EPWM4_ISR                            
0     0008641e  _EPWM4_TZ_ISR                         
0     0008644b  _EPWM5_ISR                            
0     00086423  _EPWM5_TZ_ISR                         
0     00086450  _EPWM6_ISR                            
0     00086428  _EPWM6_TZ_ISR                         
0     00086455  _EPWM7_ISR                            
0     0008642d  _EPWM7_TZ_ISR                         
0     0008645a  _EPWM8_ISR                            
0     00086432  _EPWM8_TZ_ISR                         
0     000865b8  _EPWM9_ISR                            
0     000865a4  _EPWM9_TZ_ISR                         
1     00004900  _EPwm10Regs                           
1     00004a00  _EPwm11Regs                           
1     00004b00  _EPwm12Regs                           
1     00004000  _EPwm1Regs                            
1     00004100  _EPwm2Regs                            
1     00004200  _EPwm3Regs                            
1     00004300  _EPwm4Regs                            
1     00004400  _EPwm5Regs                            
1     00004500  _EPwm6Regs                            
1     00004600  _EPwm7Regs                            
1     00004700  _EPwm8Regs                            
1     00004800  _EPwm9Regs                            
1     00007a00  _EPwmXbarRegs                         
1     0000ae78  _EQEP                                 
0     0008647d  _EQEP1_ISR                            
0     00086482  _EQEP2_ISR                            
0     00086487  _EQEP3_ISR                            
1     00005100  _EQep1Regs                            
1     00005140  _EQep2Regs                            
1     00005180  _EQep3Regs                            
1     0005f480  _Emif1ConfigRegs                      
1     00047000  _Emif1Regs                            
1     0005f4a0  _Emif2ConfigRegs                      
1     00047800  _Emif2Regs                            
1     00000d00  _EmuBMode                             
1     00000d01  _EmuBootPins                          
0     00087999  _EnableInterrupts                     
0     00008000  _F28x_usDelay                         
0     0008661c  _FLASH_CORRECTABLE_ERROR_ISR          
0     00086586  _FPU_OVERFLOW_ISR                     
0     0008658b  _FPU_UNDERFLOW_ISR                    
1     0005f800  _Flash0CtrlRegs                       
1     0005fb00  _Flash0EccRegs                        
1     00050024  _FlashPumpSemaphoreRegs               
0     00086aad  _GPIO_EnableUnbondedIOPullups         
0     00086a88  _GPIO_EnableUnbondedIOPullupsFor100Pin
0     00086a6f  _GPIO_EnableUnbondedIOPullupsFor176Pin
0     00086ac3  _GPIO_ReadPin                         
0     00086a14  _GPIO_SetupLock                       
0     000868f4  _GPIO_SetupPinMux                     
0     00086980  _GPIO_SetupPinOptions                 
0     00086a3d  _GPIO_SetupXINT1Gpio                  
0     00086a47  _GPIO_SetupXINT2Gpio                  
0     00086a51  _GPIO_SetupXINT3Gpio                  
0     00086a5b  _GPIO_SetupXINT4Gpio                  
0     00086a65  _GPIO_SetupXINT5Gpio                  
0     00086ada  _GPIO_WritePin                        
1     00007c00  _GpioCtrlRegs                         
1     00007f00  _GpioDataRegs                         
0     00085792  _HALT                                 
0     000857ab  _HIB                                  
1     0000aefc  _I2C                                  
0     000864d7  _I2CA_FIFO_ISR                        
0     000864d2  _I2CA_ISR                             
0     000864e1  _I2CB_FIFO_ISR                        
0     000864dc  _I2CB_ISR                             
1     00007300  _I2caRegs                             
1     00007340  _I2cbRegs                             
0     0008577e  _IDLE                                 
0     000863a6  _ILLEGAL_ISR                          
0     00086590  _IPC0_ISR                             
0     00086595  _IPC1_ISR                             
0     0008659a  _IPC2_ISR                             
0     0008659f  _IPC3_ISR                             
0     00085632  _InitAuxPll                           
0     000876a1  _InitCpuTimers                        
0     000868b4  _InitGpio                             
0     00085372  _InitPeripheralClocks                 
0     0008797a  _InitPieCtrl                          
0     000879a2  _InitPieVectTable                     
0     00085341  _InitSysCtrl                          
0     00085443  _InitSysPll                           
1     00007900  _InputXbarRegs                        
1     00050000  _IpcRegs                              
1     0000af28  _MCBSP                                
0     000864a0  _MCBSPA_RX_ISR                        
0     000864a5  _MCBSPA_TX_ISR                        
0     000864aa  _MCBSPB_RX_ISR                        
0     000864af  _MCBSPB_TX_ISR                        
[...]
0     00086509  _SCIB_TX_ISR                          
0     0008650e  _CANA0_ISR                            
0     00086513  _CANA1_ISR                            
0     00086518  _CANB0_ISR                            
0     0008651d  _CANB1_ISR                            
0     00086522  _ADCA_EVT_ISR                         
0     00086527  _ADCA2_ISR                            
0     0008652c  _ADCA3_ISR                            
0     00086531  _ADCA4_ISR                            
0     00086536  _ADCB_EVT_ISR                         
0     0008653b  _ADCB2_ISR                            
0     00086540  _ADCB3_ISR                            
0     00086545  _ADCB4_ISR                            
0     0008654a  _CLA1_1_ISR                           
0     0008654f  _CLA1_2_ISR                           
0     00086554  _CLA1_3_ISR                           
0     00086559  _CLA1_4_ISR                           
0     0008655e  _CLA1_5_ISR                           
0     00086563  _CLA1_6_ISR                           
0     00086568  _CLA1_7_ISR                           
0     0008656d  _CLA1_8_ISR                           
0     00086572  _XINT3_ISR                            
0     00086577  _XINT4_ISR                            
0     0008657c  _XINT5_ISR                            
0     00086581  _VCU_ISR                              
0     00086586  _FPU_OVERFLOW_ISR                     
0     0008658b  _FPU_UNDERFLOW_ISR                    
0     00086590  _IPC0_ISR                             
0     00086595  _IPC1_ISR                             
0     0008659a  _IPC2_ISR                             
0     0008659f  _IPC3_ISR                             
0     000865a4  _EPWM9_TZ_ISR                         
0     000865a9  _EPWM10_TZ_ISR                        
0     000865ae  _EPWM11_TZ_ISR                        
0     000865b3  _EPWM12_TZ_ISR                        
0     000865b8  _EPWM9_ISR                            
0     000865bd  _EPWM10_ISR                           
0     000865c2  _EPWM11_ISR                           
0     000865c7  _EPWM12_ISR                           
0     000865cc  _SD1_ISR                              
0     000865d1  _SD2_ISR                              
0     000865d6  _SPIC_RX_ISR                          
0     000865db  _SPIC_TX_ISR                          
0     000865e0  _UPPA_ISR                             
0     000865e5  _USBA_ISR                             
0     000865ea  _ADCC_EVT_ISR                         
0     000865ef  _ADCC2_ISR                            
0     000865f4  _ADCC3_ISR                            
0     000865f9  _ADCC4_ISR                            
0     000865fe  _ADCD_EVT_ISR                         
0     00086603  _ADCD2_ISR                            
0     00086608  _ADCD3_ISR                            
0     0008660d  _ADCD4_ISR                            
0     00086612  _EMIF_ERROR_ISR                       
0     00086617  _RAM_CORRECTABLE_ERROR_ISR            
0     0008661c  _FLASH_CORRECTABLE_ERROR_ISR          
0     00086621  _RAM_ACCESS_VIOLATION_ISR             
0     00086626  _SYS_PLL_SLIP_ISR                     
0     0008662b  _AUX_PLL_SLIP_ISR                     
0     00086630  _CLA_OVERFLOW_ISR                     
0     00086635  _CLA_UNDERFLOW_ISR                    
0     0008663a  _PIE_RESERVED_ISR                     
0     0008663f  _EMPTY_ISR                            
0     00086644  _NOTUSED_ISR                          
0     00086649  _rt_device_register                   
0     0008666f  _rt_device_unregister                 
0     00086698  _rt_device_find                       
0     0008669f  _rt_device_create                     
0     000866bc  _rt_device_destroy                    
0     000866e7  _rt_device_init                       
0     0008670f  _rt_device_open                       
0     00086782  _rt_device_close                      
0     000867c9  _rt_device_read                       
0     00086806  _rt_device_write                      
0     00086843  _rt_device_control                    
0     00086870  _rt_device_set_rx_indicate            
0     00086892  _rt_device_set_tx_complete            
0     000868b4  _InitGpio                             
0     000868f4  _GPIO_SetupPinMux                     
0     00086980  _GPIO_SetupPinOptions                 
0     00086a14  _GPIO_SetupLock                       
0     00086a3d  _GPIO_SetupXINT1Gpio                  
0     00086a47  _GPIO_SetupXINT2Gpio                  
0     00086a51  _GPIO_SetupXINT3Gpio                  
0     00086a5b  _GPIO_SetupXINT4Gpio                  
0     00086a65  _GPIO_SetupXINT5Gpio                  
0     00086a6f  _GPIO_EnableUnbondedIOPullupsFor176Pin
0     00086a88  _GPIO_EnableUnbondedIOPullupsFor100Pin
0     00086aad  _GPIO_EnableUnbondedIOPullups         
0     00086ac3  _GPIO_ReadPin                         
0     00086ada  _GPIO_WritePin                        
0     00086af8  _msh_help                             
0     00086b21  _cmd_ps                               
0     00086b29  _cmd_free                             
0     00086c61  _msh_exec                             
0     00086cb2  _msh_auto_complete                    
0     00086d1f  _rt_object_get_information            
0     00086d3e  _rt_object_get_length                 
0     00086d61  _rt_object_get_pointers               
0     00086d97  _rt_object_init                       
0     00086de5  _rt_object_detach                     
0     00086e02  _rt_object_allocate                   
0     00086e5b  _rt_object_delete                     
0     00086e88  _rt_object_is_systemobject            
0     00086e9e  _rt_object_get_type                   
0     00086eb1  _rt_object_find                       
0     00087011  _rt_hw_sci_init                       
0     00087111  _rt_system_scheduler_init             
0     0008712b  _rt_system_scheduler_start            
0     00087142  _rt_schedule                          
0     000871c2  _rt_schedule_insert_thread            
0     00087207  _rt_schedule_remove_thread            
0     00087237  _rt_enter_critical                    
0     0008723f  _rt_exit_critical                     
0     00087256  _rt_critical_level                    
0     0008727c  _rt_thread_idle_sethook               
0     000872a6  _rt_thread_idle_delhook               
0     000872d0  _rt_thread_defunct_enqueue            
0     000872db  _rt_thread_defunct_dequeue            
0     00087334  _rt_thread_idle_init                  
0     00087373  _rt_thread_idle_gethandler            
0     0008739e  _rt_completion_init                   
0     000873b9  _rt_completion_wait                   
0     00087468  _rt_completion_done                   
0     00087496  _SCI_open                             
0     000874c8  _SCI_close                            
0     000874d7  _SCI_read                             
0     000874f3  _SCI_write                            
0     00087516  _SCI_lseek                            
0     0008751d  _SCI_unlink                           
0     00087522  _SCI_rename                           
0     00087528  FS$$DIV                               
0     000875ab  _rt_hw_interrupt_disable              
0     000875af  _rt_hw_interrupt_enable               
0     000875b2  _rt_hw_context_switch_interrupt       
0     000875c4  _rt_hw_context_switch                 
0     000875d7  _RTOSINT_Handler                      
0     0008760e  _rt_hw_get_st0                        
0     00087611  _rt_hw_get_st1                        
0     00087614  _rt_hw_calc_csb                       
0     0008761a  _rt_hw_context_switch_to              
0     00087627  _rt_hw_interrupt_thread_switch        
0     00087629  FS$$SUB                               
0     0008762e  FS$$ADD                               
0     000876a1  _InitCpuTimers                        
0     000876e2  _ConfigCpuTimer                       
0     00087714  _rt_tick_get                          
0     00087718  _rt_tick_set                          
0     00087726  _rt_tick_increase                     
0     00087757  _rt_tick_from_millisecond             
0     0008777c  _rt_tick_get_millisecond              
0     00087785  _rt_hw_stack_init                     
0     000877de  _rt_hw_exception_install              
0     000877e6  _rt_hw_cpu_shutdown                   
0     000877f5  FS$$MPY                               
0     0008784f  _c_int00                              
0     000878a3  _assert_failed                        
0     000878ba  _rtthread_startup                     
0     000878cb  _main                                 
0     000878d1  _rt_interrupt_leave_sethook           
0     000878d9  _rt_interrupt_enter                   
0     000878e5  _rt_interrupt_leave                   
0     000878f0  _rt_interrupt_get_nest                
0     000878fe  L$$DIV                                
0     0008790d  L$$MOD                                
0     0008791b  UL$$DIV                               
0     00087922  UL$$MOD                               
0     00087928  C$$EXIT                               
0     00087928  _abort                                
0     0008792a  _exit                                 
0     00087951  FS$$TOL                               
0     0008797a  _InitPieCtrl                          
0     00087999  _EnableInterrupts                     
0     000879a2  _InitPieVectTable                     
0     000879c8  FS$$TOI                               
0     000879ed  _copy_in                              
0     00087a11  _rt_init_thread_entry                 
0     00087a17  _rt_application_init                  
0     00087a2e  _memcpy                               
0     00087a4b  _cpu_timer2_isr                       
0     00087a67  _sciaRxFifoIsr                        
0     00087a81  I$$TOFS                               
0     00087a9b  L$$TOFS                               
0     00087ab5  LL$$AND                               
0     00087abd  LL$$OR                                
0     00087ac5  LL$$XOR                               
0     00087acd  FS$$CMP                               
0     00087ae4  _strncmp                              
0     00087afa  _strncpy                              
0     00087b0f  _memcmp                               
0     00087b22  UL$$TOFS                              
0     00087b35  __args_main                           
0     00087b46  U$$TOFS                               
0     00087b56  U$$DIV                                
0     00087b5b  U$$MOD                                
0     00087b61  __register_unlock                     
0     00087b65  __register_lock                       
0     00087b69  __nop                                 
0     00087b6a  _strcat                               
0     00087b73  _SetDBGIER                            
0     00087b76  __system_pre_init                     
0     00090eae  _PieVectTableInit                     
0     000914dd  ___lowest_bit_bitmap                  
0     0009251e  ___rt_init_rti_start                  
0     00092520  ___rt_init_rti_board_start            
0     00092522  ___rt_init_rti_board_end              
0     00092524  ___rt_init_rti_end                    
0     00092538  ___rt_init_finsh_system_init          
1     00000400  __stack                               
1     00000800  __STACK_END                           
1     00000b00  _AdcaResultRegs                       
1     00000b20  _AdcbResultRegs                       
1     00000b40  _AdccResultRegs                       
1     00000b60  _AdcdResultRegs                       
1     00000c00  _CpuTimer0Regs                        
1     00000c08  _CpuTimer1Regs                        
1     00000c10  _CpuTimer2Regs                        
1     00000ce0  _PieCtrlRegs                          
1     00000d00  _EmuBMode                             
1     00000d00  _PieVectTable                         
1     00000d01  _EmuBootPins                          
1     00001000  _DmaRegs                              
1     00001400  _Cla1Regs                             
1     00004000  _EPwm1Regs                            
1     00004100  _EPwm2Regs                            
1     00004200  _EPwm3Regs                            
1     00004300  _EPwm4Regs                            
1     00004400  _EPwm5Regs                            
1     00004500  _EPwm6Regs                            
1     00004600  _EPwm7Regs                            
1     00004700  _EPwm8Regs                            
1     00004800  _EPwm9Regs                            
1     00004900  _EPwm10Regs                           
1     00004a00  _EPwm11Regs                           
1     00004b00  _EPwm12Regs                           
1     00005000  _ECap1Regs                            
1     00005020  _ECap2Regs                            
1     00005040  _ECap3Regs                            
1     00005060  _ECap4Regs                            
1     00005080  _ECap5Regs                            
1     000050a0  _ECap6Regs                            
1     00005100  _EQep1Regs                            
1     00005140  _EQep2Regs                            
1     00005180  _EQep3Regs                            
1     00005c00  _DacaRegs                             
1     00005c10  _DacbRegs                             
1     00005c20  _DaccRegs                             
1     00005c80  _Cmpss1Regs                           
1     00005ca0  _Cmpss2Regs                           
1     00005cc0  _Cmpss3Regs                           
1     00005ce0  _Cmpss4Regs                           
1     00005d00  _Cmpss5Regs                           
1     00005d20  _Cmpss6Regs                           
1     00005d40  _Cmpss7Regs                           
1     00005d60  _Cmpss8Regs                           
1     00005e00  _Sdfm1Regs                            
1     00005e80  _Sdfm2Regs                            
1     00006000  _McbspaRegs                           
1     00006040  _McbspbRegs                           
1     00006100  _SpiaRegs                             
1     00006110  _SpibRegs                             
1     00006120  _SpicRegs                             
1     00006200  _UppRegs                              
1     00007000  _WdRegs                               
1     00007060  _NmiIntruptRegs                       
1     00007070  _XintRegs                             
1     00007200  _SciaRegs                             
1     00007210  _ScibRegs                             
1     00007220  _ScicRegs                             
1     00007230  _ScidRegs                             
1     00007300  _I2caRegs                             
1     00007340  _I2cbRegs                             
1     00007400  _AdcaRegs                             
1     00007480  _AdcbRegs                             
1     00007500  _AdccRegs                             
1     00007580  _AdcdRegs                             
1     00007900  _InputXbarRegs                        
1     00007920  _XbarRegs                             
1     00007940  _SyncSocRegs                          
1     00007980  _DmaClaSrcSelRegs                     
1     00007a00  _EPwmXbarRegs                         
1     00007a80  _OutputXbarRegs                       
1     00007c00  _GpioCtrlRegs                         
1     00007f00  _GpioDataRegs                         
1     0000aca6  _rt_assert_hook                       
1     0000ad41  _deviceOpen                           
1     0000ad42  _rt_thread_priority_table             
1     0000ad62  _TRIP_SEL                             
1     0000ae50  _EPWM                                 
1     0000ae6a  _ECAP                                 
1     0000ae78  _EQEP                                 
1     0000aec8  _CpuTimer0                            
1     0000aed0  _CpuTimer1                            
1     0000aed8  _CpuTimer2                            
1     0000aee0  _ADC                                  
1     0000aeea  _shell                                
1     0000aeee  _global_syscall_list                  
1     0000aef0  __syscall_table_begin                 
1     0000aef2  __syscall_table_end                   
1     0000aef4  _SPI                                  
1     0000aefc  _I2C                                  
1     0000af08  _rt_interrupt_from_thread             
1     0000af0a  _rt_interrupt_to_thread               
1     0000af0c  _rt_thread_switch_interrupt_flag      
1     0000af10  _tempSensor_tempSlope                 
1     0000af12  _tempSensor_tempOffset                
1     0000af14  _tempSensor_scaleFactor               
1     0000af16  _SDFM                                 
1     0000af1c  ___TI_enable_exit_profile_output      
1     0000af1e  ___TI_cleanup_ptr                     
1     0000af20  ___TI_dtors_ptr                       
1     0000af23  _rt_current_priority                  
1     0000af24  _rt_thread_ready_priority_group       
1     0000af26  _rt_current_thread                    
1     0000af28  _MCBSP                                
1     0000af2c  _SCI                                  
1     0000af38  _rt_interrupt_nest                    
1     0000af40  __lock                                
1     0000af42  __unlock                              
1     0000af46  ___TI_ft_end                          
1     0000b800  __CIOBUF_                             
1     0000e000  __sys_memory                          
1     0003fc00  _g_asIPCCPU1toCPU2Buffers             
1     0003fc80  _g_usPutWriteIndexes                  
1     0003fc84  _g_usGetReadIndexes                   
1     00047000  _Emif1Regs                            
1     00047800  _Emif2Regs                            
1     00048000  _CanaRegs                             
1     0004a000  _CanbRegs                             
1     00050000  _IpcRegs                              
1     00050024  _FlashPumpSemaphoreRegs               
1     0005d000  _DevCfgRegs                           
1     0005d180  _AnalogSubsysRegs                     
1     0005d200  _ClkCfgRegs                           
1     0005d300  _CpuSysRegs                           
1     0005e608  _RomPrefetchRegs                      
1     0005f000  _DcsmZ1Regs                           
1     0005f040  _DcsmZ2Regs                           
1     0005f070  _DcsmCommonRegs                       
1     0005f400  _MemCfgRegs                           
1     0005f480  _Emif1ConfigRegs                      
1     0005f4a0  _Emif2ConfigRegs                      
1     0005f4c0  _AccessProtectionRegs                 
1     0005f500  _MemoryErrorRegs                      
1     0005f540  _RomWaitStateRegs                     
1     0005f800  _Flash0CtrlRegs                       
1     0005fb00  _Flash0EccRegs                        
abs   00000004  _RamfuncsLoadSize                     
abs   00000004  _RamfuncsRunSize                      
abs   00000400  __STACK_SIZE                          
abs   00000400  __SYSMEM_SIZE                         
abs   ffffffff  .text                                 
abs   ffffffff  ___TI_pprof_out_hndl                  
abs   ffffffff  ___TI_prof_data_size                  
abs   ffffffff  ___TI_prof_data_start                 
abs   ffffffff  ___binit__                            
abs   ffffffff  ___c_args__                           
abs   ffffffff  ___etext__                            
abs   ffffffff  ___pinit__                            
abs   ffffffff  ___text__                             
abs   ffffffff  binit                                 
abs   ffffffff  etext                                 
abs   ffffffff  pinit                                 

[621 symbols]
