<?xml version="1.0" encoding="ISO-8859-1" ?>
<link_info>
   <banner>TMS320C2000 Linker PC v22.6.0.LTS</banner>
   <copyright>Copyright (c) 1996-2018 Texas Instruments Incorporated</copyright>
   <link_time>0x62e0ab96</link_time>
   <link_errors>0x0</link_errors>
   <output_file>rt-thread_28377.out</output_file>
   <entry_point>
      <name>_c_int00</name>
      <address>0x8788f</address>
   </entry_point>
   <input_file_list>
      <input_file id="fl-2">
         <path>.\Kernel\</path>
         <kind>object</kind>
         <file>clock.obj</file>
         <name>clock.obj</name>
      </input_file>
      <input_file id="fl-3">
         <path>.\Kernel\</path>
         <kind>object</kind>
         <file>components.obj</file>
         <name>components.obj</name>
      </input_file>
      <input_file id="fl-4">
         <path>.\Kernel\</path>
         <kind>object</kind>
         <file>cpu.obj</file>
         <name>cpu.obj</name>
      </input_file>
      <input_file id="fl-5">
         <path>.\Kernel\</path>
         <kind>object</kind>
         <file>device.obj</file>
         <name>device.obj</name>
      </input_file>
      <input_file id="fl-6">
         <path>.\Kernel\</path>
         <kind>object</kind>
         <file>idle.obj</file>
         <name>idle.obj</name>
      </input_file>
      <input_file id="fl-7">
         <path>.\Kernel\</path>
         <kind>object</kind>
         <file>ipc.obj</file>
         <name>ipc.obj</name>
      </input_file>
      <input_file id="fl-8">
         <path>.\Kernel\</path>
         <kind>object</kind>
         <file>irq.obj</file>
         <name>irq.obj</name>
      </input_file>
      <input_file id="fl-9">
         <path>.\Kernel\</path>
         <kind>object</kind>
         <file>kservice.obj</file>
         <name>kservice.obj</name>
      </input_file>
      <input_file id="fl-a">
         <path>.\Kernel\</path>
         <kind>object</kind>
         <file>mem.obj</file>
         <name>mem.obj</name>
      </input_file>
      <input_file id="fl-b">
         <path>.\Kernel\</path>
         <kind>object</kind>
         <file>memheap.obj</file>
         <name>memheap.obj</name>
      </input_file>
      <input_file id="fl-c">
         <path>.\Kernel\</path>
         <kind>object</kind>
         <file>mempool.obj</file>
         <name>mempool.obj</name>
      </input_file>
      <input_file id="fl-d">
         <path>.\Kernel\</path>
         <kind>object</kind>
         <file>object.obj</file>
         <name>object.obj</name>
      </input_file>
      <input_file id="fl-e">
         <path>.\Kernel\</path>
         <kind>object</kind>
         <file>scheduler.obj</file>
         <name>scheduler.obj</name>
      </input_file>
      <input_file id="fl-f">
         <path>.\Kernel\</path>
         <kind>object</kind>
         <file>signal.obj</file>
         <name>signal.obj</name>
      </input_file>
      <input_file id="fl-10">
         <path>.\Kernel\</path>
         <kind>object</kind>
         <file>slab.obj</file>
         <name>slab.obj</name>
      </input_file>
      <input_file id="fl-11">
         <path>.\Kernel\</path>
         <kind>object</kind>
         <file>thread.obj</file>
         <name>thread.obj</name>
      </input_file>
      <input_file id="fl-12">
         <path>.\Kernel\</path>
         <kind>object</kind>
         <file>timer.obj</file>
         <name>timer.obj</name>
      </input_file>
      <input_file id="fl-13">
         <path>.\applications\</path>
         <kind>object</kind>
         <file>application.obj</file>
         <name>application.obj</name>
      </input_file>
      <input_file id="fl-14">
         <path>.\applications\</path>
         <kind>object</kind>
         <file>startup.obj</file>
         <name>startup.obj</name>
      </input_file>
      <input_file id="fl-15">
         <path>.\c28x\</path>
         <kind>object</kind>
         <file>context.obj</file>
         <name>context.obj</name>
      </input_file>
      <input_file id="fl-16">
         <path>.\c28x\</path>
         <kind>object</kind>
         <file>cpuport.obj</file>
         <name>cpuport.obj</name>
      </input_file>
      <input_file id="fl-17">
         <path>.\drivers\</path>
         <kind>object</kind>
         <file>board.obj</file>
         <name>board.obj</name>
      </input_file>
      <input_file id="fl-18">
         <path>.\drivers\</path>
         <kind>object</kind>
         <file>completion.obj</file>
         <name>completion.obj</name>
      </input_file>
      <input_file id="fl-19">
         <path>.\drivers\</path>
         <kind>object</kind>
         <file>dataqueue.obj</file>
         <name>dataqueue.obj</name>
      </input_file>
      <input_file id="fl-1a">
         <path>.\drivers\</path>
         <kind>object</kind>
         <file>drv_sci.obj</file>
         <name>drv_sci.obj</name>
      </input_file>
      <input_file id="fl-1b">
         <path>.\drivers\</path>
         <kind>object</kind>
         <file>queue.obj</file>
         <name>queue.obj</name>
      </input_file>
      <input_file id="fl-1c">
         <path>.\drivers\</path>
         <kind>object</kind>
         <file>serial.obj</file>
         <name>serial.obj</name>
      </input_file>
      <input_file id="fl-1d">
         <path>.\finsh\</path>
         <kind>object</kind>
         <file>cmd.obj</file>
         <name>cmd.obj</name>
      </input_file>
      <input_file id="fl-1e">
         <path>.\finsh\</path>
         <kind>object</kind>
         <file>msh.obj</file>
         <name>msh.obj</name>
      </input_file>
      <input_file id="fl-1f">
         <path>.\finsh\</path>
         <kind>object</kind>
         <file>msh_file.obj</file>
         <name>msh_file.obj</name>
      </input_file>
      <input_file id="fl-20">
         <path>.\finsh\</path>
         <kind>object</kind>
         <file>shell.obj</file>
         <name>shell.obj</name>
      </input_file>
      <input_file id="fl-21">
         <path>.\libraries\common\source\</path>
         <kind>object</kind>
         <file>F2837xD_Adc.obj</file>
         <name>F2837xD_Adc.obj</name>
      </input_file>
      <input_file id="fl-22">
         <path>.\libraries\common\source\</path>
         <kind>object</kind>
         <file>F2837xD_CodeStartBranch.obj</file>
         <name>F2837xD_CodeStartBranch.obj</name>
      </input_file>
      <input_file id="fl-23">
         <path>.\libraries\common\source\</path>
         <kind>object</kind>
         <file>F2837xD_CpuTimers.obj</file>
         <name>F2837xD_CpuTimers.obj</name>
      </input_file>
      <input_file id="fl-24">
         <path>.\libraries\common\source\</path>
         <kind>object</kind>
         <file>F2837xD_DBGIER.obj</file>
         <name>F2837xD_DBGIER.obj</name>
      </input_file>
      <input_file id="fl-25">
         <path>.\libraries\common\source\</path>
         <kind>object</kind>
         <file>F2837xD_DefaultISR.obj</file>
         <name>F2837xD_DefaultISR.obj</name>
      </input_file>
      <input_file id="fl-26">
         <path>.\libraries\common\source\</path>
         <kind>object</kind>
         <file>F2837xD_Dma.obj</file>
         <name>F2837xD_Dma.obj</name>
      </input_file>
      <input_file id="fl-27">
         <path>.\libraries\common\source\</path>
         <kind>object</kind>
         <file>F2837xD_ECap.obj</file>
         <name>F2837xD_ECap.obj</name>
      </input_file>
      <input_file id="fl-28">
         <path>.\libraries\common\source\</path>
         <kind>object</kind>
         <file>F2837xD_EPwm.obj</file>
         <name>F2837xD_EPwm.obj</name>
      </input_file>
      <input_file id="fl-29">
         <path>.\libraries\common\source\</path>
         <kind>object</kind>
         <file>F2837xD_EQep.obj</file>
         <name>F2837xD_EQep.obj</name>
      </input_file>
      <input_file id="fl-2a">
         <path>.\libraries\common\source\</path>
         <kind>object</kind>
         <file>F2837xD_Emif.obj</file>
         <name>F2837xD_Emif.obj</name>
      </input_file>
      <input_file id="fl-2b">
         <path>.\libraries\common\source\</path>
         <kind>object</kind>
         <file>F2837xD_Gpio.obj</file>
         <name>F2837xD_Gpio.obj</name>
      </input_file>
      <input_file id="fl-2c">
         <path>.\libraries\common\source\</path>
         <kind>object</kind>
         <file>F2837xD_I2C.obj</file>
         <name>F2837xD_I2C.obj</name>
      </input_file>
      <input_file id="fl-2d">
         <path>.\libraries\common\source\</path>
         <kind>object</kind>
         <file>F2837xD_Ipc.obj</file>
         <name>F2837xD_Ipc.obj</name>
      </input_file>
      <input_file id="fl-2e">
         <path>.\libraries\common\source\</path>
         <kind>object</kind>
         <file>F2837xD_Ipc_Driver.obj</file>
         <name>F2837xD_Ipc_Driver.obj</name>
      </input_file>
      <input_file id="fl-2f">
         <path>.\libraries\common\source\</path>
         <kind>object</kind>
         <file>F2837xD_Ipc_Driver_Lite.obj</file>
         <name>F2837xD_Ipc_Driver_Lite.obj</name>
      </input_file>
      <input_file id="fl-30">
         <path>.\libraries\common\source\</path>
         <kind>object</kind>
         <file>F2837xD_Ipc_Driver_Util.obj</file>
         <name>F2837xD_Ipc_Driver_Util.obj</name>
      </input_file>
      <input_file id="fl-31">
         <path>.\libraries\common\source\</path>
         <kind>object</kind>
         <file>F2837xD_Mcbsp.obj</file>
         <name>F2837xD_Mcbsp.obj</name>
      </input_file>
      <input_file id="fl-32">
         <path>.\libraries\common\source\</path>
         <kind>object</kind>
         <file>F2837xD_PieCtrl.obj</file>
         <name>F2837xD_PieCtrl.obj</name>
      </input_file>
      <input_file id="fl-33">
         <path>.\libraries\common\source\</path>
         <kind>object</kind>
         <file>F2837xD_PieVect.obj</file>
         <name>F2837xD_PieVect.obj</name>
      </input_file>
      <input_file id="fl-34">
         <path>.\libraries\common\source\</path>
         <kind>object</kind>
         <file>F2837xD_Sci.obj</file>
         <name>F2837xD_Sci.obj</name>
      </input_file>
      <input_file id="fl-35">
         <path>.\libraries\common\source\</path>
         <kind>object</kind>
         <file>F2837xD_Spi.obj</file>
         <name>F2837xD_Spi.obj</name>
      </input_file>
      <input_file id="fl-36">
         <path>.\libraries\common\source\</path>
         <kind>object</kind>
         <file>F2837xD_SysCtrl.obj</file>
         <name>F2837xD_SysCtrl.obj</name>
      </input_file>
      <input_file id="fl-37">
         <path>.\libraries\common\source\</path>
         <kind>object</kind>
         <file>F2837xD_TempSensorConv.obj</file>
         <name>F2837xD_TempSensorConv.obj</name>
      </input_file>
      <input_file id="fl-38">
         <path>.\libraries\common\source\</path>
         <kind>object</kind>
         <file>F2837xD_Upp.obj</file>
         <name>F2837xD_Upp.obj</name>
      </input_file>
      <input_file id="fl-39">
         <path>.\libraries\common\source\</path>
         <kind>object</kind>
         <file>F2837xD_can.obj</file>
         <name>F2837xD_can.obj</name>
      </input_file>
      <input_file id="fl-3a">
         <path>.\libraries\common\source\</path>
         <kind>object</kind>
         <file>F2837xD_sci_io.obj</file>
         <name>F2837xD_sci_io.obj</name>
      </input_file>
      <input_file id="fl-3b">
         <path>.\libraries\common\source\</path>
         <kind>object</kind>
         <file>F2837xD_sdfm_drivers.obj</file>
         <name>F2837xD_sdfm_drivers.obj</name>
      </input_file>
      <input_file id="fl-3c">
         <path>.\libraries\common\source\</path>
         <kind>object</kind>
         <file>F2837xD_struct.obj</file>
         <name>F2837xD_struct.obj</name>
      </input_file>
      <input_file id="fl-3d">
         <path>.\libraries\common\source\</path>
         <kind>object</kind>
         <file>F2837xD_usDelay.obj</file>
         <name>F2837xD_usDelay.obj</name>
      </input_file>
      <input_file id="fl-3e">
         <path>.\libraries\headers\source\</path>
         <kind>object</kind>
         <file>F2837xD_GlobalVariableDefs.obj</file>
         <name>F2837xD_GlobalVariableDefs.obj</name>
      </input_file>
      <input_file id="fl-43">
         <kind>object</kind>
         <file>&lt;internal&gt;</file>
         <name>&lt;internal&gt;</name>
      </input_file>
      <input_file id="fl-4f">
         <path>D:\ti\ccs1120\ccs\tools\compiler\ti-cgt-c2000_22.6.0.LTS\lib\</path>
         <kind>archive</kind>
         <file>rts2800_ml.lib</file>
         <name>boot28.asm.obj</name>
      </input_file>
      <input_file id="fl-50">
         <path>D:\ti\ccs1120\ccs\tools\compiler\ti-cgt-c2000_22.6.0.LTS\lib\</path>
         <kind>archive</kind>
         <file>rts2800_ml.lib</file>
         <name>fs_add28.asm.obj</name>
      </input_file>
      <input_file id="fl-51">
         <path>D:\ti\ccs1120\ccs\tools\compiler\ti-cgt-c2000_22.6.0.LTS\lib\</path>
         <kind>archive</kind>
         <file>rts2800_ml.lib</file>
         <name>fs_cmp28.asm.obj</name>
      </input_file>
      <input_file id="fl-52">
         <path>D:\ti\ccs1120\ccs\tools\compiler\ti-cgt-c2000_22.6.0.LTS\lib\</path>
         <kind>archive</kind>
         <file>rts2800_ml.lib</file>
         <name>fs_div28.asm.obj</name>
      </input_file>
      <input_file id="fl-53">
         <path>D:\ti\ccs1120\ccs\tools\compiler\ti-cgt-c2000_22.6.0.LTS\lib\</path>
         <kind>archive</kind>
         <file>rts2800_ml.lib</file>
         <name>fs_mpy28.asm.obj</name>
      </input_file>
      <input_file id="fl-54">
         <path>D:\ti\ccs1120\ccs\tools\compiler\ti-cgt-c2000_22.6.0.LTS\lib\</path>
         <kind>archive</kind>
         <file>rts2800_ml.lib</file>
         <name>fs_toi28.asm.obj</name>
      </input_file>
      <input_file id="fl-55">
         <path>D:\ti\ccs1120\ccs\tools\compiler\ti-cgt-c2000_22.6.0.LTS\lib\</path>
         <kind>archive</kind>
         <file>rts2800_ml.lib</file>
         <name>fs_tol28.asm.obj</name>
      </input_file>
      <input_file id="fl-56">
         <path>D:\ti\ccs1120\ccs\tools\compiler\ti-cgt-c2000_22.6.0.LTS\lib\</path>
         <kind>archive</kind>
         <file>rts2800_ml.lib</file>
         <name>ll_aox28.asm.obj</name>
      </input_file>
      <input_file id="fl-57">
         <path>D:\ti\ccs1120\ccs\tools\compiler\ti-cgt-c2000_22.6.0.LTS\lib\</path>
         <kind>archive</kind>
         <file>rts2800_ml.lib</file>
         <name>i_tofs28.asm.obj</name>
      </input_file>
      <input_file id="fl-58">
         <path>D:\ti\ccs1120\ccs\tools\compiler\ti-cgt-c2000_22.6.0.LTS\lib\</path>
         <kind>archive</kind>
         <file>rts2800_ml.lib</file>
         <name>u_div28.asm.obj</name>
      </input_file>
      <input_file id="fl-59">
         <path>D:\ti\ccs1120\ccs\tools\compiler\ti-cgt-c2000_22.6.0.LTS\lib\</path>
         <kind>archive</kind>
         <file>rts2800_ml.lib</file>
         <name>u_tofs28.asm.obj</name>
      </input_file>
      <input_file id="fl-5a">
         <path>D:\ti\ccs1120\ccs\tools\compiler\ti-cgt-c2000_22.6.0.LTS\lib\</path>
         <kind>archive</kind>
         <file>rts2800_ml.lib</file>
         <name>l_tofs28.asm.obj</name>
      </input_file>
      <input_file id="fl-5b">
         <path>D:\ti\ccs1120\ccs\tools\compiler\ti-cgt-c2000_22.6.0.LTS\lib\</path>
         <kind>archive</kind>
         <file>rts2800_ml.lib</file>
         <name>l_div28.asm.obj</name>
      </input_file>
      <input_file id="fl-5c">
         <path>D:\ti\ccs1120\ccs\tools\compiler\ti-cgt-c2000_22.6.0.LTS\lib\</path>
         <kind>archive</kind>
         <file>rts2800_ml.lib</file>
         <name>ul_tofs28.asm.obj</name>
      </input_file>
      <input_file id="fl-5d">
         <path>D:\ti\ccs1120\ccs\tools\compiler\ti-cgt-c2000_22.6.0.LTS\lib\</path>
         <kind>archive</kind>
         <file>rts2800_ml.lib</file>
         <name>cpy_tbl.c.obj</name>
      </input_file>
      <input_file id="fl-5e">
         <path>D:\ti\ccs1120\ccs\tools\compiler\ti-cgt-c2000_22.6.0.LTS\lib\</path>
         <kind>archive</kind>
         <file>rts2800_ml.lib</file>
         <name>memcpy.c.obj</name>
      </input_file>
      <input_file id="fl-5f">
         <path>D:\ti\ccs1120\ccs\tools\compiler\ti-cgt-c2000_22.6.0.LTS\lib\</path>
         <kind>archive</kind>
         <file>rts2800_ml.lib</file>
         <name>pre_init.c.obj</name>
      </input_file>
      <input_file id="fl-60">
         <path>D:\ti\ccs1120\ccs\tools\compiler\ti-cgt-c2000_22.6.0.LTS\lib\</path>
         <kind>archive</kind>
         <file>rts2800_ml.lib</file>
         <name>startup.c.obj</name>
      </input_file>
      <input_file id="fl-61">
         <path>D:\ti\ccs1120\ccs\tools\compiler\ti-cgt-c2000_22.6.0.LTS\lib\</path>
         <kind>archive</kind>
         <file>rts2800_ml.lib</file>
         <name>exit.c.obj</name>
      </input_file>
      <input_file id="fl-62">
         <path>D:\ti\ccs1120\ccs\tools\compiler\ti-cgt-c2000_22.6.0.LTS\lib\</path>
         <kind>archive</kind>
         <file>rts2800_ml.lib</file>
         <name>_lock.c.obj</name>
      </input_file>
      <input_file id="fl-63">
         <path>D:\ti\ccs1120\ccs\tools\compiler\ti-cgt-c2000_22.6.0.LTS\lib\</path>
         <kind>archive</kind>
         <file>rts2800_ml.lib</file>
         <name>args_main.c.obj</name>
      </input_file>
      <input_file id="fl-64">
         <path>D:\ti\ccs1120\ccs\tools\compiler\ti-cgt-c2000_22.6.0.LTS\lib\</path>
         <kind>archive</kind>
         <file>rts2800_ml.lib</file>
         <name>assert.c.obj</name>
      </input_file>
      <input_file id="fl-65">
         <path>D:\ti\ccs1120\ccs\tools\compiler\ti-cgt-c2000_22.6.0.LTS\lib\</path>
         <kind>archive</kind>
         <file>rts2800_ml.lib</file>
         <name>defs.c.obj</name>
      </input_file>
      <input_file id="fl-66">
         <path>D:\ti\ccs1120\ccs\tools\compiler\ti-cgt-c2000_22.6.0.LTS\lib\</path>
         <kind>archive</kind>
         <file>rts2800_ml.lib</file>
         <name>memcmp.c.obj</name>
      </input_file>
      <input_file id="fl-67">
         <path>D:\ti\ccs1120\ccs\tools\compiler\ti-cgt-c2000_22.6.0.LTS\lib\</path>
         <kind>archive</kind>
         <file>rts2800_ml.lib</file>
         <name>memory.c.obj</name>
      </input_file>
      <input_file id="fl-68">
         <path>D:\ti\ccs1120\ccs\tools\compiler\ti-cgt-c2000_22.6.0.LTS\lib\</path>
         <kind>archive</kind>
         <file>rts2800_ml.lib</file>
         <name>memset.c.obj</name>
      </input_file>
      <input_file id="fl-69">
         <path>D:\ti\ccs1120\ccs\tools\compiler\ti-cgt-c2000_22.6.0.LTS\lib\</path>
         <kind>archive</kind>
         <file>rts2800_ml.lib</file>
         <name>strcat.c.obj</name>
      </input_file>
      <input_file id="fl-6a">
         <path>D:\ti\ccs1120\ccs\tools\compiler\ti-cgt-c2000_22.6.0.LTS\lib\</path>
         <kind>archive</kind>
         <file>rts2800_ml.lib</file>
         <name>strcpy.c.obj</name>
      </input_file>
      <input_file id="fl-6b">
         <path>D:\ti\ccs1120\ccs\tools\compiler\ti-cgt-c2000_22.6.0.LTS\lib\</path>
         <kind>archive</kind>
         <file>rts2800_ml.lib</file>
         <name>strlen.c.obj</name>
      </input_file>
      <input_file id="fl-6c">
         <path>D:\ti\ccs1120\ccs\tools\compiler\ti-cgt-c2000_22.6.0.LTS\lib\</path>
         <kind>archive</kind>
         <file>rts2800_ml.lib</file>
         <name>strncmp.c.obj</name>
      </input_file>
      <input_file id="fl-6d">
         <path>D:\ti\ccs1120\ccs\tools\compiler\ti-cgt-c2000_22.6.0.LTS\lib\</path>
         <kind>archive</kind>
         <file>rts2800_ml.lib</file>
         <name>strncpy.c.obj</name>
      </input_file>
      <input_file id="fl-6e">
         <path>D:\ti\ccs1120\ccs\tools\compiler\ti-cgt-c2000_22.6.0.LTS\lib\</path>
         <kind>archive</kind>
         <file>rts2800_ml.lib</file>
         <name>fflush.c.obj</name>
      </input_file>
      <input_file id="fl-6f">
         <path>D:\ti\ccs1120\ccs\tools\compiler\ti-cgt-c2000_22.6.0.LTS\lib\</path>
         <kind>archive</kind>
         <file>rts2800_ml.lib</file>
         <name>fputs.c.obj</name>
      </input_file>
      <input_file id="fl-70">
         <path>D:\ti\ccs1120\ccs\tools\compiler\ti-cgt-c2000_22.6.0.LTS\lib\</path>
         <kind>archive</kind>
         <file>rts2800_ml.lib</file>
         <name>_io_perm.c.obj</name>
      </input_file>
      <input_file id="fl-71">
         <path>D:\ti\ccs1120\ccs\tools\compiler\ti-cgt-c2000_22.6.0.LTS\lib\</path>
         <kind>archive</kind>
         <file>rts2800_ml.lib</file>
         <name>setvbuf.c.obj</name>
      </input_file>
      <input_file id="fl-72">
         <path>D:\ti\ccs1120\ccs\tools\compiler\ti-cgt-c2000_22.6.0.LTS\lib\</path>
         <kind>archive</kind>
         <file>rts2800_ml.lib</file>
         <name>memchr.c.obj</name>
      </input_file>
      <input_file id="fl-73">
         <path>D:\ti\ccs1120\ccs\tools\compiler\ti-cgt-c2000_22.6.0.LTS\lib\</path>
         <kind>archive</kind>
         <file>rts2800_ml.lib</file>
         <name>write.c.obj</name>
      </input_file>
      <input_file id="fl-74">
         <path>D:\ti\ccs1120\ccs\tools\compiler\ti-cgt-c2000_22.6.0.LTS\lib\</path>
         <kind>archive</kind>
         <file>rts2800_ml.lib</file>
         <name>host_device.c.obj</name>
      </input_file>
      <input_file id="fl-75">
         <path>D:\ti\ccs1120\ccs\tools\compiler\ti-cgt-c2000_22.6.0.LTS\lib\</path>
         <kind>archive</kind>
         <file>rts2800_ml.lib</file>
         <name>fopen.c.obj</name>
      </input_file>
      <input_file id="fl-76">
         <path>D:\ti\ccs1120\ccs\tools\compiler\ti-cgt-c2000_22.6.0.LTS\lib\</path>
         <kind>archive</kind>
         <file>rts2800_ml.lib</file>
         <name>fseek.c.obj</name>
      </input_file>
      <input_file id="fl-77">
         <path>D:\ti\ccs1120\ccs\tools\compiler\ti-cgt-c2000_22.6.0.LTS\lib\</path>
         <kind>archive</kind>
         <file>rts2800_ml.lib</file>
         <name>hostclose.c.obj</name>
      </input_file>
      <input_file id="fl-78">
         <path>D:\ti\ccs1120\ccs\tools\compiler\ti-cgt-c2000_22.6.0.LTS\lib\</path>
         <kind>archive</kind>
         <file>rts2800_ml.lib</file>
         <name>hostlseek.c.obj</name>
      </input_file>
      <input_file id="fl-79">
         <path>D:\ti\ccs1120\ccs\tools\compiler\ti-cgt-c2000_22.6.0.LTS\lib\</path>
         <kind>archive</kind>
         <file>rts2800_ml.lib</file>
         <name>hostopen.c.obj</name>
      </input_file>
      <input_file id="fl-7a">
         <path>D:\ti\ccs1120\ccs\tools\compiler\ti-cgt-c2000_22.6.0.LTS\lib\</path>
         <kind>archive</kind>
         <file>rts2800_ml.lib</file>
         <name>hostread.c.obj</name>
      </input_file>
      <input_file id="fl-7b">
         <path>D:\ti\ccs1120\ccs\tools\compiler\ti-cgt-c2000_22.6.0.LTS\lib\</path>
         <kind>archive</kind>
         <file>rts2800_ml.lib</file>
         <name>hostrename.c.obj</name>
      </input_file>
      <input_file id="fl-7c">
         <path>D:\ti\ccs1120\ccs\tools\compiler\ti-cgt-c2000_22.6.0.LTS\lib\</path>
         <kind>archive</kind>
         <file>rts2800_ml.lib</file>
         <name>hostunlink.c.obj</name>
      </input_file>
      <input_file id="fl-7d">
         <path>D:\ti\ccs1120\ccs\tools\compiler\ti-cgt-c2000_22.6.0.LTS\lib\</path>
         <kind>archive</kind>
         <file>rts2800_ml.lib</file>
         <name>hostwrite.c.obj</name>
      </input_file>
      <input_file id="fl-7e">
         <path>D:\ti\ccs1120\ccs\tools\compiler\ti-cgt-c2000_22.6.0.LTS\lib\</path>
         <kind>archive</kind>
         <file>rts2800_ml.lib</file>
         <name>trgmsg.c.obj</name>
      </input_file>
      <input_file id="fl-7f">
         <path>D:\ti\ccs1120\ccs\tools\compiler\ti-cgt-c2000_22.6.0.LTS\lib\</path>
         <kind>archive</kind>
         <file>rts2800_ml.lib</file>
         <name>open.c.obj</name>
      </input_file>
      <input_file id="fl-80">
         <path>D:\ti\ccs1120\ccs\tools\compiler\ti-cgt-c2000_22.6.0.LTS\lib\</path>
         <kind>archive</kind>
         <file>rts2800_ml.lib</file>
         <name>lseek.c.obj</name>
      </input_file>
      <input_file id="fl-81">
         <path>D:\ti\ccs1120\ccs\tools\compiler\ti-cgt-c2000_22.6.0.LTS\lib\</path>
         <kind>archive</kind>
         <file>rts2800_ml.lib</file>
         <name>fclose.c.obj</name>
      </input_file>
      <input_file id="fl-82">
         <path>D:\ti\ccs1120\ccs\tools\compiler\ti-cgt-c2000_22.6.0.LTS\lib\</path>
         <kind>archive</kind>
         <file>rts2800_ml.lib</file>
         <name>getdevice.c.obj</name>
      </input_file>
      <input_file id="fl-83">
         <path>D:\ti\ccs1120\ccs\tools\compiler\ti-cgt-c2000_22.6.0.LTS\lib\</path>
         <kind>archive</kind>
         <file>rts2800_ml.lib</file>
         <name>strchr.c.obj</name>
      </input_file>
      <input_file id="fl-84">
         <path>D:\ti\ccs1120\ccs\tools\compiler\ti-cgt-c2000_22.6.0.LTS\lib\</path>
         <kind>archive</kind>
         <file>rts2800_ml.lib</file>
         <name>strcmp.c.obj</name>
      </input_file>
      <input_file id="fl-85">
         <path>D:\ti\ccs1120\ccs\tools\compiler\ti-cgt-c2000_22.6.0.LTS\lib\</path>
         <kind>archive</kind>
         <file>rts2800_ml.lib</file>
         <name>remove.c.obj</name>
      </input_file>
      <input_file id="fl-86">
         <path>D:\ti\ccs1120\ccs\tools\compiler\ti-cgt-c2000_22.6.0.LTS\lib\</path>
         <kind>archive</kind>
         <file>rts2800_ml.lib</file>
         <name>close.c.obj</name>
      </input_file>
      <input_file id="fl-87">
         <path>D:\ti\ccs1120\ccs\tools\compiler\ti-cgt-c2000_22.6.0.LTS\lib\</path>
         <kind>archive</kind>
         <file>rts2800_ml.lib</file>
         <name>unlink.c.obj</name>
      </input_file>
   </input_file_list>
   <object_component_list>
      <object_component id="oc-3ea">
         <name>.cinit:__object_container</name>
         <load_address>0x82000</load_address>
         <run_address>0x82000</run_address>
         <size>0x52</size>
         <input_file_ref idref="fl-d"/>
      </object_component>
      <object_component id="oc-209">
         <name>.cinit:_TRIP_SEL</name>
         <load_address>0x82052</load_address>
         <run_address>0x82052</run_address>
         <size>0x21</size>
         <input_file_ref idref="fl-3c"/>
      </object_component>
      <object_component id="oc-233">
         <name>.cinit:_EPWM</name>
         <load_address>0x82073</load_address>
         <run_address>0x82073</run_address>
         <size>0x1d</size>
         <input_file_ref idref="fl-3c"/>
      </object_component>
      <object_component id="oc-202">
         <name>.cinit:_ECAP</name>
         <load_address>0x82090</load_address>
         <run_address>0x82090</run_address>
         <size>0x11</size>
         <input_file_ref idref="fl-3c"/>
      </object_component>
      <object_component id="oc-13b">
         <name>.cinit</name>
         <load_address>0x820a1</load_address>
         <run_address>0x820a1</run_address>
         <size>0xf</size>
         <input_file_ref idref="fl-20"/>
      </object_component>
      <object_component id="oc-2a2">
         <name>.cinit</name>
         <load_address>0x820b0</load_address>
         <run_address>0x820b0</run_address>
         <size>0xe</size>
         <input_file_ref idref="fl-61"/>
      </object_component>
      <object_component id="oc-228">
         <name>.cinit:_ADC</name>
         <load_address>0x820be</load_address>
         <run_address>0x820be</run_address>
         <size>0xd</size>
         <input_file_ref idref="fl-3c"/>
      </object_component>
      <object_component id="oc-20e">
         <name>.cinit:_EQEP</name>
         <load_address>0x820cb</load_address>
         <run_address>0x820cb</run_address>
         <size>0xb</size>
         <input_file_ref idref="fl-3c"/>
      </object_component>
      <object_component id="oc-1f0">
         <name>.cinit:_SPI</name>
         <load_address>0x820d6</load_address>
         <run_address>0x820d6</run_address>
         <size>0xb</size>
         <input_file_ref idref="fl-3c"/>
      </object_component>
      <object_component id="oc-22e">
         <name>.cinit:_SDFM</name>
         <load_address>0x820e1</load_address>
         <run_address>0x820e1</run_address>
         <size>0x9</size>
         <input_file_ref idref="fl-3c"/>
      </object_component>
      <object_component id="oc-212">
         <name>.cinit:_I2C</name>
         <load_address>0x820ea</load_address>
         <run_address>0x820ea</run_address>
         <size>0x7</size>
         <input_file_ref idref="fl-3c"/>
      </object_component>
      <object_component id="oc-218">
         <name>.cinit:_MCBSP</name>
         <load_address>0x820f1</load_address>
         <run_address>0x820f1</run_address>
         <size>0x7</size>
         <input_file_ref idref="fl-3c"/>
      </object_component>
      <object_component id="oc-1eb">
         <name>.cinit:_SCI</name>
         <load_address>0x820f8</load_address>
         <run_address>0x820f8</run_address>
         <size>0x7</size>
         <input_file_ref idref="fl-3c"/>
      </object_component>
      <object_component id="oc-a0">
         <name>.cinit</name>
         <load_address>0x820ff</load_address>
         <run_address>0x820ff</run_address>
         <size>0x7</size>
         <input_file_ref idref="fl-6"/>
      </object_component>
      <object_component id="oc-394">
         <name>.cinit:__lock</name>
         <load_address>0x82106</load_address>
         <run_address>0x82106</run_address>
         <size>0x5</size>
         <input_file_ref idref="fl-62"/>
      </object_component>
      <object_component id="oc-3b8">
         <name>.cinit:__unlock</name>
         <load_address>0x8210b</load_address>
         <run_address>0x8210b</run_address>
         <size>0x5</size>
         <input_file_ref idref="fl-62"/>
      </object_component>
      <object_component id="oc-374">
         <name>.cinit:_uart_obj</name>
         <load_address>0x82110</load_address>
         <run_address>0x82110</run_address>
         <size>0x5</size>
         <input_file_ref idref="fl-1a"/>
      </object_component>
      <object_component id="oc-8b">
         <name>.cinit</name>
         <load_address>0x82115</load_address>
         <run_address>0x82115</run_address>
         <size>0x5</size>
         <input_file_ref idref="fl-2"/>
      </object_component>
      <object_component id="oc-fb">
         <name>.cinit</name>
         <load_address>0x8211a</load_address>
         <run_address>0x8211a</run_address>
         <size>0x5</size>
         <input_file_ref idref="fl-16"/>
      </object_component>
      <object_component id="oc-b5">
         <name>.cinit</name>
         <load_address>0x8211f</load_address>
         <run_address>0x8211f</run_address>
         <size>0x5</size>
         <input_file_ref idref="fl-9"/>
      </object_component>
      <object_component id="oc-d1">
         <name>.cinit</name>
         <load_address>0x82124</load_address>
         <run_address>0x82124</run_address>
         <size>0x5</size>
         <input_file_ref idref="fl-e"/>
      </object_component>
      <object_component id="oc-1c7">
         <name>.cinit</name>
         <load_address>0x82129</load_address>
         <run_address>0x82129</run_address>
         <size>0x4</size>
         <input_file_ref idref="fl-3a"/>
      </object_component>
      <object_component id="oc-3a6">
         <name>.cinit:_finsh_prompt$1</name>
         <load_address>0x8212d</load_address>
         <run_address>0x8212d</run_address>
         <size>0x4</size>
         <input_file_ref idref="fl-20"/>
      </object_component>
      <object_component id="oc-ae">
         <name>.cinit</name>
         <load_address>0x82131</load_address>
         <run_address>0x82131</run_address>
         <size>0x4</size>
         <input_file_ref idref="fl-8"/>
      </object_component>
      <object_component id="oc-2b8">
         <name>.cinit</name>
         <load_address>0x82135</load_address>
         <run_address>0x82135</run_address>
         <size>0x4</size>
         <input_file_ref idref="fl-65"/>
      </object_component>
      <object_component id="oc-308">
         <name>.cinit</name>
         <load_address>0x82139</load_address>
         <run_address>0x82139</run_address>
         <size>0x4</size>
         <input_file_ref idref="fl-75"/>
      </object_component>
      <object_component id="oc-2c1">
         <name>.cinit</name>
         <load_address>0x8213d</load_address>
         <run_address>0x8213d</run_address>
         <size>0x4</size>
         <input_file_ref idref="fl-67"/>
      </object_component>
      <object_component id="oc-33d">
         <name>.cinit</name>
         <load_address>0x82141</load_address>
         <run_address>0x82141</run_address>
         <size>0x4</size>
         <input_file_ref idref="fl-7f"/>
      </object_component>
      <object_component id="oc-123">
         <name>.cinit</name>
         <load_address>0x82145</load_address>
         <run_address>0x82145</run_address>
         <size>0x4</size>
         <input_file_ref idref="fl-1c"/>
      </object_component>
      <object_component id="oc-3ac">
         <name>.text</name>
         <load_address>0x8214c</load_address>
         <run_address>0x8214c</run_address>
         <size>0x125f</size>
         <input_file_ref idref="fl-7"/>
      </object_component>
      <object_component id="oc-39c">
         <name>.text</name>
         <load_address>0x833ab</load_address>
         <run_address>0x833ab</run_address>
         <size>0x7f2</size>
         <input_file_ref idref="fl-1c"/>
      </object_component>
      <object_component id="oc-395">
         <name>.text</name>
         <load_address>0x83b9d</load_address>
         <run_address>0x83b9d</run_address>
         <size>0x431</size>
         <input_file_ref idref="fl-11"/>
      </object_component>
      <object_component id="oc-392">
         <name>.text</name>
         <load_address>0x83fce</load_address>
         <run_address>0x83fce</run_address>
         <size>0x2e</size>
         <input_file_ref idref="fl-14"/>
      </object_component>
      <object_component id="oc-153">
         <name>.text</name>
         <load_address>0x83ffc</load_address>
         <run_address>0x83ffc</run_address>
         <size>0x3</size>
         <input_file_ref idref="fl-24"/>
      </object_component>
      <object_component id="oc-36d">
         <name>.text</name>
         <load_address>0x83fff</load_address>
         <run_address>0x83fff</run_address>
         <size>0x1</size>
         <input_file_ref idref="fl-60"/>
      </object_component>
      <object_component id="oc-399">
         <name>.text</name>
         <load_address>0x84000</load_address>
         <run_address>0x84000</run_address>
         <size>0x7ac</size>
         <input_file_ref idref="fl-9"/>
      </object_component>
      <object_component id="oc-377">
         <name>.text</name>
         <load_address>0x847ac</load_address>
         <run_address>0x847ac</run_address>
         <size>0x649</size>
         <input_file_ref idref="fl-1d"/>
      </object_component>
      <object_component id="oc-386">
         <name>.text</name>
         <load_address>0x84df5</load_address>
         <run_address>0x84df5</run_address>
         <size>0x55d</size>
         <input_file_ref idref="fl-20"/>
      </object_component>
      <object_component id="oc-422">
         <name>.text</name>
         <load_address>0x85352</load_address>
         <run_address>0x85352</run_address>
         <size>0x493</size>
         <input_file_ref idref="fl-36"/>
      </object_component>
      <object_component id="oc-3d5">
         <name>.text</name>
         <load_address>0x857e5</load_address>
         <run_address>0x857e5</run_address>
         <size>0x419</size>
         <input_file_ref idref="fl-a"/>
      </object_component>
      <object_component id="oc-3dd">
         <name>.text</name>
         <load_address>0x85bfe</load_address>
         <run_address>0x85bfe</run_address>
         <size>0x3d0</size>
         <input_file_ref idref="fl-19"/>
      </object_component>
      <object_component id="oc-371">
         <name>.text</name>
         <load_address>0x85fce</load_address>
         <run_address>0x85fce</run_address>
         <size>0x2d</size>
         <input_file_ref idref="fl-8"/>
      </object_component>
      <object_component id="oc-3a4">
         <name>.text</name>
         <load_address>0x85ffb</load_address>
         <run_address>0x85ffb</run_address>
         <size>0x5</size>
         <input_file_ref idref="fl-6a"/>
      </object_component>
      <object_component id="oc-397">
         <name>.text</name>
         <load_address>0x8603c</load_address>
         <run_address>0x8603c</run_address>
         <size>0x384</size>
         <input_file_ref idref="fl-12"/>
      </object_component>
      <object_component id="oc-159">
         <name>.text:retain</name>
         <load_address>0x863c0</load_address>
         <run_address>0x863c0</run_address>
         <size>0x2c1</size>
         <input_file_ref idref="fl-25"/>
      </object_component>
      <object_component id="oc-3ad">
         <name>.text</name>
         <load_address>0x86681</load_address>
         <run_address>0x86681</run_address>
         <size>0x26b</size>
         <input_file_ref idref="fl-5"/>
      </object_component>
      <object_component id="oc-43b">
         <name>.text</name>
         <load_address>0x868ec</load_address>
         <run_address>0x868ec</run_address>
         <size>0x244</size>
         <input_file_ref idref="fl-2b"/>
      </object_component>
      <object_component id="oc-383">
         <name>.text</name>
         <load_address>0x86b30</load_address>
         <run_address>0x86b30</run_address>
         <size>0x205</size>
         <input_file_ref idref="fl-1e"/>
      </object_component>
      <object_component id="oc-39f">
         <name>.text</name>
         <load_address>0x86d35</load_address>
         <run_address>0x86d35</run_address>
         <size>0x1ff</size>
         <input_file_ref idref="fl-d"/>
      </object_component>
      <object_component id="oc-375">
         <name>.text</name>
         <load_address>0x86f34</load_address>
         <run_address>0x86f34</run_address>
         <size>0x1d3</size>
         <input_file_ref idref="fl-1a"/>
      </object_component>
      <object_component id="oc-396">
         <name>.text</name>
         <load_address>0x87107</load_address>
         <run_address>0x87107</run_address>
         <size>0x193</size>
         <input_file_ref idref="fl-e"/>
      </object_component>
      <object_component id="oc-3b6">
         <name>.text</name>
         <load_address>0x8729a</load_address>
         <run_address>0x8729a</run_address>
         <size>0x120</size>
         <input_file_ref idref="fl-6"/>
      </object_component>
      <object_component id="oc-3db">
         <name>.text</name>
         <load_address>0x873ba</load_address>
         <run_address>0x873ba</run_address>
         <size>0x11c</size>
         <input_file_ref idref="fl-18"/>
      </object_component>
      <object_component id="oc-39a">
         <name>.text</name>
         <load_address>0x874d6</load_address>
         <run_address>0x874d6</run_address>
         <size>0x92</size>
         <input_file_ref idref="fl-3a"/>
      </object_component>
      <object_component id="oc-256">
         <name>.text</name>
         <load_address>0x87568</load_address>
         <run_address>0x87568</run_address>
         <size>0x83</size>
         <input_file_ref idref="fl-52"/>
      </object_component>
      <object_component id="oc-f5">
         <name>.text</name>
         <load_address>0x875eb</load_address>
         <run_address>0x875eb</run_address>
         <size>0x7e</size>
         <input_file_ref idref="fl-15"/>
      </object_component>
      <object_component id="oc-24c">
         <name>.text</name>
         <load_address>0x87669</load_address>
         <run_address>0x87669</run_address>
         <size>0x78</size>
         <input_file_ref idref="fl-50"/>
      </object_component>
      <object_component id="oc-426">
         <name>.text</name>
         <load_address>0x876e1</load_address>
         <run_address>0x876e1</run_address>
         <size>0x73</size>
         <input_file_ref idref="fl-23"/>
      </object_component>
      <object_component id="oc-372">
         <name>.text</name>
         <load_address>0x87754</load_address>
         <run_address>0x87754</run_address>
         <size>0x71</size>
         <input_file_ref idref="fl-2"/>
      </object_component>
      <object_component id="oc-3ba">
         <name>.text</name>
         <load_address>0x877c5</load_address>
         <run_address>0x877c5</run_address>
         <size>0x70</size>
         <input_file_ref idref="fl-16"/>
      </object_component>
      <object_component id="oc-25b">
         <name>.text</name>
         <load_address>0x87835</load_address>
         <run_address>0x87835</run_address>
         <size>0x5a</size>
         <input_file_ref idref="fl-53"/>
      </object_component>
      <object_component id="oc-89">
         <name>.text</name>
         <load_address>0x8788f</load_address>
         <run_address>0x8788f</run_address>
         <size>0x54</size>
         <input_file_ref idref="fl-4f"/>
      </object_component>
      <object_component id="oc-3b4">
         <name>.text</name>
         <load_address>0x878e3</load_address>
         <run_address>0x878e3</run_address>
         <size>0x49</size>
         <input_file_ref idref="fl-17"/>
      </object_component>
      <object_component id="oc-370">
         <name>.text</name>
         <load_address>0x8792c</load_address>
         <run_address>0x8792c</run_address>
         <size>0x34</size>
         <input_file_ref idref="fl-3"/>
      </object_component>
      <object_component id="oc-283">
         <name>.text</name>
         <load_address>0x87960</load_address>
         <run_address>0x87960</run_address>
         <size>0x2a</size>
         <input_file_ref idref="fl-5b"/>
      </object_component>
      <object_component id="oc-36f">
         <name>.text</name>
         <load_address>0x8798a</load_address>
         <run_address>0x8798a</run_address>
         <size>0x29</size>
         <input_file_ref idref="fl-61"/>
      </object_component>
      <object_component id="oc-265">
         <name>.text</name>
         <load_address>0x879b3</load_address>
         <run_address>0x879b3</run_address>
         <size>0x29</size>
         <input_file_ref idref="fl-55"/>
      </object_component>
      <object_component id="oc-424">
         <name>.text</name>
         <load_address>0x879dc</load_address>
         <run_address>0x879dc</run_address>
         <size>0x28</size>
         <input_file_ref idref="fl-32"/>
      </object_component>
      <object_component id="oc-425">
         <name>.text</name>
         <load_address>0x87a04</load_address>
         <run_address>0x87a04</run_address>
         <size>0x26</size>
         <input_file_ref idref="fl-33"/>
      </object_component>
      <object_component id="oc-260">
         <name>.text</name>
         <load_address>0x87a2a</load_address>
         <run_address>0x87a2a</run_address>
         <size>0x25</size>
         <input_file_ref idref="fl-54"/>
      </object_component>
      <object_component id="oc-36c">
         <name>.text</name>
         <load_address>0x87a4f</load_address>
         <run_address>0x87a4f</run_address>
         <size>0x24</size>
         <input_file_ref idref="fl-5d"/>
      </object_component>
      <object_component id="oc-3b5">
         <name>.text</name>
         <load_address>0x87a73</load_address>
         <run_address>0x87a73</run_address>
         <size>0x1d</size>
         <input_file_ref idref="fl-13"/>
      </object_component>
      <object_component id="oc-391">
         <name>.text</name>
         <load_address>0x87a90</load_address>
         <run_address>0x87a90</run_address>
         <size>0x1d</size>
         <input_file_ref idref="fl-5e"/>
      </object_component>
      <object_component id="oc-103">
         <name>.text:retain</name>
         <load_address>0x87aad</load_address>
         <run_address>0x87aad</run_address>
         <size>0x1c</size>
         <input_file_ref idref="fl-17"/>
      </object_component>
      <object_component id="oc-116">
         <name>.text:retain</name>
         <load_address>0x87ac9</load_address>
         <run_address>0x87ac9</run_address>
         <size>0x1a</size>
         <input_file_ref idref="fl-1a"/>
      </object_component>
      <object_component id="oc-26f">
         <name>.text</name>
         <load_address>0x87ae3</load_address>
         <run_address>0x87ae3</run_address>
         <size>0x1a</size>
         <input_file_ref idref="fl-57"/>
      </object_component>
      <object_component id="oc-27e">
         <name>.text</name>
         <load_address>0x87afd</load_address>
         <run_address>0x87afd</run_address>
         <size>0x1a</size>
         <input_file_ref idref="fl-5a"/>
      </object_component>
      <object_component id="oc-26a">
         <name>.text</name>
         <load_address>0x87b17</load_address>
         <run_address>0x87b17</run_address>
         <size>0x18</size>
         <input_file_ref idref="fl-56"/>
      </object_component>
      <object_component id="oc-251">
         <name>.text</name>
         <load_address>0x87b2f</load_address>
         <run_address>0x87b2f</run_address>
         <size>0x17</size>
         <input_file_ref idref="fl-51"/>
      </object_component>
      <object_component id="oc-3a1">
         <name>.text</name>
         <load_address>0x87b46</load_address>
         <run_address>0x87b46</run_address>
         <size>0x16</size>
         <input_file_ref idref="fl-6c"/>
      </object_component>
      <object_component id="oc-3a7">
         <name>.text</name>
         <load_address>0x87b5c</load_address>
         <run_address>0x87b5c</run_address>
         <size>0x15</size>
         <input_file_ref idref="fl-6d"/>
      </object_component>
      <object_component id="oc-3b3">
         <name>.text</name>
         <load_address>0x87b71</load_address>
         <run_address>0x87b71</run_address>
         <size>0x13</size>
         <input_file_ref idref="fl-66"/>
      </object_component>
      <object_component id="oc-288">
         <name>.text</name>
         <load_address>0x87b84</load_address>
         <run_address>0x87b84</run_address>
         <size>0x13</size>
         <input_file_ref idref="fl-5c"/>
      </object_component>
      <object_component id="oc-36e">
         <name>.text</name>
         <load_address>0x87b97</load_address>
         <run_address>0x87b97</run_address>
         <size>0x11</size>
         <input_file_ref idref="fl-63"/>
      </object_component>
      <object_component id="oc-279">
         <name>.text</name>
         <load_address>0x87ba8</load_address>
         <run_address>0x87ba8</run_address>
         <size>0x10</size>
         <input_file_ref idref="fl-59"/>
      </object_component>
      <object_component id="oc-274">
         <name>.text</name>
         <load_address>0x87bb8</load_address>
         <run_address>0x87bb8</run_address>
         <size>0xb</size>
         <input_file_ref idref="fl-58"/>
      </object_component>
      <object_component id="oc-3b7">
         <name>.text</name>
         <load_address>0x87bc3</load_address>
         <run_address>0x87bc3</run_address>
         <size>0x9</size>
         <input_file_ref idref="fl-62"/>
      </object_component>
      <object_component id="oc-3a8">
         <name>.text</name>
         <load_address>0x87bcc</load_address>
         <run_address>0x87bcc</run_address>
         <size>0x9</size>
         <input_file_ref idref="fl-69"/>
      </object_component>
      <object_component id="oc-3a3">
         <name>.text</name>
         <load_address>0x87bd5</load_address>
         <run_address>0x87bd5</run_address>
         <size>0x8</size>
         <input_file_ref idref="fl-6b"/>
      </object_component>
      <object_component id="oc-36b">
         <name>.text</name>
         <load_address>0x87bdd</load_address>
         <run_address>0x87bdd</run_address>
         <size>0x2</size>
         <input_file_ref idref="fl-5f"/>
      </object_component>
      <object_component id="oc-148">
         <name>codestart</name>
         <load_address>0x80000</load_address>
         <run_address>0x80000</run_address>
         <size>0x2</size>
         <input_file_ref idref="fl-22"/>
      </object_component>
      <object_component id="oc-423">
         <name>.TI.ramfunc</name>
         <load_address>0x86000</load_address>
         <run_address>0x8000</run_address>
         <size>0x37</size>
         <input_file_ref idref="fl-36"/>
      </object_component>
      <object_component id="oc-1d4">
         <name>.TI.ramfunc</name>
         <load_address>0x86037</load_address>
         <run_address>0x8037</run_address>
         <size>0x4</size>
         <input_file_ref idref="fl-3d"/>
      </object_component>
      <object_component id="oc-337">
         <name>.cio</name>
         <uninitialized>true</uninitialized>
         <run_address>0xb800</run_address>
         <size>0x120</size>
         <input_file_ref idref="fl-7e"/>
      </object_component>
      <object_component id="oc-246">
         <name>.stack</name>
         <uninitialized>true</uninitialized>
         <run_address>0x400</run_address>
         <size>0x0</size>
         <input_file_ref idref="fl-4f"/>
      </object_component>
      <object_component id="oc-4c4">
         <name>.stack</name>
         <uninitialized>true</uninitialized>
         <run_address>0x400</run_address>
         <size>0x0</size>
      </object_component>
      <object_component id="oc-428">
         <name>.ebss:_rt_thread_stack</name>
         <uninitialized>true</uninitialized>
         <run_address>0xa800</run_address>
         <size>0x400</size>
         <input_file_ref idref="fl-6"/>
      </object_component>
      <object_component id="oc-373">
         <name>.ebss:_uart_obj</name>
         <uninitialized>true</uninitialized>
         <run_address>0xac00</run_address>
         <size>0x9c</size>
         <input_file_ref idref="fl-1a"/>
      </object_component>
      <object_component id="oc-b6">
         <name>.ebss</name>
         <uninitialized>true</uninitialized>
         <run_address>0xac9c</run_address>
         <size>0x24</size>
         <input_file_ref idref="fl-9"/>
      </object_component>
      <object_component id="oc-3a5">
         <name>.ebss:_finsh_prompt$1</name>
         <uninitialized>true</uninitialized>
         <run_address>0xacc0</run_address>
         <size>0x81</size>
         <input_file_ref idref="fl-20"/>
      </object_component>
      <object_component id="oc-1c8">
         <name>.ebss</name>
         <uninitialized>true</uninitialized>
         <run_address>0xad41</run_address>
         <size>0x1</size>
         <input_file_ref idref="fl-3a"/>
      </object_component>
      <object_component id="oc-3c5">
         <name>.ebss:_rt_thread_priority_table</name>
         <uninitialized>true</uninitialized>
         <run_address>0xad42</run_address>
         <size>0x20</size>
         <input_file_ref idref="fl-e"/>
      </object_component>
      <object_component id="oc-38a">
         <name>.ebss:_TRIP_SEL</name>
         <uninitialized>true</uninitialized>
         <run_address>0xad62</run_address>
         <size>0x1e</size>
         <input_file_ref idref="fl-3c"/>
      </object_component>
      <object_component id="oc-3d3">
         <name>.ebss:_rt_log_buf$4</name>
         <uninitialized>true</uninitialized>
         <run_address>0xad80</run_address>
         <size>0x80</size>
         <input_file_ref idref="fl-9"/>
      </object_component>
      <object_component id="oc-3e9">
         <name>.ebss:__object_container</name>
         <uninitialized>true</uninitialized>
         <run_address>0xae00</run_address>
         <size>0x50</size>
         <input_file_ref idref="fl-d"/>
      </object_component>
      <object_component id="oc-390">
         <name>.ebss:_EPWM</name>
         <uninitialized>true</uninitialized>
         <run_address>0xae50</run_address>
         <size>0x1a</size>
         <input_file_ref idref="fl-3c"/>
      </object_component>
      <object_component id="oc-389">
         <name>.ebss:_ECAP</name>
         <uninitialized>true</uninitialized>
         <run_address>0xae6a</run_address>
         <size>0xe</size>
         <input_file_ref idref="fl-3c"/>
      </object_component>
      <object_component id="oc-38b">
         <name>.ebss:_EQEP</name>
         <uninitialized>true</uninitialized>
         <run_address>0xae78</run_address>
         <size>0x8</size>
         <input_file_ref idref="fl-3c"/>
      </object_component>
      <object_component id="oc-429">
         <name>.ebss:_idle</name>
         <uninitialized>true</uninitialized>
         <run_address>0xae80</run_address>
         <size>0x48</size>
         <input_file_ref idref="fl-6"/>
      </object_component>
      <object_component id="oc-14e">
         <name>.ebss</name>
         <uninitialized>true</uninitialized>
         <run_address>0xaec8</run_address>
         <size>0x18</size>
         <input_file_ref idref="fl-23"/>
      </object_component>
      <object_component id="oc-38e">
         <name>.ebss:_ADC</name>
         <uninitialized>true</uninitialized>
         <run_address>0xaee0</run_address>
         <size>0xa</size>
         <input_file_ref idref="fl-3c"/>
      </object_component>
      <object_component id="oc-388">
         <name>.ebss:_SPI</name>
         <uninitialized>true</uninitialized>
         <run_address>0xaeea</run_address>
         <size>0x8</size>
         <input_file_ref idref="fl-3c"/>
      </object_component>
      <object_component id="oc-427">
         <name>.ebss:_idle_hook_list</name>
         <uninitialized>true</uninitialized>
         <run_address>0xaef2</run_address>
         <size>0x8</size>
         <input_file_ref idref="fl-6"/>
      </object_component>
      <object_component id="oc-1b7">
         <name>.ebss</name>
         <uninitialized>true</uninitialized>
         <run_address>0xaefa</run_address>
         <size>0x6</size>
         <input_file_ref idref="fl-37"/>
      </object_component>
      <object_component id="oc-fc">
         <name>.ebss</name>
         <uninitialized>true</uninitialized>
         <run_address>0xaf00</run_address>
         <size>0x8</size>
         <input_file_ref idref="fl-16"/>
      </object_component>
      <object_component id="oc-13c">
         <name>.ebss</name>
         <uninitialized>true</uninitialized>
         <run_address>0xaf08</run_address>
         <size>0x8</size>
         <input_file_ref idref="fl-20"/>
      </object_component>
      <object_component id="oc-38f">
         <name>.ebss:_SDFM</name>
         <uninitialized>true</uninitialized>
         <run_address>0xaf10</run_address>
         <size>0x6</size>
         <input_file_ref idref="fl-3c"/>
      </object_component>
      <object_component id="oc-2a3">
         <name>.ebss</name>
         <uninitialized>true</uninitialized>
         <run_address>0xaf16</run_address>
         <size>0x6</size>
         <input_file_ref idref="fl-61"/>
      </object_component>
      <object_component id="oc-d2">
         <name>.ebss</name>
         <uninitialized>true</uninitialized>
         <run_address>0xaf1c</run_address>
         <size>0x6</size>
         <input_file_ref idref="fl-e"/>
      </object_component>
      <object_component id="oc-38c">
         <name>.ebss:_I2C</name>
         <uninitialized>true</uninitialized>
         <run_address>0xaf22</run_address>
         <size>0x4</size>
         <input_file_ref idref="fl-3c"/>
      </object_component>
      <object_component id="oc-38d">
         <name>.ebss:_MCBSP</name>
         <uninitialized>true</uninitialized>
         <run_address>0xaf26</run_address>
         <size>0x4</size>
         <input_file_ref idref="fl-3c"/>
      </object_component>
      <object_component id="oc-387">
         <name>.ebss:_SCI</name>
         <uninitialized>true</uninitialized>
         <run_address>0xaf2a</run_address>
         <size>0x4</size>
         <input_file_ref idref="fl-3c"/>
      </object_component>
      <object_component id="oc-3cd">
         <name>.ebss:__timer_list</name>
         <uninitialized>true</uninitialized>
         <run_address>0xaf2e</run_address>
         <size>0x4</size>
         <input_file_ref idref="fl-12"/>
      </object_component>
      <object_component id="oc-a1">
         <name>.ebss</name>
         <uninitialized>true</uninitialized>
         <run_address>0xaf32</run_address>
         <size>0x4</size>
         <input_file_ref idref="fl-6"/>
      </object_component>
      <object_component id="oc-af">
         <name>.ebss</name>
         <uninitialized>true</uninitialized>
         <run_address>0xaf36</run_address>
         <size>0x4</size>
         <input_file_ref idref="fl-8"/>
      </object_component>
      <object_component id="oc-2c2">
         <name>.ebss</name>
         <uninitialized>true</uninitialized>
         <run_address>0xaf3a</run_address>
         <size>0x4</size>
         <input_file_ref idref="fl-67"/>
      </object_component>
      <object_component id="oc-393">
         <name>.ebss:__lock</name>
         <uninitialized>true</uninitialized>
         <run_address>0xaf3e</run_address>
         <size>0x2</size>
         <input_file_ref idref="fl-62"/>
      </object_component>
      <object_component id="oc-42a">
         <name>.ebss:__unlock</name>
         <uninitialized>true</uninitialized>
         <run_address>0xaf40</run_address>
         <size>0x2</size>
         <input_file_ref idref="fl-62"/>
      </object_component>
      <object_component id="oc-8c">
         <name>.ebss</name>
         <uninitialized>true</uninitialized>
         <run_address>0xaf42</run_address>
         <size>0x2</size>
         <input_file_ref idref="fl-2"/>
      </object_component>
      <object_component id="oc-2b9">
         <name>.ebss</name>
         <uninitialized>true</uninitialized>
         <run_address>0xaf44</run_address>
         <size>0x1</size>
         <input_file_ref idref="fl-65"/>
      </object_component>
      <object_component id="oc-309">
         <name>.ebss</name>
         <uninitialized>true</uninitialized>
         <run_address>0xaf45</run_address>
         <size>0x1</size>
         <input_file_ref idref="fl-75"/>
      </object_component>
      <object_component id="oc-33e">
         <name>.ebss</name>
         <uninitialized>true</uninitialized>
         <run_address>0xaf46</run_address>
         <size>0x1</size>
         <input_file_ref idref="fl-7f"/>
      </object_component>
      <object_component id="oc-124">
         <name>.ebss</name>
         <uninitialized>true</uninitialized>
         <run_address>0xaf47</run_address>
         <size>0x1</size>
         <input_file_ref idref="fl-1c"/>
      </object_component>
      <object_component id="oc-e3">
         <name>.ebss</name>
         <uninitialized>true</uninitialized>
         <run_address>0xaf48</run_address>
         <size>0x1</size>
         <input_file_ref idref="fl-12"/>
      </object_component>
      <object_component id="oc-2c3">
         <name>.esysmem</name>
         <uninitialized>true</uninitialized>
         <run_address>0xe000</run_address>
         <size>0x4</size>
         <input_file_ref idref="fl-67"/>
      </object_component>
      <object_component id="oc-4c5">
         <name>.esysmem</name>
         <uninitialized>true</uninitialized>
         <run_address>0xe000</run_address>
         <size>0x0</size>
      </object_component>
      <object_component id="oc-12c">
         <name>.econst:.string</name>
         <load_address>0x90000</load_address>
         <run_address>0x90000</run_address>
         <size>0x5f9</size>
         <input_file_ref idref="fl-1d"/>
      </object_component>
      <object_component id="oc-a8">
         <name>.econst:.string</name>
         <load_address>0x905fa</load_address>
         <run_address>0x905fa</run_address>
         <size>0x4b8</size>
         <input_file_ref idref="fl-7"/>
      </object_component>
      <object_component id="oc-bd">
         <name>.econst:.string</name>
         <load_address>0x90ab2</load_address>
         <run_address>0x90ab2</run_address>
         <size>0x403</size>
         <input_file_ref idref="fl-a"/>
      </object_component>
      <object_component id="oc-43c">
         <name>.econst:_PieVectTableInit</name>
         <load_address>0x90eb6</load_address>
         <run_address>0x90eb6</run_address>
         <size>0x1c0</size>
         <input_file_ref idref="fl-33"/>
      </object_component>
      <object_component id="oc-dd">
         <name>.econst:.string</name>
         <load_address>0x91076</load_address>
         <run_address>0x91076</run_address>
         <size>0x197</size>
         <input_file_ref idref="fl-11"/>
      </object_component>
      <object_component id="oc-125">
         <name>.econst:.string</name>
         <load_address>0x9120e</load_address>
         <run_address>0x9120e</run_address>
         <size>0x192</size>
         <input_file_ref idref="fl-1c"/>
      </object_component>
      <object_component id="oc-c5">
         <name>.econst:.string</name>
         <load_address>0x913a0</load_address>
         <run_address>0x913a0</run_address>
         <size>0x145</size>
         <input_file_ref idref="fl-c"/>
      </object_component>
      <object_component id="oc-3d6">
         <name>.econst:.string:___lowest_bit_bitmap</name>
         <load_address>0x914e5</load_address>
         <run_address>0x914e5</run_address>
         <size>0x100</size>
         <input_file_ref idref="fl-9"/>
      </object_component>
      <object_component id="oc-e4">
         <name>.econst:.string</name>
         <load_address>0x915e6</load_address>
         <run_address>0x915e6</run_address>
         <size>0x100</size>
         <input_file_ref idref="fl-12"/>
      </object_component>
      <object_component id="oc-b7">
         <name>.econst:.string</name>
         <load_address>0x916e6</load_address>
         <run_address>0x916e6</run_address>
         <size>0xfd</size>
         <input_file_ref idref="fl-9"/>
      </object_component>
      <object_component id="oc-110">
         <name>.econst:.string</name>
         <load_address>0x917e4</load_address>
         <run_address>0x917e4</run_address>
         <size>0xec</size>
         <input_file_ref idref="fl-19"/>
      </object_component>
      <object_component id="oc-10a">
         <name>.econst:.string</name>
         <load_address>0x918d0</load_address>
         <run_address>0x918d0</run_address>
         <size>0xd1</size>
         <input_file_ref idref="fl-18"/>
      </object_component>
      <object_component id="oc-9a">
         <name>.econst:.string</name>
         <load_address>0x919a2</load_address>
         <run_address>0x919a2</run_address>
         <size>0xbc</size>
         <input_file_ref idref="fl-5"/>
      </object_component>
      <object_component id="oc-133">
         <name>.econst:.string</name>
         <load_address>0x91a5e</load_address>
         <run_address>0x91a5e</run_address>
         <size>0x90</size>
         <input_file_ref idref="fl-1e"/>
      </object_component>
      <object_component id="oc-cb">
         <name>.econst:.string</name>
         <load_address>0x91aee</load_address>
         <run_address>0x91aee</run_address>
         <size>0x8b</size>
         <input_file_ref idref="fl-d"/>
      </object_component>
      <object_component id="oc-13e">
         <name>.econst:.string</name>
         <load_address>0x91b7a</load_address>
         <run_address>0x91b7a</run_address>
         <size>0x81</size>
         <input_file_ref idref="fl-20"/>
      </object_component>
      <object_component id="oc-11d">
         <name>.econst:.string</name>
         <load_address>0x91bfc</load_address>
         <run_address>0x91bfc</run_address>
         <size>0x51</size>
         <input_file_ref idref="fl-1b"/>
      </object_component>
      <object_component id="oc-f0">
         <name>.econst:.string</name>
         <load_address>0x91c4e</load_address>
         <run_address>0x91c4e</run_address>
         <size>0x4c</size>
         <input_file_ref idref="fl-14"/>
      </object_component>
      <object_component id="oc-117">
         <name>.econst:.string</name>
         <load_address>0x91c9a</load_address>
         <run_address>0x91c9a</run_address>
         <size>0x43</size>
         <input_file_ref idref="fl-1a"/>
      </object_component>
      <object_component id="oc-3a0">
         <name>.econst:_device_type_str</name>
         <load_address>0x91cde</load_address>
         <run_address>0x91cde</run_address>
         <size>0x32</size>
         <input_file_ref idref="fl-1d"/>
      </object_component>
      <object_component id="oc-3de">
         <name>.econst:.string:_$P$T5$7</name>
         <load_address>0x91d10</load_address>
         <run_address>0x91d10</run_address>
         <size>0x1d</size>
         <input_file_ref idref="fl-1c"/>
      </object_component>
      <object_component id="oc-3df">
         <name>.econst:.string:_$P$T6$8</name>
         <load_address>0x91d2d</load_address>
         <run_address>0x91d2d</run_address>
         <size>0x1d</size>
         <input_file_ref idref="fl-1c"/>
      </object_component>
      <object_component id="oc-3e0">
         <name>.econst:.string:_$P$T7$9</name>
         <load_address>0x91d4a</load_address>
         <run_address>0x91d4a</run_address>
         <size>0x1d</size>
         <input_file_ref idref="fl-1c"/>
      </object_component>
      <object_component id="oc-3c6">
         <name>.econst:.string:_$P$T0$1</name>
         <load_address>0x91d67</load_address>
         <run_address>0x91d67</run_address>
         <size>0x1a</size>
         <input_file_ref idref="fl-e"/>
      </object_component>
      <object_component id="oc-3c7">
         <name>.econst:.string:_$P$T1$2</name>
         <load_address>0x91d81</load_address>
         <run_address>0x91d81</run_address>
         <size>0x1a</size>
         <input_file_ref idref="fl-e"/>
      </object_component>
      <object_component id="oc-3ef">
         <name>.econst:.string:_$P$T4$5</name>
         <load_address>0x91d9b</load_address>
         <run_address>0x91d9b</run_address>
         <size>0x1a</size>
         <input_file_ref idref="fl-d"/>
      </object_component>
      <object_component id="oc-420">
         <name>.econst:.string:_$P$T8$9</name>
         <load_address>0x91db5</load_address>
         <run_address>0x91db5</run_address>
         <size>0x1a</size>
         <input_file_ref idref="fl-5"/>
      </object_component>
      <object_component id="oc-421">
         <name>.econst:.string:_$P$T9$10</name>
         <load_address>0x91dcf</load_address>
         <run_address>0x91dcf</run_address>
         <size>0x1a</size>
         <input_file_ref idref="fl-5"/>
      </object_component>
      <object_component id="oc-3a9">
         <name>.econst:.string:_$P$T0$2</name>
         <load_address>0x91de9</load_address>
         <run_address>0x91de9</run_address>
         <size>0x16</size>
         <input_file_ref idref="fl-20"/>
      </object_component>
      <object_component id="oc-3aa">
         <name>.econst:.string:_$P$T1$3</name>
         <load_address>0x91dff</load_address>
         <run_address>0x91dff</run_address>
         <size>0x16</size>
         <input_file_ref idref="fl-20"/>
      </object_component>
      <object_component id="oc-3e7">
         <name>.econst:.string:_$P$T14$16</name>
         <load_address>0x91e15</load_address>
         <run_address>0x91e15</run_address>
         <size>0x16</size>
         <input_file_ref idref="fl-1c"/>
      </object_component>
      <object_component id="oc-3c1">
         <name>.econst:.string:_$P$T7$8</name>
         <load_address>0x91e2b</load_address>
         <run_address>0x91e2b</run_address>
         <size>0x16</size>
         <input_file_ref idref="fl-11"/>
      </object_component>
      <object_component id="oc-418">
         <name>.econst:.string:_$P$T0$1</name>
         <load_address>0x91e41</load_address>
         <run_address>0x91e41</run_address>
         <size>0x15</size>
         <input_file_ref idref="fl-5"/>
      </object_component>
      <object_component id="oc-439">
         <name>.econst:.string:_$P$T5$6</name>
         <load_address>0x91e56</load_address>
         <run_address>0x91e56</run_address>
         <size>0x15</size>
         <input_file_ref idref="fl-19"/>
      </object_component>
      <object_component id="oc-3d4">
         <name>.econst:.string:_$P$T1$5</name>
         <load_address>0x91e6b</load_address>
         <run_address>0x91e6b</run_address>
         <size>0x14</size>
         <input_file_ref idref="fl-9"/>
      </object_component>
      <object_component id="oc-438">
         <name>.econst:.string:_$P$T4$5</name>
         <load_address>0x91e7f</load_address>
         <run_address>0x91e7f</run_address>
         <size>0x14</size>
         <input_file_ref idref="fl-19"/>
      </object_component>
      <object_component id="oc-431">
         <name>.econst:.string:_$P$T0$1</name>
         <load_address>0x91e93</load_address>
         <run_address>0x91e93</run_address>
         <size>0x13</size>
         <input_file_ref idref="fl-18"/>
      </object_component>
      <object_component id="oc-42b">
         <name>.econst:.string:_$P$T0$1</name>
         <load_address>0x91ea6</load_address>
         <run_address>0x91ea6</run_address>
         <size>0x13</size>
         <input_file_ref idref="fl-16"/>
      </object_component>
      <object_component id="oc-434">
         <name>.econst:.string:_$P$T0$1</name>
         <load_address>0x91eb9</load_address>
         <run_address>0x91eb9</run_address>
         <size>0x13</size>
         <input_file_ref idref="fl-19"/>
      </object_component>
      <object_component id="oc-432">
         <name>.econst:.string:_$P$T1$2</name>
         <load_address>0x91ecc</load_address>
         <run_address>0x91ecc</run_address>
         <size>0x13</size>
         <input_file_ref idref="fl-18"/>
      </object_component>
      <object_component id="oc-435">
         <name>.econst:.string:_$P$T1$2</name>
         <load_address>0x91edf</load_address>
         <run_address>0x91edf</run_address>
         <size>0x13</size>
         <input_file_ref idref="fl-19"/>
      </object_component>
      <object_component id="oc-433">
         <name>.econst:.string:_$P$T2$3</name>
         <load_address>0x91ef2</load_address>
         <run_address>0x91ef2</run_address>
         <size>0x13</size>
         <input_file_ref idref="fl-18"/>
      </object_component>
      <object_component id="oc-3ed">
         <name>.econst:.string:_$P$T2$3</name>
         <load_address>0x91f05</load_address>
         <run_address>0x91f05</run_address>
         <size>0x13</size>
         <input_file_ref idref="fl-d"/>
      </object_component>
      <object_component id="oc-437">
         <name>.econst:.string:_$P$T3$4</name>
         <load_address>0x91f18</load_address>
         <run_address>0x91f18</run_address>
         <size>0x13</size>
         <input_file_ref idref="fl-19"/>
      </object_component>
      <object_component id="oc-3f0">
         <name>.econst:.string:_$P$T5$6</name>
         <load_address>0x91f2b</load_address>
         <run_address>0x91f2b</run_address>
         <size>0x13</size>
         <input_file_ref idref="fl-d"/>
      </object_component>
      <object_component id="oc-3f2">
         <name>.econst:.string:_$P$T0$1</name>
         <load_address>0x91f3e</load_address>
         <run_address>0x91f3e</run_address>
         <size>0x12</size>
         <input_file_ref idref="fl-7"/>
      </object_component>
      <object_component id="oc-419">
         <name>.econst:.string:_$P$T1$2</name>
         <load_address>0x91f50</load_address>
         <run_address>0x91f50</run_address>
         <size>0x12</size>
         <input_file_ref idref="fl-5"/>
      </object_component>
      <object_component id="oc-3e6">
         <name>.econst:.string:_$P$T13$15</name>
         <load_address>0x91f62</load_address>
         <run_address>0x91f62</run_address>
         <size>0x12</size>
         <input_file_ref idref="fl-1c"/>
      </object_component>
      <object_component id="oc-436">
         <name>.econst:.string:_$P$T2$3</name>
         <load_address>0x91f74</load_address>
         <run_address>0x91f74</run_address>
         <size>0x12</size>
         <input_file_ref idref="fl-19"/>
      </object_component>
      <object_component id="oc-3bd">
         <name>.econst:.string:_$P$T3$4</name>
         <load_address>0x91f86</load_address>
         <run_address>0x91f86</run_address>
         <size>0x12</size>
         <input_file_ref idref="fl-11"/>
      </object_component>
      <object_component id="oc-43a">
         <name>.econst:.string:_$P$T6$7</name>
         <load_address>0x91f98</load_address>
         <run_address>0x91f98</run_address>
         <size>0x12</size>
         <input_file_ref idref="fl-19"/>
      </object_component>
      <object_component id="oc-41f">
         <name>.econst:.string:_$P$T7$8</name>
         <load_address>0x91faa</load_address>
         <run_address>0x91faa</run_address>
         <size>0x12</size>
         <input_file_ref idref="fl-5"/>
      </object_component>
      <object_component id="oc-3c2">
         <name>.econst:.string:_$P$T8$9</name>
         <load_address>0x91fbc</load_address>
         <run_address>0x91fbc</run_address>
         <size>0x12</size>
         <input_file_ref idref="fl-11"/>
      </object_component>
      <object_component id="oc-3c3">
         <name>.econst:.string:_$P$T9$10</name>
         <load_address>0x91fce</load_address>
         <run_address>0x91fce</run_address>
         <size>0x12</size>
         <input_file_ref idref="fl-11"/>
      </object_component>
      <object_component id="oc-d3">
         <name>.econst:.string</name>
         <load_address>0x91fe0</load_address>
         <run_address>0x91fe0</run_address>
         <size>0x12</size>
         <input_file_ref idref="fl-e"/>
      </object_component>
      <object_component id="oc-3ec">
         <name>.econst:.string:_$P$T1$2</name>
         <load_address>0x91ff2</load_address>
         <run_address>0x91ff2</run_address>
         <size>0x11</size>
         <input_file_ref idref="fl-d"/>
      </object_component>
      <object_component id="oc-3c4">
         <name>.econst:.string:_$P$T10$11</name>
         <load_address>0x92003</load_address>
         <run_address>0x92003</run_address>
         <size>0x11</size>
         <input_file_ref idref="fl-11"/>
      </object_component>
      <object_component id="oc-3ff">
         <name>.econst:.string:_$P$T13$14</name>
         <load_address>0x92014</load_address>
         <run_address>0x92014</run_address>
         <size>0x11</size>
         <input_file_ref idref="fl-7"/>
      </object_component>
      <object_component id="oc-400">
         <name>.econst:.string:_$P$T14$15</name>
         <load_address>0x92025</load_address>
         <run_address>0x92025</run_address>
         <size>0x11</size>
         <input_file_ref idref="fl-7"/>
      </object_component>
      <object_component id="oc-3e8">
         <name>.econst:.string:_$P$T15$17</name>
         <load_address>0x92036</load_address>
         <run_address>0x92036</run_address>
         <size>0x11</size>
         <input_file_ref idref="fl-1c"/>
      </object_component>
      <object_component id="oc-407">
         <name>.econst:.string:_$P$T21$22</name>
         <load_address>0x92047</load_address>
         <run_address>0x92047</run_address>
         <size>0x11</size>
         <input_file_ref idref="fl-7"/>
      </object_component>
      <object_component id="oc-3ee">
         <name>.econst:.string:_$P$T3$4</name>
         <load_address>0x92058</load_address>
         <run_address>0x92058</run_address>
         <size>0x11</size>
         <input_file_ref idref="fl-d"/>
      </object_component>
      <object_component id="oc-3be">
         <name>.econst:.string:_$P$T4$5</name>
         <load_address>0x92069</load_address>
         <run_address>0x92069</run_address>
         <size>0x11</size>
         <input_file_ref idref="fl-11"/>
      </object_component>
      <object_component id="oc-3af">
         <name>.econst:.string:_$P$T4$6</name>
         <load_address>0x9207a</load_address>
         <run_address>0x9207a</run_address>
         <size>0x11</size>
         <input_file_ref idref="fl-20"/>
      </object_component>
      <object_component id="oc-3bf">
         <name>.econst:.string:_$P$T5$6</name>
         <load_address>0x9208b</load_address>
         <run_address>0x9208b</run_address>
         <size>0x11</size>
         <input_file_ref idref="fl-11"/>
      </object_component>
      <object_component id="oc-3b0">
         <name>.econst:.string:_$P$T5$7</name>
         <load_address>0x9209c</load_address>
         <run_address>0x9209c</run_address>
         <size>0x11</size>
         <input_file_ref idref="fl-20"/>
      </object_component>
      <object_component id="oc-3cf">
         <name>.econst:.string:_$P$T6$8</name>
         <load_address>0x920ad</load_address>
         <run_address>0x920ad</run_address>
         <size>0x11</size>
         <input_file_ref idref="fl-12"/>
      </object_component>
      <object_component id="oc-3d1">
         <name>.econst:.string:_large_digits$3</name>
         <load_address>0x920be</load_address>
         <run_address>0x920be</run_address>
         <size>0x11</size>
         <input_file_ref idref="fl-9"/>
      </object_component>
      <object_component id="oc-3d2">
         <name>.econst:.string:_small_digits$2</name>
         <load_address>0x920cf</load_address>
         <run_address>0x920cf</run_address>
         <size>0x11</size>
         <input_file_ref idref="fl-9"/>
      </object_component>
      <object_component id="oc-3d7">
         <name>.econst:.string:_$P$T0$1</name>
         <load_address>0x920e0</load_address>
         <run_address>0x920e0</run_address>
         <size>0x10</size>
         <input_file_ref idref="fl-1c"/>
      </object_component>
      <object_component id="oc-3b9">
         <name>.econst:.string:_$P$T0$1</name>
         <load_address>0x920f0</load_address>
         <run_address>0x920f0</run_address>
         <size>0x10</size>
         <input_file_ref idref="fl-11"/>
      </object_component>
      <object_component id="oc-3d8">
         <name>.econst:.string:_$P$T1$2</name>
         <load_address>0x92100</load_address>
         <run_address>0x92100</run_address>
         <size>0x10</size>
         <input_file_ref idref="fl-1c"/>
      </object_component>
      <object_component id="oc-3c9">
         <name>.econst:.string:_$P$T1$2</name>
         <load_address>0x92110</load_address>
         <run_address>0x92110</run_address>
         <size>0x10</size>
         <input_file_ref idref="fl-12"/>
      </object_component>
      <object_component id="oc-3fc">
         <name>.econst:.string:_$P$T10$11</name>
         <load_address>0x92120</load_address>
         <run_address>0x92120</run_address>
         <size>0x10</size>
         <input_file_ref idref="fl-7"/>
      </object_component>
      <object_component id="oc-3e3">
         <name>.econst:.string:_$P$T10$12</name>
         <load_address>0x92130</load_address>
         <run_address>0x92130</run_address>
         <size>0x10</size>
         <input_file_ref idref="fl-1c"/>
      </object_component>
[...]
      <symbol id="sm-10f5">
         <name>_DcsmZ2Regs</name>
         <value>0x5f040</value>
         <object_component_ref idref="oc-215"/>
      </symbol>
      <symbol id="sm-10f6">
         <name>_EPwm4Regs</name>
         <value>0x4300</value>
         <object_component_ref idref="oc-236"/>
      </symbol>
      <symbol id="sm-10f7">
         <name>_FlashPumpSemaphoreRegs</name>
         <value>0x50024</value>
         <object_component_ref idref="oc-1dc"/>
      </symbol>
      <symbol id="sm-10f8">
         <name>_ECap5Regs</name>
         <value>0x5080</value>
         <object_component_ref idref="oc-206"/>
      </symbol>
      <symbol id="sm-10f9">
         <name>_I2cbRegs</name>
         <value>0x7340</value>
         <object_component_ref idref="oc-213"/>
      </symbol>
      <symbol id="sm-10fa">
         <name>_CpuTimer1Regs</name>
         <value>0xc08</value>
         <object_component_ref idref="oc-1e6"/>
      </symbol>
      <symbol id="sm-10fb">
         <name>_RomPrefetchRegs</name>
         <value>0x5e608</value>
         <object_component_ref idref="oc-1dd"/>
      </symbol>
      <symbol id="sm-10fc">
         <name>_Cmpss4Regs</name>
         <value>0x5ce0</value>
         <object_component_ref idref="oc-1fc"/>
      </symbol>
      <symbol id="sm-10fd">
         <name>_EPwm5Regs</name>
         <value>0x4400</value>
         <object_component_ref idref="oc-237"/>
      </symbol>
      <symbol id="sm-10fe">
         <name>_UppRegs</name>
         <value>0x6200</value>
         <object_component_ref idref="oc-224"/>
      </symbol>
      <symbol id="sm-10ff">
         <name>_SpiaRegs</name>
         <value>0x6100</value>
         <object_component_ref idref="oc-1ef"/>
      </symbol>
      <symbol id="sm-1100">
         <name>_CpuSysRegs</name>
         <value>0x5d300</value>
         <object_component_ref idref="oc-230"/>
      </symbol>
      <symbol id="sm-1101">
         <name>_Cla1SoftIntRegs</name>
         <value>0xce0</value>
         <object_component_ref idref="oc-1df"/>
      </symbol>
      <symbol id="sm-1102">
         <name>_CanbRegs</name>
         <value>0x4a000</value>
         <object_component_ref idref="oc-241"/>
      </symbol>
      <symbol id="sm-1103">
         <name>_ECap6Regs</name>
         <value>0x50a0</value>
         <object_component_ref idref="oc-207"/>
      </symbol>
      <symbol id="sm-1104">
         <name>_DmaRegs</name>
         <value>0x1000</value>
         <object_component_ref idref="oc-231"/>
      </symbol>
      <symbol id="sm-1105">
         <name>_EmuBootPins</name>
         <value>0xd01</value>
         <object_component_ref idref="oc-1db"/>
      </symbol>
      <symbol id="sm-1106">
         <name>_XintRegs</name>
         <value>0x7070</value>
         <object_component_ref idref="oc-1e9"/>
      </symbol>
      <symbol id="sm-1107">
         <name>_CpuTimer0Regs</name>
         <value>0xc00</value>
         <object_component_ref idref="oc-1e5"/>
      </symbol>
      <symbol id="sm-1108">
         <name>_Cmpss5Regs</name>
         <value>0x5d00</value>
         <object_component_ref idref="oc-1fd"/>
      </symbol>
      <symbol id="sm-1109">
         <name>_Emif1Regs</name>
         <value>0x47000</value>
         <object_component_ref idref="oc-225"/>
      </symbol>
      <symbol id="sm-110a">
         <name>_AccessProtectionRegs</name>
         <value>0x5f4c0</value>
         <object_component_ref idref="oc-221"/>
      </symbol>
      <symbol id="sm-110b">
         <name>_MemCfgRegs</name>
         <value>0x5f400</value>
         <object_component_ref idref="oc-22c"/>
      </symbol>
      <symbol id="sm-110c">
         <name>_DacaRegs</name>
         <value>0x5c00</value>
         <object_component_ref idref="oc-1e2"/>
      </symbol>
      <symbol id="sm-110d">
         <name>_McbspbRegs</name>
         <value>0x6040</value>
         <object_component_ref idref="oc-219"/>
      </symbol>
      <symbol id="sm-110e">
         <name>_EPwm6Regs</name>
         <value>0x4500</value>
         <object_component_ref idref="oc-238"/>
      </symbol>
      <symbol id="sm-110f">
         <name>_AdcaRegs</name>
         <value>0x7400</value>
         <object_component_ref idref="oc-227"/>
      </symbol>
      <symbol id="sm-1110">
         <name>_SciaRegs</name>
         <value>0x7200</value>
         <object_component_ref idref="oc-1ea"/>
      </symbol>
      <symbol id="sm-1111">
         <name>_EPwm11Regs</name>
         <value>0x4a00</value>
         <object_component_ref idref="oc-23d"/>
      </symbol>
      <symbol id="sm-1112">
         <name>_GpioDataRegs</name>
         <value>0x7f00</value>
         <object_component_ref idref="oc-21c"/>
      </symbol>
      <symbol id="sm-1113">
         <name>_Sdfm1Regs</name>
         <value>0x5e00</value>
         <object_component_ref idref="oc-22d"/>
      </symbol>
      <symbol id="sm-1114">
         <name>_Cmpss2Regs</name>
         <value>0x5ca0</value>
         <object_component_ref idref="oc-1fa"/>
      </symbol>
      <symbol id="sm-1115">
         <name>_Emif2Regs</name>
         <value>0x47800</value>
         <object_component_ref idref="oc-226"/>
      </symbol>
      <symbol id="sm-1116">
         <name>_DcsmZ1Regs</name>
         <value>0x5f000</value>
         <object_component_ref idref="oc-214"/>
      </symbol>
      <symbol id="sm-1117">
         <name>_Flash0CtrlRegs</name>
         <value>0x5f800</value>
         <object_component_ref idref="oc-243"/>
      </symbol>
      <symbol id="sm-1118">
         <name>_EPwm7Regs</name>
         <value>0x4600</value>
         <object_component_ref idref="oc-239"/>
      </symbol>
      <symbol id="sm-1119">
         <name>_SpicRegs</name>
         <value>0x6120</value>
         <object_component_ref idref="oc-1f2"/>
      </symbol>
      <symbol id="sm-111a">
         <name>_EPwm10Regs</name>
         <value>0x4900</value>
         <object_component_ref idref="oc-23c"/>
      </symbol>
      <symbol id="sm-111b">
         <name>_CpuTimer2Regs</name>
         <value>0xc10</value>
         <object_component_ref idref="oc-1e7"/>
      </symbol>
      <symbol id="sm-111c">
         <name>_DmaClaSrcSelRegs</name>
         <value>0x7980</value>
         <object_component_ref idref="oc-1f7"/>
      </symbol>
      <symbol id="sm-111d">
         <name>_AnalogSubsysRegs</name>
         <value>0x5d180</value>
         <object_component_ref idref="oc-223"/>
      </symbol>
      <symbol id="sm-111e">
         <name>_Cmpss3Regs</name>
         <value>0x5cc0</value>
         <object_component_ref idref="oc-1fb"/>
      </symbol>
      <symbol id="sm-111f">
         <name>_DaccRegs</name>
         <value>0x5c20</value>
         <object_component_ref idref="oc-1e4"/>
      </symbol>
      <symbol id="sm-1120">
         <name>_PieCtrlRegs</name>
         <value>0xce0</value>
         <object_component_ref idref="oc-1f8"/>
      </symbol>
      <symbol id="sm-1121">
         <name>_DevCfgRegs</name>
         <value>0x5d000</value>
         <object_component_ref idref="oc-23f"/>
      </symbol>
      <symbol id="sm-1122">
         <name>_SpibRegs</name>
         <value>0x6110</value>
         <object_component_ref idref="oc-1f1"/>
      </symbol>
      <symbol id="sm-1123">
         <name>_AdccRegs</name>
         <value>0x7500</value>
         <object_component_ref idref="oc-22a"/>
      </symbol>
      <symbol id="sm-1124">
         <name>_ScicRegs</name>
         <value>0x7220</value>
         <object_component_ref idref="oc-1ed"/>
      </symbol>
      <symbol id="sm-1125">
         <name>_ECap1Regs</name>
         <value>0x5000</value>
         <object_component_ref idref="oc-201"/>
      </symbol>
      <symbol id="sm-1126">
         <name>_OutputXbarRegs</name>
         <value>0x7a80</value>
         <object_component_ref idref="oc-220"/>
      </symbol>
      <symbol id="sm-1127">
         <name>_MemoryErrorRegs</name>
         <value>0x5f500</value>
         <object_component_ref idref="oc-222"/>
      </symbol>
      <symbol id="sm-1128">
         <name>_Cla1Regs</name>
         <value>0x1400</value>
         <object_component_ref idref="oc-21e"/>
      </symbol>
      <symbol id="sm-1129">
         <name>_EQep1Regs</name>
         <value>0x5100</value>
         <object_component_ref idref="oc-20d"/>
      </symbol>
      <symbol id="sm-112a">
         <name>_DacbRegs</name>
         <value>0x5c10</value>
         <object_component_ref idref="oc-1e3"/>
      </symbol>
      <symbol id="sm-112b">
         <name>_McbspaRegs</name>
         <value>0x6000</value>
         <object_component_ref idref="oc-217"/>
      </symbol>
      <symbol id="sm-112c">
         <name>_EPwm1Regs</name>
         <value>0x4000</value>
         <object_component_ref idref="oc-232"/>
      </symbol>
      <symbol id="sm-112d">
         <name>_AdcbRegs</name>
         <value>0x7480</value>
         <object_component_ref idref="oc-229"/>
      </symbol>
      <symbol id="sm-112e">
         <name>_ScibRegs</name>
         <value>0x7210</value>
         <object_component_ref idref="oc-1ec"/>
      </symbol>
      <symbol id="sm-112f">
         <name>_AdcaResultRegs</name>
         <value>0xb00</value>
         <object_component_ref idref="oc-1f3"/>
      </symbol>
      <symbol id="sm-1130">
         <name>_ECap2Regs</name>
         <value>0x5020</value>
         <object_component_ref idref="oc-203"/>
      </symbol>
      <symbol id="sm-1131">
         <name>_EPwm12Regs</name>
         <value>0x4b00</value>
         <object_component_ref idref="oc-23e"/>
      </symbol>
      <symbol id="sm-1132">
         <name>_AdcbResultRegs</name>
         <value>0xb20</value>
         <object_component_ref idref="oc-1f4"/>
      </symbol>
      <symbol id="sm-1133">
         <name>_AdccResultRegs</name>
         <value>0xb40</value>
         <object_component_ref idref="oc-1f5"/>
      </symbol>
      <symbol id="sm-1134">
         <name>_Emif1ConfigRegs</name>
         <value>0x5f480</value>
         <object_component_ref idref="oc-20b"/>
      </symbol>
      <symbol id="sm-1135">
         <name>_Sdfm2Regs</name>
         <value>0x5e80</value>
         <object_component_ref idref="oc-22f"/>
      </symbol>
      <symbol id="sm-1136">
         <name>_AdcdResultRegs</name>
         <value>0xb60</value>
         <object_component_ref idref="oc-1f6"/>
      </symbol>
      <symbol id="sm-1137">
         <name>_EQep2Regs</name>
         <value>0x5140</value>
         <object_component_ref idref="oc-20f"/>
      </symbol>
      <symbol id="sm-1138">
         <name>_Cmpss1Regs</name>
         <value>0x5c80</value>
         <object_component_ref idref="oc-1f9"/>
      </symbol>
      <symbol id="sm-1139">
         <name>_EPwm8Regs</name>
         <value>0x4700</value>
         <object_component_ref idref="oc-23a"/>
      </symbol>
      <symbol id="sm-113a">
         <name>_Emif2ConfigRegs</name>
         <value>0x5f4a0</value>
         <object_component_ref idref="oc-20c"/>
      </symbol>
      <symbol id="sm-113b">
         <name>_DcsmCommonRegs</name>
         <value>0x5f070</value>
         <object_component_ref idref="oc-1e8"/>
      </symbol>
      <symbol id="sm-113c">
         <name>_EPwm2Regs</name>
         <value>0x4100</value>
         <object_component_ref idref="oc-234"/>
      </symbol>
      <symbol id="sm-113d">
         <name>_ECap3Regs</name>
         <value>0x5040</value>
         <object_component_ref idref="oc-204"/>
      </symbol>
      <symbol id="sm-113e">
         <name>_Cmpss8Regs</name>
         <value>0x5d60</value>
         <object_component_ref idref="oc-200"/>
      </symbol>
      <symbol id="sm-113f">
         <name>_EQep3Regs</name>
         <value>0x5180</value>
         <object_component_ref idref="oc-210"/>
      </symbol>
      <symbol id="sm-1140">
         <name>_SyncSocRegs</name>
         <value>0x7940</value>
         <object_component_ref idref="oc-1e0"/>
      </symbol>
      <symbol id="sm-1141">
         <name>_EPwm9Regs</name>
         <value>0x4800</value>
         <object_component_ref idref="oc-23b"/>
      </symbol>
      <symbol id="sm-1142">
         <name>_NmiIntruptRegs</name>
         <value>0x7060</value>
         <object_component_ref idref="oc-1e1"/>
      </symbol>
      <symbol id="sm-1143">
         <name>_EPwm3Regs</name>
         <value>0x4200</value>
         <object_component_ref idref="oc-235"/>
      </symbol>
      <symbol id="sm-1144">
         <name>_I2caRegs</name>
         <value>0x7300</value>
         <object_component_ref idref="oc-211"/>
      </symbol>
      <symbol id="sm-115f">
         <name>_c_int00</name>
         <value>0x8788f</value>
         <object_component_ref idref="oc-89"/>
      </symbol>
      <symbol id="sm-1160">
         <name>__stack</name>
         <value>0x400</value>
         <object_component_ref idref="oc-246"/>
      </symbol>
      <symbol id="sm-117a">
         <name>FS$$ADD</name>
         <value>0x8766e</value>
         <object_component_ref idref="oc-24c"/>
      </symbol>
      <symbol id="sm-117b">
         <name>FS$$SUB</name>
         <value>0x87669</value>
         <object_component_ref idref="oc-24c"/>
      </symbol>
      <symbol id="sm-118d">
         <name>FS$$CMP</name>
         <value>0x87b2f</value>
         <object_component_ref idref="oc-251"/>
      </symbol>
      <symbol id="sm-119e">
         <name>FS$$DIV</name>
         <value>0x87568</value>
         <object_component_ref idref="oc-256"/>
      </symbol>
      <symbol id="sm-11af">
         <name>FS$$MPY</name>
         <value>0x87835</value>
         <object_component_ref idref="oc-25b"/>
      </symbol>
      <symbol id="sm-11c0">
         <name>FS$$TOI</name>
         <value>0x87a2a</value>
         <object_component_ref idref="oc-260"/>
      </symbol>
      <symbol id="sm-11d3">
         <name>FS$$TOL</name>
         <value>0x879b3</value>
         <object_component_ref idref="oc-265"/>
      </symbol>
      <symbol id="sm-11df">
         <name>LL$$AND</name>
         <value>0x87b17</value>
         <object_component_ref idref="oc-26a"/>
      </symbol>
      <symbol id="sm-11e0">
         <name>LL$$OR</name>
         <value>0x87b1f</value>
         <object_component_ref idref="oc-26a"/>
      </symbol>
      <symbol id="sm-11e1">
         <name>LL$$XOR</name>
         <value>0x87b27</value>
         <object_component_ref idref="oc-26a"/>
      </symbol>
      <symbol id="sm-11f0">
         <name>I$$TOFS</name>
         <value>0x87ae3</value>
         <object_component_ref idref="oc-26f"/>
      </symbol>
      <symbol id="sm-11fc">
         <name>U$$MOD</name>
         <value>0x87bbd</value>
         <object_component_ref idref="oc-274"/>
      </symbol>
      <symbol id="sm-11fd">
         <name>U$$DIV</name>
         <value>0x87bb8</value>
         <object_component_ref idref="oc-274"/>
      </symbol>
      <symbol id="sm-120b">
         <name>U$$TOFS</name>
         <value>0x87ba8</value>
         <object_component_ref idref="oc-279"/>
      </symbol>
      <symbol id="sm-121a">
         <name>L$$TOFS</name>
         <value>0x87afd</value>
         <object_component_ref idref="oc-27e"/>
      </symbol>
      <symbol id="sm-1226">
         <name>UL$$MOD</name>
         <value>0x87984</value>
         <object_component_ref idref="oc-283"/>
      </symbol>
      <symbol id="sm-1227">
         <name>L$$MOD</name>
         <value>0x8796f</value>
         <object_component_ref idref="oc-283"/>
      </symbol>
      <symbol id="sm-1228">
         <name>L$$DIV</name>
         <value>0x87960</value>
         <object_component_ref idref="oc-283"/>
      </symbol>
      <symbol id="sm-1229">
         <name>UL$$DIV</name>
         <value>0x8797d</value>
         <object_component_ref idref="oc-283"/>
      </symbol>
      <symbol id="sm-1239">
         <name>UL$$TOFS</name>
         <value>0x87b84</value>
         <object_component_ref idref="oc-288"/>
      </symbol>
      <symbol id="sm-1248">
         <name>_copy_in</name>
         <value>0x87a4f</value>
         <object_component_ref idref="oc-36c"/>
      </symbol>
      <symbol id="sm-125a">
         <name>_memcpy</name>
         <value>0x87a90</value>
         <object_component_ref idref="oc-391"/>
      </symbol>
      <symbol id="sm-1267">
         <name>__system_pre_init</name>
         <value>0x87bdd</value>
         <object_component_ref idref="oc-36b"/>
      </symbol>
      <symbol id="sm-1275">
         <name>__system_post_cinit</name>
         <value>0x83fff</value>
         <object_component_ref idref="oc-36d"/>
      </symbol>
      <symbol id="sm-128a">
         <name>C$$EXIT</name>
         <value>0x8798a</value>
         <object_component_ref idref="oc-36f"/>
      </symbol>
      <symbol id="sm-128b">
         <name>_exit</name>
         <value>0x8798c</value>
         <object_component_ref idref="oc-36f"/>
      </symbol>
      <symbol id="sm-128d">
         <name>___TI_cleanup_ptr</name>
         <value>0xaf18</value>
         <object_component_ref idref="oc-2a3"/>
      </symbol>
      <symbol id="sm-128e">
         <name>___TI_enable_exit_profile_output</name>
         <value>0xaf16</value>
         <object_component_ref idref="oc-2a3"/>
      </symbol>
      <symbol id="sm-128f">
         <name>_abort</name>
         <value>0x8798a</value>
         <object_component_ref idref="oc-36f"/>
      </symbol>
      <symbol id="sm-1291">
         <name>___TI_dtors_ptr</name>
         <value>0xaf1a</value>
         <object_component_ref idref="oc-2a3"/>
      </symbol>
      <symbol id="sm-12a5">
         <name>__unlock</name>
         <value>0xaf40</value>
         <object_component_ref idref="oc-42a"/>
      </symbol>
      <symbol id="sm-12a6">
         <name>__lock</name>
         <value>0xaf3e</value>
         <object_component_ref idref="oc-393"/>
      </symbol>
      <symbol id="sm-12a7">
         <name>__register_lock</name>
         <value>0x87bc7</value>
         <object_component_ref idref="oc-3b7"/>
      </symbol>
      <symbol id="sm-12a9">
         <name>__nop</name>
         <value>0x87bcb</value>
         <object_component_ref idref="oc-3b7"/>
      </symbol>
      <symbol id="sm-12ab">
         <name>__register_unlock</name>
         <value>0x87bc3</value>
         <object_component_ref idref="oc-3b7"/>
      </symbol>
      <symbol id="sm-12bb">
         <name>__args_main</name>
         <value>0x87b97</value>
         <object_component_ref idref="oc-36e"/>
      </symbol>
      <symbol id="sm-12d0">
         <name>___TI_ft_end</name>
         <value>0xaf44</value>
         <object_component_ref idref="oc-2b9"/>
      </symbol>
      <symbol id="sm-12de">
         <name>_memcmp</name>
         <value>0x87b71</value>
         <object_component_ref idref="oc-3b3"/>
      </symbol>
      <symbol id="sm-12f1">
         <name>__sys_memory</name>
         <value>0xe000</value>
         <object_component_ref idref="oc-2c3"/>
      </symbol>
      <symbol id="sm-1309">
         <name>_strcat</name>
         <value>0x87bcc</value>
         <object_component_ref idref="oc-3a8"/>
      </symbol>
      <symbol id="sm-1317">
         <name>_strcpy</name>
         <value>0x85ffb</value>
         <object_component_ref idref="oc-3a4"/>
      </symbol>
      <symbol id="sm-1325">
         <name>_strlen</name>
         <value>0x87bd5</value>
         <object_component_ref idref="oc-3a3"/>
      </symbol>
      <symbol id="sm-1335">
         <name>_strncmp</name>
         <value>0x87b46</value>
         <object_component_ref idref="oc-3a1"/>
      </symbol>
      <symbol id="sm-1346">
         <name>_strncpy</name>
         <value>0x87b5c</value>
         <object_component_ref idref="oc-3a7"/>
      </symbol>
      <symbol id="sm-13e9">
         <name>__CIOBUF_</name>
         <value>0xb800</value>
         <object_component_ref idref="oc-337"/>
      </symbol>
   </symbol_table>
   <title>Link successful</title>
</link_info>
