******************************************************************************
             TMS320C2000 Linker PC v22.6.0                     
******************************************************************************
>> Linked Wed Jul 27 11:05:58 2022

OUTPUT FILE NAME:   <rt-thread_28377.out>
ENTRY POINT SYMBOL: "_c_int00"  address: 0008788f


MEMORY CONFIGURATION

         name            origin    length      used     unused   attr    fill
----------------------  --------  ---------  --------  --------  ----  --------
PAGE 0:
  RAMM0                 00000122   000002de  00000000  000002de  RWIX
  RAMLS0                00008000   00000800  0000003b  000007c5  RWIX
  RAMLS1                00008800   00000800  00000000  00000800  RWIX
  RAMLS2                00009000   00000800  00000000  00000800  RWIX
  RAMLS3                00009800   00000800  00000000  00000800  RWIX
  RAMLS4                0000a000   00000800  00000000  00000800  RWIX
  RAMD0                 0000b000   00000800  00000000  00000800  RWIX
  RAMGS14               0001a000   00001000  00000000  00001000  RWIX
  RAMGS15               0001b000   00001000  00000000  00001000  RWIX
  BEGIN                 00080000   00000002  00000002  00000000  RWIX
  FLASHA                00080002   00001ffe  00000000  00001ffe  RWIX
  FLASHB                00082000   00002000  00001fff  00000001  RWIX
  FLASHC                00084000   00002000  00002000  00000000  RWIX
  FLASHD                00086000   00002000  00001bde  00000422  RWIX
  FLASHE                00088000   00008000  00000038  00007fc8  RWIX
  FLASHF                00090000   00008000  000025c8  00005a38  RWIX
  FLASHG                00098000   00008000  00000000  00008000  RWIX
  FLASHH                000a0000   00008000  00000000  00008000  RWIX
  FLASHI                000a8000   00008000  00000000  00008000  RWIX
  FLASHJ                000b0000   00008000  00000000  00008000  RWIX
  FLASHK                000b8000   00002000  00000000  00002000  RWIX
  FLASHL                000ba000   00002000  00000000  00002000  RWIX
  FLASHM                000bc000   00002000  00000000  00002000  RWIX
  FLASHN                000be000   00002000  00000000  00002000  RWIX
  RESET                 003fffc0   00000002  00000000  00000002  RWIX

PAGE 1:
  BOOT_RSVD             00000002   00000120  00000000  00000120  RWIX
  RAMM1                 00000400   00000400  00000400  00000000  RWIX
  ADCA_RESULT           00000b00   00000020  00000018  00000008  RWIX
  ADCB_RESULT           00000b20   00000020  00000018  00000008  RWIX
  ADCC_RESULT           00000b40   00000020  00000018  00000008  RWIX
  ADCD_RESULT           00000b60   00000020  00000018  00000008  RWIX
  CPU_TIMER0            00000c00   00000008  00000008  00000000  RWIX
  CPU_TIMER1            00000c08   00000008  00000008  00000000  RWIX
  CPU_TIMER2            00000c10   00000008  00000008  00000000  RWIX
  PIE_CTRL              00000ce0   00000020  0000001a  00000006  RWIX
  PIE_VECT              00000d00   00000200  000001c0  00000040  RWIX
  DMA                   00001000   00000200  000000e0  00000120  RWIX
  CLA1                  00001400   00000040  0000003e  00000002  RWIX
  EPWM1                 00004000   00000100  00000100  00000000  RWIX
  EPWM2                 00004100   00000100  00000100  00000000  RWIX
  EPWM3                 00004200   00000100  00000100  00000000  RWIX
  EPWM4                 00004300   00000100  00000100  00000000  RWIX
  EPWM5                 00004400   00000100  00000100  00000000  RWIX
  EPWM6                 00004500   00000100  00000100  00000000  RWIX
  EPWM7                 00004600   00000100  00000100  00000000  RWIX
  EPWM8                 00004700   00000100  00000100  00000000  RWIX
  EPWM9                 00004800   00000100  00000100  00000000  RWIX
  EPWM10                00004900   00000100  00000100  00000000  RWIX
  EPWM11                00004a00   00000100  00000100  00000000  RWIX
  EPWM12                00004b00   00000100  00000100  00000000  RWIX
  ECAP1                 00005000   00000020  00000020  00000000  RWIX
  ECAP2                 00005020   00000020  00000020  00000000  RWIX
  ECAP3                 00005040   00000020  00000020  00000000  RWIX
  ECAP4                 00005060   00000020  00000020  00000000  RWIX
  ECAP5                 00005080   00000020  00000020  00000000  RWIX
  ECAP6                 000050a0   00000020  00000020  00000000  RWIX
  EQEP1                 00005100   00000040  00000022  0000001e  RWIX
  EQEP2                 00005140   00000040  00000022  0000001e  RWIX
  EQEP3                 00005180   00000040  00000022  0000001e  RWIX
  DACA                  00005c00   00000010  00000008  00000008  RWIX
  DACB                  00005c10   00000010  00000008  00000008  RWIX
  DACC                  00005c20   00000010  00000008  00000008  RWIX
  CMPSS1                00005c80   00000020  00000020  00000000  RWIX
  CMPSS2                00005ca0   00000020  00000020  00000000  RWIX
  CMPSS3                00005cc0   00000020  00000020  00000000  RWIX
  CMPSS4                00005ce0   00000020  00000020  00000000  RWIX
  CMPSS5                00005d00   00000020  00000020  00000000  RWIX
  CMPSS6                00005d20   00000020  00000020  00000000  RWIX
  CMPSS7                00005d40   00000020  00000020  00000000  RWIX
  CMPSS8                00005d60   00000020  00000020  00000000  RWIX
  SDFM1                 00005e00   00000080  00000080  00000000  RWIX
  SDFM2                 00005e80   00000080  00000080  00000000  RWIX
  MCBSPA                00006000   00000040  00000024  0000001c  RWIX
  MCBSPB                00006040   00000040  00000024  0000001c  RWIX
  SPIA                  00006100   00000010  00000010  00000000  RWIX
  SPIB                  00006110   00000010  00000010  00000000  RWIX
  SPIC                  00006120   00000010  00000010  00000000  RWIX
  SPID                  00006130   00000010  00000000  00000010  RWIX
  UPP                   00006200   00000100  00000048  000000b8  RWIX
  WD                    00007000   00000040  0000002b  00000015  RWIX
  NMIINTRUPT            00007060   00000010  00000007  00000009  RWIX
  XINT                  00007070   00000010  0000000b  00000005  RWIX
  SCIA                  00007200   00000010  00000010  00000000  RWIX
  SCIB                  00007210   00000010  00000010  00000000  RWIX
  SCIC                  00007220   00000010  00000010  00000000  RWIX
  SCID                  00007230   00000010  00000010  00000000  RWIX
  I2CA                  00007300   00000040  00000022  0000001e  RWIX
  I2CB                  00007340   00000040  00000022  0000001e  RWIX
  ADCA                  00007400   00000080  00000080  00000000  RWIX
  ADCB                  00007480   00000080  00000080  00000000  RWIX
  ADCC                  00007500   00000080  00000080  00000000  RWIX
  ADCD                  00007580   00000080  00000080  00000000  RWIX
  INPUT_XBAR            00007900   00000020  00000020  00000000  RWIX
  XBAR                  00007920   00000020  00000020  00000000  RWIX
  SYNC_SOC              00007940   00000010  00000006  0000000a  RWIX
  DMACLASRCSEL          00007980   00000040  0000001a  00000026  RWIX
  EPWM_XBAR             00007a00   00000040  00000040  00000000  RWIX
  CLB_XBAR              00007a40   00000040  00000000  00000040  RWIX
  OUTPUT_XBAR           00007a80   00000040  00000040  00000000  RWIX
  GPIOCTRL              00007c00   00000180  00000180  00000000  RWIX
  GPIODAT               00007f00   00000030  00000030  00000000  RWIX
  RAMLS5                0000a800   00000800  00000749  000000b7  RWIX
  RAMD1                 0000b800   00000800  00000120  000006e0  RWIX
  RAMGS0                0000c000   00001000  00000000  00001000  RWIX
  RAMGS1                0000d000   00001000  00000000  00001000  RWIX
  RAMGS2                0000e000   00001000  00000400  00000c00  RWIX
  RAMGS3                0000f000   00001000  00000000  00001000  RWIX
  RAMGS4                00010000   00001000  00000000  00001000  RWIX
  RAMGS5                00011000   00001000  00000000  00001000  RWIX
  RAMGS6                00012000   00001000  00000000  00001000  RWIX
  RAMGS7                00013000   00001000  00000000  00001000  RWIX
  RAMGS8                00014000   00001000  00000000  00001000  RWIX
  RAMGS9                00015000   00001000  00000000  00001000  RWIX
  RAMGS10               00016000   00001000  00000000  00001000  RWIX
  RAMGS11               00017000   00001000  00000000  00001000  RWIX
  RAMGS12               00018000   00001000  00000000  00001000  RWIX
  RAMGS13               00019000   00001000  00000000  00001000  RWIX
  CPU2TOCPU1RAM         0003f800   00000400  00000000  00000400  RWIX
  CPU1TOCPU2RAM         0003fc00   00000400  00000088  00000378  RWIX
  EMIF1                 00047000   00000800  00000070  00000790  RWIX
  EMIF2                 00047800   00000800  00000070  00000790  RWIX
  CANA                  00048000   00000800  00000164  0000069c  RWIX
  CANB                  0004a000   00000800  00000164  0000069c  RWIX
  IPC                   00050000   00000024  00000024  00000000  RWIX
  FLASHPUMPSEMAPHORE    00050024   00000002  00000002  00000000  RWIX
  DEV_CFG               0005d000   00000180  0000012e  00000052  RWIX
  ANALOG_SUBSYS         0005d180   00000080  00000048  00000038  RWIX
  CLK_CFG               0005d200   00000100  00000032  000000ce  RWIX
  CPU_SYS               0005d300   00000100  00000082  0000007e  RWIX
  ROMPREFETCH           0005e608   00000002  00000002  00000000  RWIX
  DCSM_Z1               0005f000   00000030  00000024  0000000c  RWIX
  DCSM_Z2               0005f040   00000030  00000024  0000000c  RWIX
  DCSM_COMMON           0005f070   00000010  00000008  00000008  RWIX
  MEMCFG                0005f400   00000080  00000080  00000000  RWIX
  EMIF1CONFIG           0005f480   00000020  00000020  00000000  RWIX
  EMIF2CONFIG           0005f4a0   00000020  00000020  00000000  RWIX
  ACCESSPROTECTION      0005f4c0   00000040  00000040  00000000  RWIX
  MEMORYERROR           0005f500   00000040  00000040  00000000  RWIX
  ROMWAITSTATE          0005f540   00000002  00000002  00000000  RWIX
  FLASH0_CTRL           0005f800   00000300  00000182  0000017e  RWIX
  FLASH0_ECC            0005fb00   00000040  00000028  00000018  RWIX


SECTION ALLOCATION MAP

 output                                  attributes/
section   page    origin      length       input sections
--------  ----  ----------  ----------   ----------------
.cinit     0    00082000    0000014b     
                  00082000    00000052     object.obj (.cinit:__object_container)
                  00082052    00000021     F2837xD_struct.obj (.cinit:_TRIP_SEL)
                  00082073    0000001d     F2837xD_struct.obj (.cinit:_EPWM)
                  00082090    00000011     F2837xD_struct.obj (.cinit:_ECAP)
                  000820a1    0000000f     shell.obj (.cinit)
                  000820b0    0000000e     rts2800_ml.lib : exit.c.obj (.cinit)
                  000820be    0000000d     F2837xD_struct.obj (.cinit:_ADC)
                  000820cb    0000000b     F2837xD_struct.obj (.cinit:_EQEP)
                  000820d6    0000000b     F2837xD_struct.obj (.cinit:_SPI)
                  000820e1    00000009     F2837xD_struct.obj (.cinit:_SDFM)
                  000820ea    00000007     F2837xD_struct.obj (.cinit:_I2C)
                  000820f1    00000007     F2837xD_struct.obj (.cinit:_MCBSP)
                  000820f8    00000007     F2837xD_struct.obj (.cinit:_SCI)
                  000820ff    00000007     idle.obj (.cinit)
                  00082106    00000005     rts2800_ml.lib : _lock.c.obj (.cinit:__lock)
                  0008210b    00000005                    : _lock.c.obj (.cinit:__unlock)
                  00082110    00000005     drv_sci.obj (.cinit:_uart_obj)
                  00082115    00000005     clock.obj (.cinit)
                  0008211a    00000005     cpuport.obj (.cinit)
                  0008211f    00000005     kservice.obj (.cinit)
                  00082124    00000005     scheduler.obj (.cinit)
                  00082129    00000004     F2837xD_sci_io.obj (.cinit)
                  0008212d    00000004     shell.obj (.cinit:_finsh_prompt$1)
                  00082131    00000004     irq.obj (.cinit)
                  00082135    00000004     rts2800_ml.lib : defs.c.obj (.cinit)
                  00082139    00000004                    : fopen.c.obj (.cinit)
                  0008213d    00000004                    : memory.c.obj (.cinit)
                  00082141    00000004                    : open.c.obj (.cinit)
                  00082145    00000004     serial.obj (.cinit)
                  00082149    00000002     --HOLE-- [fill = 0]

.pinit     0    00082000    00000000     UNINITIALIZED

codestart 
*          0    00080000    00000002     
                  00080000    00000002     F2837xD_CodeStartBranch.obj (codestart)

.TI.ramfunc 
*          0    00086000    0000003b     RUN ADDR = 00008000
                  00086000    00000037     F2837xD_SysCtrl.obj (.TI.ramfunc)
                  00086037    00000004     F2837xD_usDelay.obj (.TI.ramfunc)

.stack     1    00000400    00000400     UNINITIALIZED
                  00000400    00000400     --HOLE--

.cio       1    0000b800    00000120     UNINITIALIZED
                  0000b800    00000120     rts2800_ml.lib : trgmsg.c.obj (.cio)

.esysmem   1    0000e000    00000400     UNINITIALIZED
                  0000e000    00000004     rts2800_ml.lib : memory.c.obj (.esysmem)
                  0000e004    000003fc     --HOLE--

FSymTab    0    00088000    00000038     
                  00088000    0000002c     cmd.obj (FSymTab)
                  0008802c    0000000c     msh.obj (FSymTab)

.reset     0    003fffc0    00000002     DSECT
                  003fffc0    00000002     rts2800_ml.lib : boot28.asm.obj (.reset)

.text      1    00000004    00000000     UNINITIALIZED

.econst    0    00090000    000025c8     
                  00090000    000005f9     cmd.obj (.econst:.string)
                  000905f9    00000001     --HOLE-- [fill = 0]
                  000905fa    000004b8     ipc.obj (.econst:.string)
                  00090ab2    00000403     mem.obj (.econst:.string)
                  00090eb5    00000001     --HOLE-- [fill = 0]
                  00090eb6    000001c0     F2837xD_PieVect.obj (.econst:_PieVectTableInit)
                  00091076    00000197     thread.obj (.econst:.string)
                  0009120d    00000001     --HOLE-- [fill = 0]
                  0009120e    00000192     serial.obj (.econst:.string)
                  000913a0    00000145     mempool.obj (.econst:.string)
                  000914e5    00000100     kservice.obj (.econst:.string:___lowest_bit_bitmap)
                  000915e5    00000001     --HOLE-- [fill = 0]
                  000915e6    00000100     timer.obj (.econst:.string)
                  000916e6    000000fd     kservice.obj (.econst:.string)
                  000917e3    00000001     --HOLE-- [fill = 0]
                  000917e4    000000ec     dataqueue.obj (.econst:.string)
                  000918d0    000000d1     completion.obj (.econst:.string)
                  000919a1    00000001     --HOLE-- [fill = 0]
                  000919a2    000000bc     device.obj (.econst:.string)
                  00091a5e    00000090     msh.obj (.econst:.string)
                  00091aee    0000008b     object.obj (.econst:.string)
                  00091b79    00000001     --HOLE-- [fill = 0]
                  00091b7a    00000081     shell.obj (.econst:.string)
                  00091bfb    00000001     --HOLE-- [fill = 0]
                  00091bfc    00000051     queue.obj (.econst:.string)
                  00091c4d    00000001     --HOLE-- [fill = 0]
                  00091c4e    0000004c     startup.obj (.econst:.string)
                  00091c9a    00000043     drv_sci.obj (.econst:.string)
                  00091cdd    00000001     --HOLE-- [fill = 0]
                  00091cde    00000032     cmd.obj (.econst:_device_type_str)
                  00091d10    0000001d     serial.obj (.econst:.string:_$P$T5$7)
                  00091d2d    0000001d     serial.obj (.econst:.string:_$P$T6$8)
                  00091d4a    0000001d     serial.obj (.econst:.string:_$P$T7$9)
                  00091d67    0000001a     scheduler.obj (.econst:.string:_$P$T0$1)
                  00091d81    0000001a     scheduler.obj (.econst:.string:_$P$T1$2)
                  00091d9b    0000001a     object.obj (.econst:.string:_$P$T4$5)
                  00091db5    0000001a     device.obj (.econst:.string:_$P$T8$9)
                  00091dcf    0000001a     device.obj (.econst:.string:_$P$T9$10)
                  00091de9    00000016     shell.obj (.econst:.string:_$P$T0$2)
                  00091dff    00000016     shell.obj (.econst:.string:_$P$T1$3)
                  00091e15    00000016     serial.obj (.econst:.string:_$P$T14$16)
                  00091e2b    00000016     thread.obj (.econst:.string:_$P$T7$8)
                  00091e41    00000015     device.obj (.econst:.string:_$P$T0$1)
                  00091e56    00000015     dataqueue.obj (.econst:.string:_$P$T5$6)
                  00091e6b    00000014     kservice.obj (.econst:.string:_$P$T1$5)
                  00091e7f    00000014     dataqueue.obj (.econst:.string:_$P$T4$5)
                  00091e93    00000013     completion.obj (.econst:.string:_$P$T0$1)
                  00091ea6    00000013     cpuport.obj (.econst:.string:_$P$T0$1)
                  00091eb9    00000013     dataqueue.obj (.econst:.string:_$P$T0$1)
                  00091ecc    00000013     completion.obj (.econst:.string:_$P$T1$2)
                  00091edf    00000013     dataqueue.obj (.econst:.string:_$P$T1$2)
                  00091ef2    00000013     completion.obj (.econst:.string:_$P$T2$3)
                  00091f05    00000013     object.obj (.econst:.string:_$P$T2$3)
                  00091f18    00000013     dataqueue.obj (.econst:.string:_$P$T3$4)
                  00091f2b    00000013     object.obj (.econst:.string:_$P$T5$6)
                  00091f3e    00000012     ipc.obj (.econst:.string:_$P$T0$1)
                  00091f50    00000012     device.obj (.econst:.string:_$P$T1$2)
                  00091f62    00000012     serial.obj (.econst:.string:_$P$T13$15)
                  00091f74    00000012     dataqueue.obj (.econst:.string:_$P$T2$3)
                  00091f86    00000012     thread.obj (.econst:.string:_$P$T3$4)
                  00091f98    00000012     dataqueue.obj (.econst:.string:_$P$T6$7)
                  00091faa    00000012     device.obj (.econst:.string:_$P$T7$8)
                  00091fbc    00000012     thread.obj (.econst:.string:_$P$T8$9)
                  00091fce    00000012     thread.obj (.econst:.string:_$P$T9$10)
                  00091fe0    00000012     scheduler.obj (.econst:.string)
                  00091ff2    00000011     object.obj (.econst:.string:_$P$T1$2)
                  00092003    00000011     thread.obj (.econst:.string:_$P$T10$11)
                  00092014    00000011     ipc.obj (.econst:.string:_$P$T13$14)
                  00092025    00000011     ipc.obj (.econst:.string:_$P$T14$15)
                  00092036    00000011     serial.obj (.econst:.string:_$P$T15$17)
                  00092047    00000011     ipc.obj (.econst:.string:_$P$T21$22)
                  00092058    00000011     object.obj (.econst:.string:_$P$T3$4)
                  00092069    00000011     thread.obj (.econst:.string:_$P$T4$5)
                  0009207a    00000011     shell.obj (.econst:.string:_$P$T4$6)
                  0009208b    00000011     thread.obj (.econst:.string:_$P$T5$6)
                  0009209c    00000011     shell.obj (.econst:.string:_$P$T5$7)
                  000920ad    00000011     timer.obj (.econst:.string:_$P$T6$8)
                  000920be    00000011     kservice.obj (.econst:.string:_large_digits$3)
                  000920cf    00000011     kservice.obj (.econst:.string:_small_digits$2)
                  000920e0    00000010     serial.obj (.econst:.string:_$P$T0$1)
                  000920f0    00000010     thread.obj (.econst:.string:_$P$T0$1)
                  00092100    00000010     serial.obj (.econst:.string:_$P$T1$2)
                  00092110    00000010     timer.obj (.econst:.string:_$P$T1$2)
                  00092120    00000010     ipc.obj (.econst:.string:_$P$T10$11)
                  00092130    00000010     serial.obj (.econst:.string:_$P$T10$12)
                  00092140    00000010     ipc.obj (.econst:.string:_$P$T11$12)
                  00092150    00000010     serial.obj (.econst:.string:_$P$T12$14)
                  00092160    00000010     ipc.obj (.econst:.string:_$P$T16$17)
                  00092170    00000010     ipc.obj (.econst:.string:_$P$T17$18)
                  00092180    00000010     ipc.obj (.econst:.string:_$P$T18$19)
                  00092190    00000010     timer.obj (.econst:.string:_$P$T2$3)
                  000921a0    00000010     ipc.obj (.econst:.string:_$P$T26$27)
                  000921b0    00000010     mem.obj (.econst:.string:_$P$T3$4)
                  000921c0    00000010     timer.obj (.econst:.string:_$P$T3$4)
                  000921d0    00000010     ipc.obj (.econst:.string:_$P$T34$35)
                  000921e0    00000010     device.obj (.econst:.string:_$P$T4$5)
                  000921f0    00000010     device.obj (.econst:.string:_$P$T6$7)
                  00092200    00000010     thread.obj (.econst:.string:_$P$T6$7)
                  00092210    00000010     ipc.obj (.econst:.string:_$P$T9$10)
                  00092220    00000010     cpuport.obj (.econst:.string)
                  00092230    0000000f     drv_sci.obj (.econst:.string:_$P$T0$1)
                  0009223f    0000000f     object.obj (.econst:.string:_$P$T0$1)
                  0009224e    0000000f     mem.obj (.econst:.string:_$P$T1$2)
                  0009225d    0000000f     serial.obj (.econst:.string:_$P$T11$13)
                  0009226c    0000000f     device.obj (.econst:.string:_$P$T2$3)
                  0009227b    0000000f     serial.obj (.econst:.string:_$P$T2$3)
                  0009228a    0000000f     thread.obj (.econst:.string:_$P$T2$3)
                  00092299    0000000f     device.obj (.econst:.string:_$P$T3$4)
                  000922a8    0000000f     serial.obj (.econst:.string:_$P$T3$4)
                  000922b7    0000000f     serial.obj (.econst:.string:_$P$T4$5)
                  000922c6    0000000f     timer.obj (.econst:.string:_$P$T4$6)
                  000922d5    0000000f     device.obj (.econst:.string:_$P$T5$6)
                  000922e4    0000000f     ipc.obj (.econst:.string:_$P$T6$7)
                  000922f3    0000000f     object.obj (.econst:.string:_$P$T6$7)
                  00092302    0000000f     shell.obj (.econst:.string:_$P$T6$8)
                  00092311    0000000f     ipc.obj (.econst:.string:_$P$T7$8)
                  00092320    0000000f     shell.obj (.econst:.string:_$P$T7$9)
                  0009232f    0000000f     serial.obj (.econst:.string:_$P$T8$10)
                  0009233e    0000000f     serial.obj (.econst:.string:_$P$T9$11)
                  0009234d    0000000e     msh.obj (.econst:.string:_$P$T0$1)
                  0009235b    0000000e     timer.obj (.econst:.string:_$P$T0$1)
                  00092369    0000000e     ipc.obj (.econst:.string:_$P$T12$13)
                  00092377    0000000e     ipc.obj (.econst:.string:_$P$T15$16)
                  00092385    0000000e     ipc.obj (.econst:.string:_$P$T19$20)
                  00092393    0000000e     ipc.obj (.econst:.string:_$P$T2$3)
                  000923a1    0000000e     mem.obj (.econst:.string:_$P$T2$3)
                  000923af    0000000e     shell.obj (.econst:.string:_$P$T2$4)
                  000923bd    0000000e     ipc.obj (.econst:.string:_$P$T20$21)
                  000923cb    0000000e     ipc.obj (.econst:.string:_$P$T29$30)
                  000923d9    0000000e     ipc.obj (.econst:.string:_$P$T3$4)
                  000923e7    0000000e     ipc.obj (.econst:.string:_$P$T37$38)
                  000923f5    0000000e     ipc.obj (.econst:.string:_$P$T4$5)
                  00092403    0000000e     timer.obj (.econst:.string:_$P$T5$7)
                  00092411    0000000e     ipc.obj (.econst:.string:_$P$T8$9)
                  0009241f    0000000e     cmd.obj (.econst:.string:___fsym_list_msgqueue_name)
                  0009242d    0000000d     kservice.obj (.econst:.string:_$P$T0$1)
                  0009243a    0000000d     thread.obj (.econst:.string:_$P$T1$2)
                  00092447    0000000d     ipc.obj (.econst:.string:_$P$T23$24)
                  00092454    0000000d     ipc.obj (.econst:.string:_$P$T24$25)
                  00092461    0000000d     ipc.obj (.econst:.string:_$P$T25$26)
                  0009246e    0000000d     ipc.obj (.econst:.string:_$P$T27$28)
                  0009247b    0000000d     shell.obj (.econst:.string:_$P$T3$5)
                  00092488    0000000d     ipc.obj (.econst:.string:_$P$T31$32)
                  00092495    0000000d     ipc.obj (.econst:.string:_$P$T32$33)
                  000924a2    0000000d     ipc.obj (.econst:.string:_$P$T33$34)
                  000924af    0000000d     ipc.obj (.econst:.string:_$P$T35$36)
                  000924bc    0000000d     mem.obj (.econst:.string:_$P$T4$5)
                  000924c9    0000000d     cmd.obj (.econst:.string:___fsym_list_mailbox_name)
                  000924d6    0000000d     cmd.obj (.econst:.string:___fsym_list_mempool_name)
                  000924e3    0000000c     ipc.obj (.econst:.string:_$P$T1$2)
                  000924ef    0000000c     ipc.obj (.econst:.string:_$P$T5$6)
                  000924fb    0000000c     cmd.obj (.econst:.string:___fsym_list_device_name)
                  00092507    0000000c     cmd.obj (.econst:.string:___fsym_list_thread_name)
                  00092513    0000000b     mem.obj (.econst:.string:_$P$T0$1)
                  0009251e    0000000b     ipc.obj (.econst:.string:_$P$T22$23)
                  00092529    0000000b     ipc.obj (.econst:.string:_$P$T28$29)
                  00092534    0000000b     ipc.obj (.econst:.string:_$P$T30$31)
                  0009253f    0000000b     ipc.obj (.econst:.string:_$P$T36$37)
                  0009254a    0000000b     cmd.obj (.econst:.string:___fsym_list_event_name)
                  00092555    0000000b     cmd.obj (.econst:.string:___fsym_list_mutex_name)
                  00092560    0000000b     cmd.obj (.econst:.string:___fsym_list_timer_name)
                  0009256b    00000001     --HOLE-- [fill = 0]
                  0009256c    0000000a     drv_sci.obj (.econst:_c28x_uart_ops)
                  00092576    00000009     drv_sci.obj (.econst:.string:_$P$T1$2)
                  0009257f    00000009     cmd.obj (.econst:.string:___fsym_list_sem_name)
                  00092588    00000008     cmd.obj (.econst:.string:___fsym_version_name)
                  00092590    00000008     idle.obj (.econst:.string)
                  00092598    00000008     components.obj (.econst)
                  000925a0    00000006     cmd.obj (.econst:.string:___fsym_clear_name)
                  000925a6    00000005     msh.obj (.econst:.string:___fsym_free_name)
                  000925ab    00000005     msh.obj (.econst:.string:___fsym_help_name)
                  000925b0    00000005     application.obj (.econst:.string)
                  000925b5    00000001     --HOLE-- [fill = 0]
                  000925b6    00000005     board.obj (.econst:.string)
                  000925bb    00000001     --HOLE-- [fill = 0]
                  000925bc    00000004     drv_sci.obj (.econst:_$P$T2$3)
                  000925c0    00000003     msh.obj (.econst:.string:___fsym_ps_name)
                  000925c3    00000001     --HOLE-- [fill = 0]
                  000925c4    00000002     rts2800_ml.lib : fputs.c.obj (.econst:.string)
                  000925c6    00000002     shell.obj (.econst)

AdcaResultFile 
*          1    00000b00    00000018     UNINITIALIZED
                  00000b00    00000018     F2837xD_GlobalVariableDefs.obj (AdcaResultFile)

AdcbResultFile 
*          1    00000b20    00000018     UNINITIALIZED
                  00000b20    00000018     F2837xD_GlobalVariableDefs.obj (AdcbResultFile)

AdccResultFile 
*          1    00000b40    00000018     UNINITIALIZED
                  00000b40    00000018     F2837xD_GlobalVariableDefs.obj (AdccResultFile)

AdcdResultFile 
*          1    00000b60    00000018     UNINITIALIZED
                  00000b60    00000018     F2837xD_GlobalVariableDefs.obj (AdcdResultFile)

CpuTimer0RegsFile 
*          1    00000c00    00000008     UNINITIALIZED
                  00000c00    00000008     F2837xD_GlobalVariableDefs.obj (CpuTimer0RegsFile)

CpuTimer1RegsFile 
*          1    00000c08    00000008     UNINITIALIZED
                  00000c08    00000008     F2837xD_GlobalVariableDefs.obj (CpuTimer1RegsFile)

CpuTimer2RegsFile 
*          1    00000c10    00000008     UNINITIALIZED
                  00000c10    00000008     F2837xD_GlobalVariableDefs.obj (CpuTimer2RegsFile)

PieCtrlRegsFile 
*          1    00000ce0    0000001a     UNINITIALIZED
                  00000ce0    0000001a     F2837xD_GlobalVariableDefs.obj (PieCtrlRegsFile)

DmaRegsFile 
*          1    00001000    000000e0     UNINITIALIZED
                  00001000    000000e0     F2837xD_GlobalVariableDefs.obj (DmaRegsFile)

Cla1RegsFile 
*          1    00001400    0000003e     UNINITIALIZED
                  00001400    0000003e     F2837xD_GlobalVariableDefs.obj (Cla1RegsFile)

EPwm1RegsFile 
*          1    00004000    00000100     UNINITIALIZED
                  00004000    00000100     F2837xD_GlobalVariableDefs.obj (EPwm1RegsFile)

EPwm2RegsFile 
*          1    00004100    00000100     UNINITIALIZED
                  00004100    00000100     F2837xD_GlobalVariableDefs.obj (EPwm2RegsFile)

EPwm3RegsFile 
*          1    00004200    00000100     UNINITIALIZED
                  00004200    00000100     F2837xD_GlobalVariableDefs.obj (EPwm3RegsFile)

EPwm4RegsFile 
*          1    00004300    00000100     UNINITIALIZED
                  00004300    00000100     F2837xD_GlobalVariableDefs.obj (EPwm4RegsFile)

EPwm5RegsFile 
*          1    00004400    00000100     UNINITIALIZED
                  00004400    00000100     F2837xD_GlobalVariableDefs.obj (EPwm5RegsFile)

EPwm6RegsFile 
*          1    00004500    00000100     UNINITIALIZED
                  00004500    00000100     F2837xD_GlobalVariableDefs.obj (EPwm6RegsFile)

EPwm7RegsFile 
*          1    00004600    00000100     UNINITIALIZED
                  00004600    00000100     F2837xD_GlobalVariableDefs.obj (EPwm7RegsFile)

EPwm8RegsFile 
*          1    00004700    00000100     UNINITIALIZED
                  00004700    00000100     F2837xD_GlobalVariableDefs.obj (EPwm8RegsFile)

EPwm9RegsFile 
*          1    00004800    00000100     UNINITIALIZED
                  00004800    00000100     F2837xD_GlobalVariableDefs.obj (EPwm9RegsFile)

EPwm10RegsFile 
*          1    00004900    00000100     UNINITIALIZED
                  00004900    00000100     F2837xD_GlobalVariableDefs.obj (EPwm10RegsFile)

EPwm11RegsFile 
*          1    00004a00    00000100     UNINITIALIZED
                  00004a00    00000100     F2837xD_GlobalVariableDefs.obj (EPwm11RegsFile)

EPwm12RegsFile 
*          1    00004b00    00000100     UNINITIALIZED
                  00004b00    00000100     F2837xD_GlobalVariableDefs.obj (EPwm12RegsFile)

ECap1RegsFile 
*          1    00005000    00000020     UNINITIALIZED
                  00005000    00000020     F2837xD_GlobalVariableDefs.obj (ECap1RegsFile)

ECap2RegsFile 
*          1    00005020    00000020     UNINITIALIZED
                  00005020    00000020     F2837xD_GlobalVariableDefs.obj (ECap2RegsFile)

ECap3RegsFile 
*          1    00005040    00000020     UNINITIALIZED
                  00005040    00000020     F2837xD_GlobalVariableDefs.obj (ECap3RegsFile)

ECap4RegsFile 
*          1    00005060    00000020     UNINITIALIZED
                  00005060    00000020     F2837xD_GlobalVariableDefs.obj (ECap4RegsFile)

ECap5RegsFile 
*          1    00005080    00000020     UNINITIALIZED
                  00005080    00000020     F2837xD_GlobalVariableDefs.obj (ECap5RegsFile)

ECap6RegsFile 
*          1    000050a0    00000020     UNINITIALIZED
                  000050a0    00000020     F2837xD_GlobalVariableDefs.obj (ECap6RegsFile)

EQep1RegsFile 
*          1    00005100    00000022     UNINITIALIZED
                  00005100    00000022     F2837xD_GlobalVariableDefs.obj (EQep1RegsFile)

EQep2RegsFile 
*          1    00005140    00000022     UNINITIALIZED
                  00005140    00000022     F2837xD_GlobalVariableDefs.obj (EQep2RegsFile)

EQep3RegsFile 
*          1    00005180    00000022     UNINITIALIZED
                  00005180    00000022     F2837xD_GlobalVariableDefs.obj (EQep3RegsFile)

DacaRegsFile 
*          1    00005c00    00000008     UNINITIALIZED
                  00005c00    00000008     F2837xD_GlobalVariableDefs.obj (DacaRegsFile)

DacbRegsFile 
*          1    00005c10    00000008     UNINITIALIZED
                  00005c10    00000008     F2837xD_GlobalVariableDefs.obj (DacbRegsFile)

DaccRegsFile 
*          1    00005c20    00000008     UNINITIALIZED
                  00005c20    00000008     F2837xD_GlobalVariableDefs.obj (DaccRegsFile)

Sdfm1RegsFile 
*          1    00005e00    00000080     UNINITIALIZED
                  00005e00    00000080     F2837xD_GlobalVariableDefs.obj (Sdfm1RegsFile)

Sdfm2RegsFile 
*          1    00005e80    00000080     UNINITIALIZED
                  00005e80    00000080     F2837xD_GlobalVariableDefs.obj (Sdfm2RegsFile)

McbspaRegsFile 
*          1    00006000    00000024     UNINITIALIZED
                  00006000    00000024     F2837xD_GlobalVariableDefs.obj (McbspaRegsFile)

McbspbRegsFile 
*          1    00006040    00000024     UNINITIALIZED
                  00006040    00000024     F2837xD_GlobalVariableDefs.obj (McbspbRegsFile)

SpiaRegsFile 
*          1    00006100    00000010     UNINITIALIZED
                  00006100    00000010     F2837xD_GlobalVariableDefs.obj (SpiaRegsFile)

SpibRegsFile 
*          1    00006110    00000010     UNINITIALIZED
                  00006110    00000010     F2837xD_GlobalVariableDefs.obj (SpibRegsFile)

SpicRegsFile 
*          1    00006120    00000010     UNINITIALIZED
                  00006120    00000010     F2837xD_GlobalVariableDefs.obj (SpicRegsFile)

UppRegsFile 
*          1    00006200    00000048     UNINITIALIZED
                  00006200    00000048     F2837xD_GlobalVariableDefs.obj (UppRegsFile)

WdRegsFile 
*          1    00007000    0000002b     UNINITIALIZED
                  00007000    0000002b     F2837xD_GlobalVariableDefs.obj (WdRegsFile)

NmiIntruptRegsFile 
*          1    00007060    00000007     UNINITIALIZED
                  00007060    00000007     F2837xD_GlobalVariableDefs.obj (NmiIntruptRegsFile)

XintRegsFile 
*          1    00007070    0000000b     UNINITIALIZED
                  00007070    0000000b     F2837xD_GlobalVariableDefs.obj (XintRegsFile)

SciaRegsFile 
*          1    00007200    00000010     UNINITIALIZED
                  00007200    00000010     F2837xD_GlobalVariableDefs.obj (SciaRegsFile)

ScibRegsFile 
*          1    00007210    00000010     UNINITIALIZED
                  00007210    00000010     F2837xD_GlobalVariableDefs.obj (ScibRegsFile)

ScicRegsFile 
*          1    00007220    00000010     UNINITIALIZED
                  00007220    00000010     F2837xD_GlobalVariableDefs.obj (ScicRegsFile)

ScidRegsFile 
*          1    00007230    00000010     UNINITIALIZED
                  00007230    00000010     F2837xD_GlobalVariableDefs.obj (ScidRegsFile)

I2caRegsFile 
*          1    00007300    00000022     UNINITIALIZED
                  00007300    00000022     F2837xD_GlobalVariableDefs.obj (I2caRegsFile)

I2cbRegsFile 
*          1    00007340    00000022     UNINITIALIZED
                  00007340    00000022     F2837xD_GlobalVariableDefs.obj (I2cbRegsFile)

InputXbarRegsFile 
*          1    00007900    00000020     UNINITIALIZED
                  00007900    00000020     F2837xD_GlobalVariableDefs.obj (InputXbarRegsFile)

XbarRegsFile 
*          1    00007920    00000020     UNINITIALIZED
                  00007920    00000020     F2837xD_GlobalVariableDefs.obj (XbarRegsFile)

SyncSocRegsFile 
*          1    00007940    00000006     UNINITIALIZED
                  00007940    00000006     F2837xD_GlobalVariableDefs.obj (SyncSocRegsFile)

DmaClaSrcSelRegsFile 
*          1    00007980    0000001a     UNINITIALIZED
                  00007980    0000001a     F2837xD_GlobalVariableDefs.obj (DmaClaSrcSelRegsFile)

EPwmXbarRegsFile 
*          1    00007a00    00000040     UNINITIALIZED
                  00007a00    00000040     F2837xD_GlobalVariableDefs.obj (EPwmXbarRegsFile)

OutputXbarRegsFile 
*          1    00007a80    00000040     UNINITIALIZED
                  00007a80    00000040     F2837xD_GlobalVariableDefs.obj (OutputXbarRegsFile)

GpioCtrlRegsFile 
*          1    00007c00    00000180     UNINITIALIZED
                  00007c00    00000180     F2837xD_GlobalVariableDefs.obj (GpioCtrlRegsFile)

GpioDataRegsFile 
*          1    00007f00    00000030     UNINITIALIZED
                  00007f00    00000030     F2837xD_GlobalVariableDefs.obj (GpioDataRegsFile)

PUTBUFFER 
*          1    0003fc00    00000080     UNINITIALIZED
                  0003fc00    00000080     F2837xD_Ipc_Driver.obj (PUTBUFFER)

PUTWRITEIDX 
*          1    0003fc80    00000004     UNINITIALIZED
                  0003fc80    00000004     F2837xD_Ipc_Driver.obj (PUTWRITEIDX)

GETREADIDX 
*          1    0003fc84    00000004     UNINITIALIZED
                  0003fc84    00000004     F2837xD_Ipc_Driver.obj (GETREADIDX)

GETBUFFER 
*          0    0003f800    00000080     DSECT
                  0003f800    00000080     F2837xD_Ipc_Driver.obj (GETBUFFER)

GETWRITEIDX 
*          0    0003f880    00000004     DSECT
                  0003f880    00000004     F2837xD_Ipc_Driver.obj (GETWRITEIDX)

PUTREADIDX 
*          0    0003f884    00000004     DSECT
                  0003f884    00000004     F2837xD_Ipc_Driver.obj (PUTREADIDX)

PieVectTableFile 
*          1    00000d00    000001c0     UNINITIALIZED
                  00000d00    000001c0     F2837xD_GlobalVariableDefs.obj (PieVectTableFile)

EmuBModeVar 
*          1    00000d00    00000001     UNINITIALIZED
                  00000d00    00000001     F2837xD_GlobalVariableDefs.obj (EmuBModeVar)

EmuBootPinsVar 
*          1    00000d01    00000001     UNINITIALIZED
                  00000d01    00000001     F2837xD_GlobalVariableDefs.obj (EmuBootPinsVar)

AdcaRegsFile 
*          1    00007400    00000080     UNINITIALIZED
                  00007400    00000080     F2837xD_GlobalVariableDefs.obj (AdcaRegsFile)

AdcbRegsFile 
*          1    00007480    00000080     UNINITIALIZED
                  00007480    00000080     F2837xD_GlobalVariableDefs.obj (AdcbRegsFile)

AdccRegsFile 
*          1    00007500    00000080     UNINITIALIZED
                  00007500    00000080     F2837xD_GlobalVariableDefs.obj (AdccRegsFile)

AdcdRegsFile 
*          1    00007580    00000080     UNINITIALIZED
                  00007580    00000080     F2837xD_GlobalVariableDefs.obj (AdcdRegsFile)

CanaRegsFile 
*          1    00048000    00000164     UNINITIALIZED
                  00048000    00000164     F2837xD_GlobalVariableDefs.obj (CanaRegsFile)

CanbRegsFile 
*          1    0004a000    00000164     UNINITIALIZED
                  0004a000    00000164     F2837xD_GlobalVariableDefs.obj (CanbRegsFile)

AnalogSubsysRegsFile 
*          1    0005d180    00000048     UNINITIALIZED
                  0005d180    00000048     F2837xD_GlobalVariableDefs.obj (AnalogSubsysRegsFile)

Cla1SoftIntRegsFile 
*          1    00000ce0    00000004     DSECT
                  00000ce0    00000004     F2837xD_GlobalVariableDefs.obj (Cla1SoftIntRegsFile)

Cmpss1RegsFile 
*          1    00005c80    00000020     UNINITIALIZED
                  00005c80    00000020     F2837xD_GlobalVariableDefs.obj (Cmpss1RegsFile)

Cmpss2RegsFile 
*          1    00005ca0    00000020     UNINITIALIZED
                  00005ca0    00000020     F2837xD_GlobalVariableDefs.obj (Cmpss2RegsFile)

Cmpss3RegsFile 
*          1    00005cc0    00000020     UNINITIALIZED
                  00005cc0    00000020     F2837xD_GlobalVariableDefs.obj (Cmpss3RegsFile)

Cmpss4RegsFile 
*          1    00005ce0    00000020     UNINITIALIZED
                  00005ce0    00000020     F2837xD_GlobalVariableDefs.obj (Cmpss4RegsFile)

Cmpss5RegsFile 
*          1    00005d00    00000020     UNINITIALIZED
                  00005d00    00000020     F2837xD_GlobalVariableDefs.obj (Cmpss5RegsFile)

Cmpss6RegsFile 
*          1    00005d20    00000020     UNINITIALIZED
                  00005d20    00000020     F2837xD_GlobalVariableDefs.obj (Cmpss6RegsFile)

Cmpss7RegsFile 
*          1    00005d40    00000020     UNINITIALIZED
                  00005d40    00000020     F2837xD_GlobalVariableDefs.obj (Cmpss7RegsFile)

Cmpss8RegsFile 
*          1    00005d60    00000020     UNINITIALIZED
                  00005d60    00000020     F2837xD_GlobalVariableDefs.obj (Cmpss8RegsFile)

Emif1RegsFile 
*          1    00047000    00000070     UNINITIALIZED
                  00047000    00000070     F2837xD_GlobalVariableDefs.obj (Emif1RegsFile)

Emif2RegsFile 
*          1    00047800    00000070     UNINITIALIZED
                  00047800    00000070     F2837xD_GlobalVariableDefs.obj (Emif2RegsFile)

IpcRegsFile 
*          1    00050000    00000024     UNINITIALIZED
                  00050000    00000024     F2837xD_GlobalVariableDefs.obj (IpcRegsFile)

FlashPumpSemaphoreRegsFile 
*          1    00050024    00000002     UNINITIALIZED
                  00050024    00000002     F2837xD_GlobalVariableDefs.obj (FlashPumpSemaphoreRegsFile)

RomPrefetchRegsFile 
*          1    0005e608    00000002     UNINITIALIZED
                  0005e608    00000002     F2837xD_GlobalVariableDefs.obj (RomPrefetchRegsFile)

DcsmZ1RegsFile 
*          1    0005f000    00000024     UNINITIALIZED
                  0005f000    00000024     F2837xD_GlobalVariableDefs.obj (DcsmZ1RegsFile)

DcsmZ2RegsFile 
*          1    0005f040    00000024     UNINITIALIZED
                  0005f040    00000024     F2837xD_GlobalVariableDefs.obj (DcsmZ2RegsFile)

DcsmCommonRegsFile 
*          1    0005f070    00000008     UNINITIALIZED
                  0005f070    00000008     F2837xD_GlobalVariableDefs.obj (DcsmCommonRegsFile)

MemCfgRegsFile 
*          1    0005f400    00000080     UNINITIALIZED
                  0005f400    00000080     F2837xD_GlobalVariableDefs.obj (MemCfgRegsFile)

Emif1ConfigRegsFile 
*          1    0005f480    00000020     UNINITIALIZED
                  0005f480    00000020     F2837xD_GlobalVariableDefs.obj (Emif1ConfigRegsFile)

Emif2ConfigRegsFile 
*          1    0005f4a0    00000020     UNINITIALIZED
                  0005f4a0    00000020     F2837xD_GlobalVariableDefs.obj (Emif2ConfigRegsFile)

AccessProtectionRegsFile 
*          1    0005f4c0    00000040     UNINITIALIZED
                  0005f4c0    00000040     F2837xD_GlobalVariableDefs.obj (AccessProtectionRegsFile)

MemoryErrorRegsFile 
*          1    0005f500    00000040     UNINITIALIZED
                  0005f500    00000040     F2837xD_GlobalVariableDefs.obj (MemoryErrorRegsFile)

RomWaitStateRegsFile 
*          1    0005f540    00000002     UNINITIALIZED
                  0005f540    00000002     F2837xD_GlobalVariableDefs.obj (RomWaitStateRegsFile)

Flash0CtrlRegsFile 
*          1    0005f800    00000182     UNINITIALIZED
                  0005f800    00000182     F2837xD_GlobalVariableDefs.obj (Flash0CtrlRegsFile)

Flash0EccRegsFile 
*          1    0005fb00    00000028     UNINITIALIZED
                  0005fb00    00000028     F2837xD_GlobalVariableDefs.obj (Flash0EccRegsFile)

DevCfgRegsFile 
*          1    0005d000    0000012e     UNINITIALIZED
                  0005d000    0000012e     F2837xD_GlobalVariableDefs.obj (DevCfgRegsFile)

ClkCfgRegsFile 
*          1    0005d200    00000032     UNINITIALIZED
                  0005d200    00000032     F2837xD_GlobalVariableDefs.obj (ClkCfgRegsFile)

CpuSysRegsFile 
*          1    0005d300    00000082     UNINITIALIZED
                  0005d300    00000082     F2837xD_GlobalVariableDefs.obj (CpuSysRegsFile)

.text.1    0    0008214c    00001eb4     
                  0008214c    0000125f     ipc.obj (.text)
                  000833ab    000007f2     serial.obj (.text)
                  00083b9d    00000431     thread.obj (.text)
                  00083fce    0000002e     startup.obj (.text)
                  00083ffc    00000003     F2837xD_DBGIER.obj (.text)
                  00083fff    00000001     rts2800_ml.lib : startup.c.obj (.text)

.text.2    0    00084000    00002000     
                  00084000    000007ac     kservice.obj (.text)
                  000847ac    00000649     cmd.obj (.text)
                  00084df5    0000055d     shell.obj (.text)
                  00085352    00000493     F2837xD_SysCtrl.obj (.text)
                  000857e5    00000419     mem.obj (.text)
                  00085bfe    000003d0     dataqueue.obj (.text)
                  00085fce    0000002d     irq.obj (.text)
                  00085ffb    00000005     rts2800_ml.lib : strcpy.c.obj (.text)

.text.3    0    0008603c    00001ba3     
                  0008603c    00000384     timer.obj (.text)
                  000863c0    000002c1     F2837xD_DefaultISR.obj (.text:retain)
                  00086681    0000026b     device.obj (.text)
                  000868ec    00000244     F2837xD_Gpio.obj (.text)
                  00086b30    00000205     msh.obj (.text)
                  00086d35    000001ff     object.obj (.text)
                  00086f34    000001d3     drv_sci.obj (.text)
                  00087107    00000193     scheduler.obj (.text)
                  0008729a    00000120     idle.obj (.text)
                  000873ba    0000011c     completion.obj (.text)
                  000874d6    00000092     F2837xD_sci_io.obj (.text)
                  00087568    00000083     rts2800_ml.lib : fs_div28.asm.obj (.text)
                  000875eb    0000007e     context.obj (.text)
                  00087669    00000078     rts2800_ml.lib : fs_add28.asm.obj (.text)
                  000876e1    00000073     F2837xD_CpuTimers.obj (.text)
                  00087754    00000071     clock.obj (.text)
                  000877c5    00000070     cpuport.obj (.text)
                  00087835    0000005a     rts2800_ml.lib : fs_mpy28.asm.obj (.text)
                  0008788f    00000054                    : boot28.asm.obj (.text)
                  000878e3    00000049     board.obj (.text)
                  0008792c    00000034     components.obj (.text)
                  00087960    0000002a     rts2800_ml.lib : l_div28.asm.obj (.text)
                  0008798a    00000029                    : exit.c.obj (.text)
                  000879b3    00000029                    : fs_tol28.asm.obj (.text)
                  000879dc    00000028     F2837xD_PieCtrl.obj (.text)
                  00087a04    00000026     F2837xD_PieVect.obj (.text)
                  00087a2a    00000025     rts2800_ml.lib : fs_toi28.asm.obj (.text)
                  00087a4f    00000024                    : cpy_tbl.c.obj (.text)
                  00087a73    0000001d     application.obj (.text)
                  00087a90    0000001d     rts2800_ml.lib : memcpy.c.obj (.text)
                  00087aad    0000001c     board.obj (.text:retain)
                  00087ac9    0000001a     drv_sci.obj (.text:retain)
                  00087ae3    0000001a     rts2800_ml.lib : i_tofs28.asm.obj (.text)
                  00087afd    0000001a                    : l_tofs28.asm.obj (.text)
                  00087b17    00000018                    : ll_aox28.asm.obj (.text)
                  00087b2f    00000017                    : fs_cmp28.asm.obj (.text)
                  00087b46    00000016                    : strncmp.c.obj (.text)
                  00087b5c    00000015                    : strncpy.c.obj (.text)
                  00087b71    00000013                    : memcmp.c.obj (.text)
                  00087b84    00000013                    : ul_tofs28.asm.obj (.text)
                  00087b97    00000011                    : args_main.c.obj (.text)
                  00087ba8    00000010                    : u_tofs28.asm.obj (.text)
                  00087bb8    0000000b                    : u_div28.asm.obj (.text)
                  00087bc3    00000009                    : _lock.c.obj (.text)
                  00087bcc    00000009                    : strcat.c.obj (.text)
                  00087bd5    00000008                    : strlen.c.obj (.text)
                  00087bdd    00000002                    : pre_init.c.obj (.text)

.ebss      1    0000a800    00000749     UNINITIALIZED
                  0000a800    00000400     idle.obj (.ebss:_rt_thread_stack)
                  0000ac00    0000009c     drv_sci.obj (.ebss:_uart_obj)
                  0000ac9c    00000024     kservice.obj (.ebss)
                  0000acc0    00000081     shell.obj (.ebss:_finsh_prompt$1)
                  0000ad41    00000001     F2837xD_sci_io.obj (.ebss)
                  0000ad42    00000020     scheduler.obj (.ebss:_rt_thread_priority_table)
                  0000ad62    0000001e     F2837xD_struct.obj (.ebss:_TRIP_SEL)
                  0000ad80    00000080     kservice.obj (.ebss:_rt_log_buf$4)
                  0000ae00    00000050     object.obj (.ebss:__object_container)
                  0000ae50    0000001a     F2837xD_struct.obj (.ebss:_EPWM)
                  0000ae6a    0000000e     F2837xD_struct.obj (.ebss:_ECAP)
                  0000ae78    00000008     F2837xD_struct.obj (.ebss:_EQEP)
                  0000ae80    00000048     idle.obj (.ebss:_idle)
                  0000aec8    00000018     F2837xD_CpuTimers.obj (.ebss)
                  0000aee0    0000000a     F2837xD_struct.obj (.ebss:_ADC)
                  0000aeea    00000008     F2837xD_struct.obj (.ebss:_SPI)
                  0000aef2    00000008     idle.obj (.ebss:_idle_hook_list)
                  0000aefa    00000006     F2837xD_TempSensorConv.obj (.ebss)
                  0000af00    00000008     cpuport.obj (.ebss)
                  0000af08    00000008     shell.obj (.ebss)
                  0000af10    00000006     F2837xD_struct.obj (.ebss:_SDFM)
                  0000af16    00000006     rts2800_ml.lib : exit.c.obj (.ebss)
                  0000af1c    00000006     scheduler.obj (.ebss)
                  0000af22    00000004     F2837xD_struct.obj (.ebss:_I2C)
                  0000af26    00000004     F2837xD_struct.obj (.ebss:_MCBSP)
                  0000af2a    00000004     F2837xD_struct.obj (.ebss:_SCI)
                  0000af2e    00000004     timer.obj (.ebss:__timer_list)
                  0000af32    00000004     idle.obj (.ebss)
                  0000af36    00000004     irq.obj (.ebss)
                  0000af3a    00000004     rts2800_ml.lib : memory.c.obj (.ebss)
                  0000af3e    00000002                    : _lock.c.obj (.ebss:__lock)
                  0000af40    00000002                    : _lock.c.obj (.ebss:__unlock)
                  0000af42    00000002     clock.obj (.ebss)
                  0000af44    00000001     rts2800_ml.lib : defs.c.obj (.ebss)
                  0000af45    00000001                    : fopen.c.obj (.ebss)
                  0000af46    00000001                    : open.c.obj (.ebss)
                  0000af47    00000001     serial.obj (.ebss)
                  0000af48    00000001     timer.obj (.ebss)

MODULE SUMMARY

       Module                           code    initialized data   uninitialized data
       ------                           ----    ----------------   ------------------
    .\Kernel\
       ipc.obj                          4703    1747               0                 
       kservice.obj                     1964    581                164               
       mem.obj                          1049    1096               0                 
       thread.obj                       1073    594                0                 
       idle.obj                         288     15                 1108              
       timer.obj                        900     364                5                 
       device.obj                       619     374                0                 
       object.obj                       511     349                80                
       scheduler.obj                    403     75                 38                
       mempool.obj                      0       325                0                 
       clock.obj                        113     5                  2                 
       components.obj                   52      8                  0                 
       irq.obj                          45      4                  4                 
    +--+--------------------------------+-------+------------------+--------------------+
       Total:                           11720   5537               1401              
                                                                                     
    .\applications\
       startup.obj                      46      76                 0                 
       application.obj                  29      5                  0                 
    +--+--------------------------------+-------+------------------+--------------------+
       Total:                           75      81                 0                 
                                                                                     
    .\c28x\
       cpuport.obj                      112     40                 8                 
       context.obj                      126     0                  0                 
    +--+--------------------------------+-------+------------------+--------------------+
       Total:                           238     40                 8                 
                                                                                     
    .\drivers\
       serial.obj                       2034    704                1                 
       dataqueue.obj                    976     370                0                 
       drv_sci.obj                      493     110                156               
       completion.obj                   284     266                0                 
       board.obj                        101     5                  0                 
       queue.obj                        0       81                 0                 
    +--+--------------------------------+-------+------------------+--------------------+
       Total:                           3888    1536               157               
                                                                                     
    .\finsh\
       cmd.obj                          1609    1743               0                 
       shell.obj                        1373    285                137               
       msh.obj                          517     183                0                 
    +--+--------------------------------+-------+------------------+--------------------+
       Total:                           3499    2211               137               
                                                                                     
    .\libraries\common\source\
       F2837xD_SysCtrl.obj              1281    0                  0                 
       F2837xD_DefaultISR.obj           705     0                  0                 
       F2837xD_Gpio.obj                 580     0                  0                 
       F2837xD_PieVect.obj              38      448                0                 
       F2837xD_struct.obj               0       144                114               
       F2837xD_sci_io.obj               146     4                  1                 
       F2837xD_CpuTimers.obj            115     0                  24                
       F2837xD_Ipc_Driver.obj           0       0                  136               
       F2837xD_PieCtrl.obj              40      0                  0                 
       F2837xD_usDelay.obj              8       0                  0                 
       F2837xD_TempSensorConv.obj       0       0                  6                 
       F2837xD_DBGIER.obj               3       0                  0                 
       F2837xD_CodeStartBranch.obj      2       0                  0                 
    +--+--------------------------------+-------+------------------+--------------------+
       Total:                           2918    596                281               
                                                                                     
    .\libraries\headers\source\
       F2837xD_GlobalVariableDefs.obj   0       0                  8695              
    +--+--------------------------------+-------+------------------+--------------------+
       Total:                           0       0                  8695              
                                                                                     
    D:\ti\ccs1120\ccs\tools\compiler\ti-cgt-c2000_22.6.0.LTS\lib\rts2800_ml.lib
       trgmsg.c.obj                     0       0                  288               
       fs_div28.asm.obj                 131     0                  0                 
       fs_add28.asm.obj                 120     0                  0                 
       fs_mpy28.asm.obj                 90      0                  0                 
       boot28.asm.obj                   84      0                  0                 
       exit.c.obj                       41      14                 6                 
       l_div28.asm.obj                  42      0                  0                 
       fs_tol28.asm.obj                 41      0                  0                 
       fs_toi28.asm.obj                 37      0                  0                 
       cpy_tbl.c.obj                    36      0                  0                 
       memcpy.c.obj                     29      0                  0                 
       i_tofs28.asm.obj                 26      0                  0                 
       l_tofs28.asm.obj                 26      0                  0                 
       ll_aox28.asm.obj                 24      0                  0                 
       _lock.c.obj                      9       10                 4                 
       fs_cmp28.asm.obj                 23      0                  0                 
       strncmp.c.obj                    22      0                  0                 
       strncpy.c.obj                    21      0                  0                 
       memcmp.c.obj                     19      0                  0                 
       ul_tofs28.asm.obj                19      0                  0                 
       args_main.c.obj                  17      0                  0                 
       u_tofs28.asm.obj                 16      0                  0                 
       u_div28.asm.obj                  11      0                  0                 
       strcat.c.obj                     9       0                  0                 
       memory.c.obj                     0       4                  4                 
       strlen.c.obj                     8       0                  0                 
       defs.c.obj                       0       4                  1                 
       fopen.c.obj                      0       4                  1                 
       open.c.obj                       0       4                  1                 
       strcpy.c.obj                     5       0                  0                 
       fputs.c.obj                      0       2                  0                 
       pre_init.c.obj                   2       0                  0                 
       startup.c.obj                    1       0                  0                 
    +--+--------------------------------+-------+------------------+--------------------+
       Total:                           909     42                 305               
                                                                                     
       Heap:                            0       0                  1024              
       Stack:                           0       0                  1024              
    +--+--------------------------------+-------+------------------+--------------------+
       Grand Total:                     23247   10043              13032             


GLOBAL DATA SYMBOLS: SORTED BY DATA PAGE

address     data page           name
--------    ----------------    ----
00000400      10 (00000400)     __stack

00000b00      2c (00000b00)     _AdcaResultRegs
00000b20      2c (00000b00)     _AdcbResultRegs

00000b40      2d (00000b40)     _AdccResultRegs
00000b60      2d (00000b40)     _AdcdResultRegs

00000c00      30 (00000c00)     _CpuTimer0Regs
00000c08      30 (00000c00)     _CpuTimer1Regs
00000c10      30 (00000c00)     _CpuTimer2Regs

00000ce0      33 (00000cc0)     _Cla1SoftIntRegs
00000ce0      33 (00000cc0)     _PieCtrlRegs

00000d00      34 (00000d00)     _EmuBMode
00000d00      34 (00000d00)     _PieVectTable
00000d01      34 (00000d00)     _EmuBootPins

00001000      40 (00001000)     _DmaRegs

00001400      50 (00001400)     _Cla1Regs

00004000     100 (00004000)     _EPwm1Regs

00004100     104 (00004100)     _EPwm2Regs

00004200     108 (00004200)     _EPwm3Regs

00004300     10c (00004300)     _EPwm4Regs

00004400     110 (00004400)     _EPwm5Regs

00004500     114 (00004500)     _EPwm6Regs

00004600     118 (00004600)     _EPwm7Regs

00004700     11c (00004700)     _EPwm8Regs

00004800     120 (00004800)     _EPwm9Regs

00004900     124 (00004900)     _EPwm10Regs

00004a00     128 (00004a00)     _EPwm11Regs

00004b00     12c (00004b00)     _EPwm12Regs

00005000     140 (00005000)     _ECap1Regs
00005020     140 (00005000)     _ECap2Regs

00005040     141 (00005040)     _ECap3Regs
00005060     141 (00005040)     _ECap4Regs

00005080     142 (00005080)     _ECap5Regs
000050a0     142 (00005080)     _ECap6Regs

00005100     144 (00005100)     _EQep1Regs

00005140     145 (00005140)     _EQep2Regs

00005180     146 (00005180)     _EQep3Regs

00005c00     170 (00005c00)     _DacaRegs
00005c10     170 (00005c00)     _DacbRegs
00005c20     170 (00005c00)     _DaccRegs

00005c80     172 (00005c80)     _Cmpss1Regs
00005ca0     172 (00005c80)     _Cmpss2Regs

00005cc0     173 (00005cc0)     _Cmpss3Regs
00005ce0     173 (00005cc0)     _Cmpss4Regs

00005d00     174 (00005d00)     _Cmpss5Regs
00005d20     174 (00005d00)     _Cmpss6Regs

00005d40     175 (00005d40)     _Cmpss7Regs
00005d60     175 (00005d40)     _Cmpss8Regs

00005e00     178 (00005e00)     _Sdfm1Regs

00005e80     17a (00005e80)     _Sdfm2Regs

00006000     180 (00006000)     _McbspaRegs

00006040     181 (00006040)     _McbspbRegs

00006100     184 (00006100)     _SpiaRegs
00006110     184 (00006100)     _SpibRegs
00006120     184 (00006100)     _SpicRegs

00006200     188 (00006200)     _UppRegs

00007000     1c0 (00007000)     _WdRegs

00007060     1c1 (00007040)     _NmiIntruptRegs
00007070     1c1 (00007040)     _XintRegs

00007200     1c8 (00007200)     _SciaRegs
00007210     1c8 (00007200)     _ScibRegs
00007220     1c8 (00007200)     _ScicRegs
00007230     1c8 (00007200)     _ScidRegs

00007300     1cc (00007300)     _I2caRegs

00007340     1cd (00007340)     _I2cbRegs

00007400     1d0 (00007400)     _AdcaRegs

00007480     1d2 (00007480)     _AdcbRegs

00007500     1d4 (00007500)     _AdccRegs

00007580     1d6 (00007580)     _AdcdRegs

00007900     1e4 (00007900)     _InputXbarRegs
00007920     1e4 (00007900)     _XbarRegs

00007940     1e5 (00007940)     _SyncSocRegs

00007980     1e6 (00007980)     _DmaClaSrcSelRegs

00007a00     1e8 (00007a00)     _EPwmXbarRegs

00007a80     1ea (00007a80)     _OutputXbarRegs

00007c00     1f0 (00007c00)     _GpioCtrlRegs

00007f00     1fc (00007f00)     _GpioDataRegs

0000aca6     2b2 (0000ac80)     _rt_assert_hook

0000ad41     2b5 (0000ad40)     _deviceOpen
0000ad42     2b5 (0000ad40)     _rt_thread_priority_table
0000ad62     2b5 (0000ad40)     _TRIP_SEL

0000ae50     2b9 (0000ae40)     _EPWM
0000ae6a     2b9 (0000ae40)     _ECAP
0000ae78     2b9 (0000ae40)     _EQEP

0000aec8     2bb (0000aec0)     _CpuTimer0
0000aed0     2bb (0000aec0)     _CpuTimer1
0000aed8     2bb (0000aec0)     _CpuTimer2
0000aee0     2bb (0000aec0)     _ADC
0000aeea     2bb (0000aec0)     _SPI
0000aefa     2bb (0000aec0)     _tempSensor_tempSlope
0000aefc     2bb (0000aec0)     _tempSensor_tempOffset
0000aefe     2bb (0000aec0)     _tempSensor_scaleFactor

0000af00     2bc (0000af00)     _rt_interrupt_from_thread
0000af02     2bc (0000af00)     _rt_interrupt_to_thread
0000af04     2bc (0000af00)     _rt_thread_switch_interrupt_flag
0000af08     2bc (0000af00)     __syscall_table_begin
0000af0a     2bc (0000af00)     __syscall_table_end
0000af0c     2bc (0000af00)     _shell
0000af10     2bc (0000af00)     _SDFM
0000af16     2bc (0000af00)     ___TI_enable_exit_profile_output
0000af18     2bc (0000af00)     ___TI_cleanup_ptr
0000af1a     2bc (0000af00)     ___TI_dtors_ptr
0000af1d     2bc (0000af00)     _rt_current_priority
0000af1e     2bc (0000af00)     _rt_thread_ready_priority_group
0000af20     2bc (0000af00)     _rt_current_thread
0000af22     2bc (0000af00)     _I2C
0000af26     2bc (0000af00)     _MCBSP
0000af2a     2bc (0000af00)     _SCI
0000af36     2bc (0000af00)     _rt_interrupt_nest
0000af3e     2bc (0000af00)     __lock

0000af40     2bd (0000af40)     __unlock
0000af44     2bd (0000af40)     ___TI_ft_end

0000b800     2e0 (0000b800)     __CIOBUF_

0000e000     380 (0000e000)     __sys_memory

0003f800     fe0 (0003f800)     _g_asIPCCPU2toCPU1Buffers

0003f880     fe2 (0003f880)     _g_usGetWriteIndexes
0003f884     fe2 (0003f880)     _g_usPutReadIndexes

0003fc00     ff0 (0003fc00)     _g_asIPCCPU1toCPU2Buffers

0003fc80     ff2 (0003fc80)     _g_usPutWriteIndexes
0003fc84     ff2 (0003fc80)     _g_usGetReadIndexes

00047000    11c0 (00047000)     _Emif1Regs

00047800    11e0 (00047800)     _Emif2Regs

00048000    1200 (00048000)     _CanaRegs

0004a000    1280 (0004a000)     _CanbRegs

00050000    1400 (00050000)     _IpcRegs
00050024    1400 (00050000)     _FlashPumpSemaphoreRegs

0005d000    1740 (0005d000)     _DevCfgRegs

0005d180    1746 (0005d180)     _AnalogSubsysRegs

0005d200    1748 (0005d200)     _ClkCfgRegs

0005d300    174c (0005d300)     _CpuSysRegs

0005e608    1798 (0005e600)     _RomPrefetchRegs

0005f000    17c0 (0005f000)     _DcsmZ1Regs

0005f040    17c1 (0005f040)     _DcsmZ2Regs
0005f070    17c1 (0005f040)     _DcsmCommonRegs

0005f400    17d0 (0005f400)     _MemCfgRegs

0005f480    17d2 (0005f480)     _Emif1ConfigRegs
0005f4a0    17d2 (0005f480)     _Emif2ConfigRegs

0005f4c0    17d3 (0005f4c0)     _AccessProtectionRegs

0005f500    17d4 (0005f500)     _MemoryErrorRegs

0005f540    17d5 (0005f540)     _RomWaitStateRegs

0005f800    17e0 (0005f800)     _Flash0CtrlRegs

0005fb00    17ec (0005fb00)     _Flash0EccRegs

00088000    2200 (00088000)     ___fsym_clear
00088004    2200 (00088000)     ___fsym_version
00088008    2200 (00088000)     ___fsym_list_thread
0008800c    2200 (00088000)     ___fsym_list_sem
00088010    2200 (00088000)     ___fsym_list_event
00088014    2200 (00088000)     ___fsym_list_mutex
00088018    2200 (00088000)     ___fsym_list_mailbox
0008801c    2200 (00088000)     ___fsym_list_msgqueue
00088020    2200 (00088000)     ___fsym_list_mempool
00088024    2200 (00088000)     ___fsym_list_timer
00088028    2200 (00088000)     ___fsym_list_device
0008802c    2200 (00088000)     ___fsym_help
00088030    2200 (00088000)     ___fsym_ps
00088034    2200 (00088000)     ___fsym_free

00090eb6    243a (00090e80)     _PieVectTableInit

000914e5    2453 (000914c0)     ___lowest_bit_bitmap

0009241f    2490 (00092400)     ___fsym_list_msgqueue_name

000924c9    2493 (000924c0)     ___fsym_list_mailbox_name
000924d6    2493 (000924c0)     ___fsym_list_mempool_name
000924fb    2493 (000924c0)     ___fsym_list_device_name

00092507    2494 (00092500)     ___fsym_list_thread_name

0009254a    2495 (00092540)     ___fsym_list_event_name
00092555    2495 (00092540)     ___fsym_list_mutex_name
00092560    2495 (00092540)     ___fsym_list_timer_name
0009257f    2495 (00092540)     ___fsym_list_sem_name

00092588    2496 (00092580)     ___fsym_version_name
00092598    2496 (00092580)     ___rt_init_rti_start
0009259a    2496 (00092580)     ___rt_init_rti_board_start
0009259c    2496 (00092580)     ___rt_init_rti_board_end
0009259e    2496 (00092580)     ___rt_init_rti_end
000925a0    2496 (00092580)     ___fsym_clear_name
000925a6    2496 (00092580)     ___fsym_free_name
000925ab    2496 (00092580)     ___fsym_help_name

000925c0    2497 (000925c0)     ___fsym_ps_name
000925c6    2497 (000925c0)     ___rt_init_finsh_system_init


GLOBAL SYMBOLS: SORTED ALPHABETICALLY BY Name 

page  address   name                                  
----  -------   ----                                  
abs   ffffffff  .text                                 
0     0008798a  C$$EXIT                               
0     0008766e  FS$$ADD                               
0     00087b2f  FS$$CMP                               
0     00087568  FS$$DIV                               
0     00087835  FS$$MPY                               
0     00087669  FS$$SUB                               
0     00087a2a  FS$$TOI                               
0     000879b3  FS$$TOL                               
0     00087ae3  I$$TOFS                               
0     00087960  L$$DIV                                
0     0008796f  L$$MOD                                
0     00087afd  L$$TOFS                               
0     00087b17  LL$$AND                               
0     00087b1f  LL$$OR                                
0     00087b27  LL$$XOR                               
0     00087bb8  U$$DIV                                
0     00087bbd  U$$MOD                                
0     00087ba8  U$$TOFS                               
0     0008797d  UL$$DIV                               
0     00087984  UL$$MOD                               
0     00087b84  UL$$TOFS                              
1     0000aee0  _ADC                                  
0     0008641f  _ADCA1_ISR                            
0     0008655f  _ADCA2_ISR                            
0     00086564  _ADCA3_ISR                            
0     00086569  _ADCA4_ISR                            
0     0008655a  _ADCA_EVT_ISR                         
0     00086424  _ADCB1_ISR                            
0     00086573  _ADCB2_ISR                            
0     00086578  _ADCB3_ISR                            
0     0008657d  _ADCB4_ISR                            
0     0008656e  _ADCB_EVT_ISR                         
0     00086429  _ADCC1_ISR                            
0     00086627  _ADCC2_ISR                            
0     0008662c  _ADCC3_ISR                            
0     00086631  _ADCC4_ISR                            
0     00086622  _ADCC_EVT_ISR                         
0     00086438  _ADCD1_ISR                            
0     0008663b  _ADCD2_ISR                            
0     00086640  _ADCD3_ISR                            
0     00086645  _ADCD4_ISR                            
0     00086636  _ADCD_EVT_ISR                         
0     00086663  _AUX_PLL_SLIP_ISR                     
1     0005f4c0  _AccessProtectionRegs                 
1     00007400  _AdcaRegs                             
1     00000b00  _AdcaResultRegs                       
1     00007480  _AdcbRegs                             
1     00000b20  _AdcbResultRegs                       
1     00007500  _AdccRegs                             
1     00000b40  _AdccResultRegs                       
1     00007580  _AdcdRegs                             
1     00000b60  _AdcdResultRegs                       
1     0005d180  _AnalogSubsysRegs                     
0     00085791  _AuxAuxClkSel                         
0     0008577b  _AuxIntOsc2Sel                        
0     00085785  _AuxXtalOscSel                        
0     00086546  _CANA0_ISR                            
0     0008654b  _CANA1_ISR                            
0     00086550  _CANB0_ISR                            
0     00086555  _CANB1_ISR                            
0     00086582  _CLA1_1_ISR                           
0     00086587  _CLA1_2_ISR                           
0     0008658c  _CLA1_3_ISR                           
0     00086591  _CLA1_4_ISR                           
0     00086596  _CLA1_5_ISR                           
0     0008659b  _CLA1_6_ISR                           
0     000865a0  _CLA1_7_ISR                           
0     000865a5  _CLA1_8_ISR                           
0     00086668  _CLA_OVERFLOW_ISR                     
0     0008666d  _CLA_UNDERFLOW_ISR                    
1     00048000  _CanaRegs                             
1     0004a000  _CanbRegs                             
1     00001400  _Cla1Regs                             
0     00000ce0  _Cla1SoftIntRegs                      
1     0005d200  _ClkCfgRegs                           
1     00005c80  _Cmpss1Regs                           
1     00005ca0  _Cmpss2Regs                           
1     00005cc0  _Cmpss3Regs                           
1     00005ce0  _Cmpss4Regs                           
1     00005d00  _Cmpss5Regs                           
1     00005d20  _Cmpss6Regs                           
1     00005d40  _Cmpss7Regs                           
1     00005d60  _Cmpss8Regs                           
0     00087722  _ConfigCpuTimer                       
1     0005d300  _CpuSysRegs                           
1     0000aec8  _CpuTimer0                            
1     00000c00  _CpuTimer0Regs                        
1     0000aed0  _CpuTimer1                            
1     00000c08  _CpuTimer1Regs                        
1     0000aed8  _CpuTimer2                            
1     00000c10  _CpuTimer2Regs                        
0     00085736  _CsmUnlock                            
0     000863ca  _DATALOG_ISR                          
0     000864ec  _DMA_CH1_ISR                          
0     000864f1  _DMA_CH2_ISR                          
0     000864f6  _DMA_CH3_ISR                          
0     000864fb  _DMA_CH4_ISR                          
0     00086500  _DMA_CH5_ISR                          
0     00086505  _DMA_CH6_ISR                          
1     00005c00  _DacaRegs                             
1     00005c10  _DacbRegs                             
1     00005c20  _DaccRegs                             
1     0005f070  _DcsmCommonRegs                       
1     0005f000  _DcsmZ1Regs                           
1     0005f040  _DcsmZ2Regs                           
1     0005d000  _DevCfgRegs                           
0     00085452  _DisableDog                           
0     00085413  _DisablePeripheralClocks              
1     00007980  _DmaClaSrcSelRegs                     
1     00001000  _DmaRegs                              
1     0000ae6a  _ECAP                                 
0     00086497  _ECAP1_ISR                            
0     0008649c  _ECAP2_ISR                            
0     000864a1  _ECAP3_ISR                            
0     000864a6  _ECAP4_ISR                            
0     000864ab  _ECAP5_ISR                            
0     000864b0  _ECAP6_ISR                            
1     00005000  _ECap1Regs                            
1     00005020  _ECap2Regs                            
1     00005040  _ECap3Regs                            
1     00005060  _ECap4Regs                            
1     00005080  _ECap5Regs                            
1     000050a0  _ECap6Regs                            
0     0008664a  _EMIF_ERROR_ISR                       
0     00086677  _EMPTY_ISR                            
0     000863d4  _EMU_ISR                              
1     0000ae50  _EPWM                                 
0     000865f5  _EPWM10_ISR                           
0     000865e1  _EPWM10_TZ_ISR                        
0     000865fa  _EPWM11_ISR                           
0     000865e6  _EPWM11_TZ_ISR                        
0     000865ff  _EPWM12_ISR                           
0     000865eb  _EPWM12_TZ_ISR                        
0     0008646f  _EPWM1_ISR                            
0     00086447  _EPWM1_TZ_ISR                         
0     00086474  _EPWM2_ISR                            
0     0008644c  _EPWM2_TZ_ISR                         
0     00086479  _EPWM3_ISR                            
0     00086451  _EPWM3_TZ_ISR                         
0     0008647e  _EPWM4_ISR                            
0     00086456  _EPWM4_TZ_ISR                         
0     00086483  _EPWM5_ISR                            
0     0008645b  _EPWM5_TZ_ISR                         
0     00086488  _EPWM6_ISR                            
0     00086460  _EPWM6_TZ_ISR                         
0     0008648d  _EPWM7_ISR                            
0     00086465  _EPWM7_TZ_ISR                         
0     00086492  _EPWM8_ISR                            
0     0008646a  _EPWM8_TZ_ISR                         
0     000865f0  _EPWM9_ISR                            
0     000865dc  _EPWM9_TZ_ISR                         
1     00004900  _EPwm10Regs                           
1     00004a00  _EPwm11Regs                           
1     00004b00  _EPwm12Regs                           
1     00004000  _EPwm1Regs                            
1     00004100  _EPwm2Regs                            
1     00004200  _EPwm3Regs                            
1     00004300  _EPwm4Regs                            
1     00004400  _EPwm5Regs                            
1     00004500  _EPwm6Regs                            
1     00004600  _EPwm7Regs                            
1     00004700  _EPwm8Regs                            
1     00004800  _EPwm9Regs                            
1     00007a00  _EPwmXbarRegs                         
1     0000ae78  _EQEP                                 
0     000864b5  _EQEP1_ISR                            
0     000864ba  _EQEP2_ISR                            
0     000864bf  _EQEP3_ISR                            
1     00005100  _EQep1Regs                            
1     00005140  _EQep2Regs                            
1     00005180  _EQep3Regs                            
1     0005f480  _Emif1ConfigRegs                      
1     00047000  _Emif1Regs                            
1     0005f4a0  _Emif2ConfigRegs                      
1     00047800  _Emif2Regs                            
[...]
0     000865cd  _IPC1_ISR                             
0     000865d2  _IPC2_ISR                             
0     000865d7  _IPC3_ISR                             
0     000865dc  _EPWM9_TZ_ISR                         
0     000865e1  _EPWM10_TZ_ISR                        
0     000865e6  _EPWM11_TZ_ISR                        
0     000865eb  _EPWM12_TZ_ISR                        
0     000865f0  _EPWM9_ISR                            
0     000865f5  _EPWM10_ISR                           
0     000865fa  _EPWM11_ISR                           
0     000865ff  _EPWM12_ISR                           
0     00086604  _SD1_ISR                              
0     00086609  _SD2_ISR                              
0     0008660e  _SPIC_RX_ISR                          
0     00086613  _SPIC_TX_ISR                          
0     00086618  _UPPA_ISR                             
0     0008661d  _USBA_ISR                             
0     00086622  _ADCC_EVT_ISR                         
0     00086627  _ADCC2_ISR                            
0     0008662c  _ADCC3_ISR                            
0     00086631  _ADCC4_ISR                            
0     00086636  _ADCD_EVT_ISR                         
0     0008663b  _ADCD2_ISR                            
0     00086640  _ADCD3_ISR                            
0     00086645  _ADCD4_ISR                            
0     0008664a  _EMIF_ERROR_ISR                       
0     0008664f  _RAM_CORRECTABLE_ERROR_ISR            
0     00086654  _FLASH_CORRECTABLE_ERROR_ISR          
0     00086659  _RAM_ACCESS_VIOLATION_ISR             
0     0008665e  _SYS_PLL_SLIP_ISR                     
0     00086663  _AUX_PLL_SLIP_ISR                     
0     00086668  _CLA_OVERFLOW_ISR                     
0     0008666d  _CLA_UNDERFLOW_ISR                    
0     00086672  _PIE_RESERVED_ISR                     
0     00086677  _EMPTY_ISR                            
0     0008667c  _NOTUSED_ISR                          
0     00086681  _rt_device_register                   
0     000866a7  _rt_device_unregister                 
0     000866d0  _rt_device_find                       
0     000866d7  _rt_device_create                     
0     000866f4  _rt_device_destroy                    
0     0008671f  _rt_device_init                       
0     00086747  _rt_device_open                       
0     000867ba  _rt_device_close                      
0     00086801  _rt_device_read                       
0     0008683e  _rt_device_write                      
0     0008687b  _rt_device_control                    
0     000868a8  _rt_device_set_rx_indicate            
0     000868ca  _rt_device_set_tx_complete            
0     000868ec  _InitGpio                             
0     0008692c  _GPIO_SetupPinMux                     
0     000869b8  _GPIO_SetupPinOptions                 
0     00086a4c  _GPIO_SetupLock                       
0     00086a75  _GPIO_SetupXINT1Gpio                  
0     00086a7f  _GPIO_SetupXINT2Gpio                  
0     00086a89  _GPIO_SetupXINT3Gpio                  
0     00086a93  _GPIO_SetupXINT4Gpio                  
0     00086a9d  _GPIO_SetupXINT5Gpio                  
0     00086aa7  _GPIO_EnableUnbondedIOPullupsFor176Pin
0     00086ac0  _GPIO_EnableUnbondedIOPullupsFor100Pin
0     00086ae5  _GPIO_EnableUnbondedIOPullups         
0     00086afb  _GPIO_ReadPin                         
0     00086b12  _GPIO_WritePin                        
0     00086b30  _msh_help                             
0     00086b59  _cmd_ps                               
0     00086b61  _cmd_free                             
0     00086c99  _msh_exec                             
0     00086cea  _msh_auto_complete                    
0     00086d57  _rt_object_get_information            
0     00086d76  _rt_object_get_length                 
0     00086d99  _rt_object_get_pointers               
0     00086dcf  _rt_object_init                       
0     00086e1d  _rt_object_detach                     
0     00086e3a  _rt_object_allocate                   
0     00086e93  _rt_object_delete                     
0     00086ec0  _rt_object_is_systemobject            
0     00086ed6  _rt_object_get_type                   
0     00086ee9  _rt_object_find                       
0     00087049  _rt_hw_sci_init                       
0     00087151  _rt_system_scheduler_init             
0     0008716b  _rt_system_scheduler_start            
0     00087182  _rt_schedule                          
0     00087202  _rt_schedule_insert_thread            
0     00087247  _rt_schedule_remove_thread            
0     00087277  _rt_enter_critical                    
0     0008727f  _rt_exit_critical                     
0     00087296  _rt_critical_level                    
0     000872bc  _rt_thread_idle_sethook               
0     000872e6  _rt_thread_idle_delhook               
0     00087310  _rt_thread_defunct_enqueue            
0     0008731b  _rt_thread_defunct_dequeue            
0     00087374  _rt_thread_idle_init                  
0     000873b3  _rt_thread_idle_gethandler            
0     000873de  _rt_completion_init                   
0     000873f9  _rt_completion_wait                   
0     000874a8  _rt_completion_done                   
0     000874d6  _SCI_open                             
0     00087508  _SCI_close                            
0     00087517  _SCI_read                             
0     00087533  _SCI_write                            
0     00087556  _SCI_lseek                            
0     0008755d  _SCI_unlink                           
0     00087562  _SCI_rename                           
0     00087568  FS$$DIV                               
0     000875eb  _rt_hw_interrupt_disable              
0     000875ef  _rt_hw_interrupt_enable               
0     000875f2  _rt_hw_context_switch_interrupt       
0     00087604  _rt_hw_context_switch                 
0     00087617  _RTOSINT_Handler                      
0     0008764e  _rt_hw_get_st0                        
0     00087651  _rt_hw_get_st1                        
0     00087654  _rt_hw_calc_csb                       
0     0008765a  _rt_hw_context_switch_to              
0     00087667  _rt_hw_interrupt_thread_switch        
0     00087669  FS$$SUB                               
0     0008766e  FS$$ADD                               
0     000876e1  _InitCpuTimers                        
0     00087722  _ConfigCpuTimer                       
0     00087754  _rt_tick_get                          
0     00087758  _rt_tick_set                          
0     00087766  _rt_tick_increase                     
0     00087797  _rt_tick_from_millisecond             
0     000877bc  _rt_tick_get_millisecond              
0     000877c5  _rt_hw_stack_init                     
0     0008781e  _rt_hw_exception_install              
0     00087826  _rt_hw_cpu_shutdown                   
0     00087835  FS$$MPY                               
0     0008788f  _c_int00                              
0     000878e3  _trap_rtosint                         
0     000878ea  _rt_hw_board_init                     
0     00087934  _rt_components_board_init             
0     0008794a  _rt_components_init                   
0     00087960  L$$DIV                                
0     0008796f  L$$MOD                                
0     0008797d  UL$$DIV                               
0     00087984  UL$$MOD                               
0     0008798a  C$$EXIT                               
0     0008798a  _abort                                
0     0008798c  _exit                                 
0     000879b3  FS$$TOL                               
0     000879dc  _InitPieCtrl                          
0     000879fb  _EnableInterrupts                     
0     00087a04  _InitPieVectTable                     
0     00087a2a  FS$$TOI                               
0     00087a4f  _copy_in                              
0     00087a73  _rt_init_thread_entry                 
0     00087a79  _rt_application_init                  
0     00087a90  _memcpy                               
0     00087aad  _cpu_timer2_isr                       
0     00087ac9  _sciaRxFifoIsr                        
0     00087ae3  I$$TOFS                               
0     00087afd  L$$TOFS                               
0     00087b17  LL$$AND                               
0     00087b1f  LL$$OR                                
0     00087b27  LL$$XOR                               
0     00087b2f  FS$$CMP                               
0     00087b46  _strncmp                              
0     00087b5c  _strncpy                              
0     00087b71  _memcmp                               
0     00087b84  UL$$TOFS                              
0     00087b97  __args_main                           
0     00087ba8  U$$TOFS                               
0     00087bb8  U$$DIV                                
0     00087bbd  U$$MOD                                
0     00087bc3  __register_unlock                     
0     00087bc7  __register_lock                       
0     00087bcb  __nop                                 
0     00087bcc  _strcat                               
0     00087bd5  _strlen                               
0     00087bdd  __system_pre_init                     
0     00088000  ___fsym_clear                         
0     00088004  ___fsym_version                       
0     00088008  ___fsym_list_thread                   
0     0008800c  ___fsym_list_sem                      
0     00088010  ___fsym_list_event                    
0     00088014  ___fsym_list_mutex                    
0     00088018  ___fsym_list_mailbox                  
0     0008801c  ___fsym_list_msgqueue                 
0     00088020  ___fsym_list_mempool                  
0     00088024  ___fsym_list_timer                    
0     00088028  ___fsym_list_device                   
0     0008802c  ___fsym_help                          
0     00088030  ___fsym_ps                            
0     00088034  ___fsym_free                          
0     00090eb6  _PieVectTableInit                     
0     000914e5  ___lowest_bit_bitmap                  
0     0009241f  ___fsym_list_msgqueue_name            
0     000924c9  ___fsym_list_mailbox_name             
0     000924d6  ___fsym_list_mempool_name             
0     000924fb  ___fsym_list_device_name              
0     00092507  ___fsym_list_thread_name              
0     0009254a  ___fsym_list_event_name               
0     00092555  ___fsym_list_mutex_name               
0     00092560  ___fsym_list_timer_name               
0     0009257f  ___fsym_list_sem_name                 
0     00092588  ___fsym_version_name                  
0     00092598  ___rt_init_rti_start                  
0     0009259a  ___rt_init_rti_board_start            
0     0009259c  ___rt_init_rti_board_end              
0     0009259e  ___rt_init_rti_end                    
0     000925a0  ___fsym_clear_name                    
0     000925a6  ___fsym_free_name                     
0     000925ab  ___fsym_help_name                     
0     000925c0  ___fsym_ps_name                       
0     000925c6  ___rt_init_finsh_system_init          
1     00000004  __fsymtab_end                         
1     00000004  __fsymtab_start                       
1     00000004  __vsymtab_end                         
1     00000004  __vsymtab_start                       
1     00000400  __stack                               
1     00000800  __STACK_END                           
1     00000b00  _AdcaResultRegs                       
1     00000b20  _AdcbResultRegs                       
1     00000b40  _AdccResultRegs                       
1     00000b60  _AdcdResultRegs                       
1     00000c00  _CpuTimer0Regs                        
1     00000c08  _CpuTimer1Regs                        
1     00000c10  _CpuTimer2Regs                        
1     00000ce0  _PieCtrlRegs                          
1     00000d00  _EmuBMode                             
1     00000d00  _PieVectTable                         
1     00000d01  _EmuBootPins                          
1     00001000  _DmaRegs                              
1     00001400  _Cla1Regs                             
1     00004000  _EPwm1Regs                            
1     00004100  _EPwm2Regs                            
1     00004200  _EPwm3Regs                            
1     00004300  _EPwm4Regs                            
1     00004400  _EPwm5Regs                            
1     00004500  _EPwm6Regs                            
1     00004600  _EPwm7Regs                            
1     00004700  _EPwm8Regs                            
1     00004800  _EPwm9Regs                            
1     00004900  _EPwm10Regs                           
1     00004a00  _EPwm11Regs                           
1     00004b00  _EPwm12Regs                           
1     00005000  _ECap1Regs                            
1     00005020  _ECap2Regs                            
1     00005040  _ECap3Regs                            
1     00005060  _ECap4Regs                            
1     00005080  _ECap5Regs                            
1     000050a0  _ECap6Regs                            
1     00005100  _EQep1Regs                            
1     00005140  _EQep2Regs                            
1     00005180  _EQep3Regs                            
1     00005c00  _DacaRegs                             
1     00005c10  _DacbRegs                             
1     00005c20  _DaccRegs                             
1     00005c80  _Cmpss1Regs                           
1     00005ca0  _Cmpss2Regs                           
1     00005cc0  _Cmpss3Regs                           
1     00005ce0  _Cmpss4Regs                           
1     00005d00  _Cmpss5Regs                           
1     00005d20  _Cmpss6Regs                           
1     00005d40  _Cmpss7Regs                           
1     00005d60  _Cmpss8Regs                           
1     00005e00  _Sdfm1Regs                            
1     00005e80  _Sdfm2Regs                            
1     00006000  _McbspaRegs                           
1     00006040  _McbspbRegs                           
1     00006100  _SpiaRegs                             
1     00006110  _SpibRegs                             
1     00006120  _SpicRegs                             
1     00006200  _UppRegs                              
1     00007000  _WdRegs                               
1     00007060  _NmiIntruptRegs                       
1     00007070  _XintRegs                             
1     00007200  _SciaRegs                             
1     00007210  _ScibRegs                             
1     00007220  _ScicRegs                             
1     00007230  _ScidRegs                             
1     00007300  _I2caRegs                             
1     00007340  _I2cbRegs                             
1     00007400  _AdcaRegs                             
1     00007480  _AdcbRegs                             
1     00007500  _AdccRegs                             
1     00007580  _AdcdRegs                             
1     00007900  _InputXbarRegs                        
1     00007920  _XbarRegs                             
1     00007940  _SyncSocRegs                          
1     00007980  _DmaClaSrcSelRegs                     
1     00007a00  _EPwmXbarRegs                         
1     00007a80  _OutputXbarRegs                       
1     00007c00  _GpioCtrlRegs                         
1     00007f00  _GpioDataRegs                         
1     0000aca6  _rt_assert_hook                       
1     0000ad41  _deviceOpen                           
1     0000ad42  _rt_thread_priority_table             
1     0000ad62  _TRIP_SEL                             
1     0000ae50  _EPWM                                 
1     0000ae6a  _ECAP                                 
1     0000ae78  _EQEP                                 
1     0000aec8  _CpuTimer0                            
1     0000aed0  _CpuTimer1                            
1     0000aed8  _CpuTimer2                            
1     0000aee0  _ADC                                  
1     0000aeea  _SPI                                  
1     0000aefa  _tempSensor_tempSlope                 
1     0000aefc  _tempSensor_tempOffset                
1     0000aefe  _tempSensor_scaleFactor               
1     0000af00  _rt_interrupt_from_thread             
1     0000af02  _rt_interrupt_to_thread               
1     0000af04  _rt_thread_switch_interrupt_flag      
1     0000af08  __syscall_table_begin                 
1     0000af0a  __syscall_table_end                   
1     0000af0c  _shell                                
1     0000af10  _SDFM                                 
1     0000af16  ___TI_enable_exit_profile_output      
1     0000af18  ___TI_cleanup_ptr                     
1     0000af1a  ___TI_dtors_ptr                       
1     0000af1d  _rt_current_priority                  
1     0000af1e  _rt_thread_ready_priority_group       
1     0000af20  _rt_current_thread                    
1     0000af22  _I2C                                  
1     0000af26  _MCBSP                                
1     0000af2a  _SCI                                  
1     0000af36  _rt_interrupt_nest                    
1     0000af3e  __lock                                
1     0000af40  __unlock                              
1     0000af44  ___TI_ft_end                          
1     0000b800  __CIOBUF_                             
1     0000e000  __sys_memory                          
1     0003fc00  _g_asIPCCPU1toCPU2Buffers             
1     0003fc80  _g_usPutWriteIndexes                  
1     0003fc84  _g_usGetReadIndexes                   
1     00047000  _Emif1Regs                            
1     00047800  _Emif2Regs                            
1     00048000  _CanaRegs                             
1     0004a000  _CanbRegs                             
1     00050000  _IpcRegs                              
1     00050024  _FlashPumpSemaphoreRegs               
1     0005d000  _DevCfgRegs                           
1     0005d180  _AnalogSubsysRegs                     
1     0005d200  _ClkCfgRegs                           
1     0005d300  _CpuSysRegs                           
1     0005e608  _RomPrefetchRegs                      
1     0005f000  _DcsmZ1Regs                           
1     0005f040  _DcsmZ2Regs                           
1     0005f070  _DcsmCommonRegs                       
1     0005f400  _MemCfgRegs                           
1     0005f480  _Emif1ConfigRegs                      
1     0005f4a0  _Emif2ConfigRegs                      
1     0005f4c0  _AccessProtectionRegs                 
1     0005f500  _MemoryErrorRegs                      
1     0005f540  _RomWaitStateRegs                     
1     0005f800  _Flash0CtrlRegs                       
1     0005fb00  _Flash0EccRegs                        
abs   0000003b  _RamfuncsLoadSize                     
abs   0000003b  _RamfuncsRunSize                      
abs   00000400  __STACK_SIZE                          
abs   00000400  __SYSMEM_SIZE                         
abs   ffffffff  .text                                 
abs   ffffffff  ___TI_pprof_out_hndl                  
abs   ffffffff  ___TI_prof_data_size                  
abs   ffffffff  ___TI_prof_data_start                 
abs   ffffffff  ___binit__                            
abs   ffffffff  ___c_args__                           
abs   ffffffff  ___etext__                            
abs   ffffffff  ___pinit__                            
abs   ffffffff  ___text__                             
abs   ffffffff  binit                                 
abs   ffffffff  etext                                 
abs   ffffffff  pinit                                 

[654 symbols]
