<?xml version="1.0" encoding="ISO-8859-1" ?>
<link_info>
   <banner>TMS320C2000 Linker PC v22.6.0.LTS</banner>
   <copyright>Copyright (c) 1996-2018 Texas Instruments Incorporated</copyright>
   <link_time>0x62df9c5f</link_time>
   <link_errors>0x0</link_errors>
   <output_file>rt-thread_28377.out</output_file>
   <entry_point>
      <name>_c_int00</name>
      <address>0x8784f</address>
   </entry_point>
   <input_file_list>
      <input_file id="fl-2">
         <path>.\Kernel\</path>
         <kind>object</kind>
         <file>clock.obj</file>
         <name>clock.obj</name>
      </input_file>
      <input_file id="fl-3">
         <path>.\Kernel\</path>
         <kind>object</kind>
         <file>components.obj</file>
         <name>components.obj</name>
      </input_file>
      <input_file id="fl-4">
         <path>.\Kernel\</path>
         <kind>object</kind>
         <file>cpu.obj</file>
         <name>cpu.obj</name>
      </input_file>
      <input_file id="fl-5">
         <path>.\Kernel\</path>
         <kind>object</kind>
         <file>device.obj</file>
         <name>device.obj</name>
      </input_file>
      <input_file id="fl-6">
         <path>.\Kernel\</path>
         <kind>object</kind>
         <file>idle.obj</file>
         <name>idle.obj</name>
      </input_file>
      <input_file id="fl-7">
         <path>.\Kernel\</path>
         <kind>object</kind>
         <file>ipc.obj</file>
         <name>ipc.obj</name>
      </input_file>
      <input_file id="fl-8">
         <path>.\Kernel\</path>
         <kind>object</kind>
         <file>irq.obj</file>
         <name>irq.obj</name>
      </input_file>
      <input_file id="fl-9">
         <path>.\Kernel\</path>
         <kind>object</kind>
         <file>kservice.obj</file>
         <name>kservice.obj</name>
      </input_file>
      <input_file id="fl-a">
         <path>.\Kernel\</path>
         <kind>object</kind>
         <file>mem.obj</file>
         <name>mem.obj</name>
      </input_file>
      <input_file id="fl-b">
         <path>.\Kernel\</path>
         <kind>object</kind>
         <file>memheap.obj</file>
         <name>memheap.obj</name>
      </input_file>
      <input_file id="fl-c">
         <path>.\Kernel\</path>
         <kind>object</kind>
         <file>mempool.obj</file>
         <name>mempool.obj</name>
      </input_file>
      <input_file id="fl-d">
         <path>.\Kernel\</path>
         <kind>object</kind>
         <file>object.obj</file>
         <name>object.obj</name>
      </input_file>
      <input_file id="fl-e">
         <path>.\Kernel\</path>
         <kind>object</kind>
         <file>scheduler.obj</file>
         <name>scheduler.obj</name>
      </input_file>
      <input_file id="fl-f">
         <path>.\Kernel\</path>
         <kind>object</kind>
         <file>signal.obj</file>
         <name>signal.obj</name>
      </input_file>
      <input_file id="fl-10">
         <path>.\Kernel\</path>
         <kind>object</kind>
         <file>slab.obj</file>
         <name>slab.obj</name>
      </input_file>
      <input_file id="fl-11">
         <path>.\Kernel\</path>
         <kind>object</kind>
         <file>thread.obj</file>
         <name>thread.obj</name>
      </input_file>
      <input_file id="fl-12">
         <path>.\Kernel\</path>
         <kind>object</kind>
         <file>timer.obj</file>
         <name>timer.obj</name>
      </input_file>
      <input_file id="fl-13">
         <path>.\applications\</path>
         <kind>object</kind>
         <file>application.obj</file>
         <name>application.obj</name>
      </input_file>
      <input_file id="fl-14">
         <path>.\applications\</path>
         <kind>object</kind>
         <file>startup.obj</file>
         <name>startup.obj</name>
      </input_file>
      <input_file id="fl-15">
         <path>.\c28x\</path>
         <kind>object</kind>
         <file>context.obj</file>
         <name>context.obj</name>
      </input_file>
      <input_file id="fl-16">
         <path>.\c28x\</path>
         <kind>object</kind>
         <file>cpuport.obj</file>
         <name>cpuport.obj</name>
      </input_file>
      <input_file id="fl-17">
         <path>.\drivers\</path>
         <kind>object</kind>
         <file>board.obj</file>
         <name>board.obj</name>
      </input_file>
      <input_file id="fl-18">
         <path>.\drivers\</path>
         <kind>object</kind>
         <file>completion.obj</file>
         <name>completion.obj</name>
      </input_file>
      <input_file id="fl-19">
         <path>.\drivers\</path>
         <kind>object</kind>
         <file>dataqueue.obj</file>
         <name>dataqueue.obj</name>
      </input_file>
      <input_file id="fl-1a">
         <path>.\drivers\</path>
         <kind>object</kind>
         <file>drv_sci.obj</file>
         <name>drv_sci.obj</name>
      </input_file>
      <input_file id="fl-1b">
         <path>.\drivers\</path>
         <kind>object</kind>
         <file>queue.obj</file>
         <name>queue.obj</name>
      </input_file>
      <input_file id="fl-1c">
         <path>.\drivers\</path>
         <kind>object</kind>
         <file>serial.obj</file>
         <name>serial.obj</name>
      </input_file>
      <input_file id="fl-1d">
         <path>.\finsh\</path>
         <kind>object</kind>
         <file>cmd.obj</file>
         <name>cmd.obj</name>
      </input_file>
      <input_file id="fl-1e">
         <path>.\finsh\</path>
         <kind>object</kind>
         <file>msh.obj</file>
         <name>msh.obj</name>
      </input_file>
      <input_file id="fl-1f">
         <path>.\finsh\</path>
         <kind>object</kind>
         <file>msh_file.obj</file>
         <name>msh_file.obj</name>
      </input_file>
      <input_file id="fl-20">
         <path>.\finsh\</path>
         <kind>object</kind>
         <file>shell.obj</file>
         <name>shell.obj</name>
      </input_file>
      <input_file id="fl-21">
         <path>.\libraries\common\source\</path>
         <kind>object</kind>
         <file>F2837xD_Adc.obj</file>
         <name>F2837xD_Adc.obj</name>
      </input_file>
      <input_file id="fl-22">
         <path>.\libraries\common\source\</path>
         <kind>object</kind>
         <file>F2837xD_CodeStartBranch.obj</file>
         <name>F2837xD_CodeStartBranch.obj</name>
      </input_file>
      <input_file id="fl-23">
         <path>.\libraries\common\source\</path>
         <kind>object</kind>
         <file>F2837xD_CpuTimers.obj</file>
         <name>F2837xD_CpuTimers.obj</name>
      </input_file>
      <input_file id="fl-24">
         <path>.\libraries\common\source\</path>
         <kind>object</kind>
         <file>F2837xD_DBGIER.obj</file>
         <name>F2837xD_DBGIER.obj</name>
      </input_file>
      <input_file id="fl-25">
         <path>.\libraries\common\source\</path>
         <kind>object</kind>
         <file>F2837xD_DefaultISR.obj</file>
         <name>F2837xD_DefaultISR.obj</name>
      </input_file>
      <input_file id="fl-26">
         <path>.\libraries\common\source\</path>
         <kind>object</kind>
         <file>F2837xD_Dma.obj</file>
         <name>F2837xD_Dma.obj</name>
      </input_file>
      <input_file id="fl-27">
         <path>.\libraries\common\source\</path>
         <kind>object</kind>
         <file>F2837xD_ECap.obj</file>
         <name>F2837xD_ECap.obj</name>
      </input_file>
      <input_file id="fl-28">
         <path>.\libraries\common\source\</path>
         <kind>object</kind>
         <file>F2837xD_EPwm.obj</file>
         <name>F2837xD_EPwm.obj</name>
      </input_file>
      <input_file id="fl-29">
         <path>.\libraries\common\source\</path>
         <kind>object</kind>
         <file>F2837xD_EQep.obj</file>
         <name>F2837xD_EQep.obj</name>
      </input_file>
      <input_file id="fl-2a">
         <path>.\libraries\common\source\</path>
         <kind>object</kind>
         <file>F2837xD_Emif.obj</file>
         <name>F2837xD_Emif.obj</name>
      </input_file>
      <input_file id="fl-2b">
         <path>.\libraries\common\source\</path>
         <kind>object</kind>
         <file>F2837xD_Gpio.obj</file>
         <name>F2837xD_Gpio.obj</name>
      </input_file>
      <input_file id="fl-2c">
         <path>.\libraries\common\source\</path>
         <kind>object</kind>
         <file>F2837xD_I2C.obj</file>
         <name>F2837xD_I2C.obj</name>
      </input_file>
      <input_file id="fl-2d">
         <path>.\libraries\common\source\</path>
         <kind>object</kind>
         <file>F2837xD_Ipc.obj</file>
         <name>F2837xD_Ipc.obj</name>
      </input_file>
      <input_file id="fl-2e">
         <path>.\libraries\common\source\</path>
         <kind>object</kind>
         <file>F2837xD_Ipc_Driver.obj</file>
         <name>F2837xD_Ipc_Driver.obj</name>
      </input_file>
      <input_file id="fl-2f">
         <path>.\libraries\common\source\</path>
         <kind>object</kind>
         <file>F2837xD_Ipc_Driver_Lite.obj</file>
         <name>F2837xD_Ipc_Driver_Lite.obj</name>
      </input_file>
      <input_file id="fl-30">
         <path>.\libraries\common\source\</path>
         <kind>object</kind>
         <file>F2837xD_Ipc_Driver_Util.obj</file>
         <name>F2837xD_Ipc_Driver_Util.obj</name>
      </input_file>
      <input_file id="fl-31">
         <path>.\libraries\common\source\</path>
         <kind>object</kind>
         <file>F2837xD_Mcbsp.obj</file>
         <name>F2837xD_Mcbsp.obj</name>
      </input_file>
      <input_file id="fl-32">
         <path>.\libraries\common\source\</path>
         <kind>object</kind>
         <file>F2837xD_PieCtrl.obj</file>
         <name>F2837xD_PieCtrl.obj</name>
      </input_file>
      <input_file id="fl-33">
         <path>.\libraries\common\source\</path>
         <kind>object</kind>
         <file>F2837xD_PieVect.obj</file>
         <name>F2837xD_PieVect.obj</name>
      </input_file>
      <input_file id="fl-34">
         <path>.\libraries\common\source\</path>
         <kind>object</kind>
         <file>F2837xD_Sci.obj</file>
         <name>F2837xD_Sci.obj</name>
      </input_file>
      <input_file id="fl-35">
         <path>.\libraries\common\source\</path>
         <kind>object</kind>
         <file>F2837xD_Spi.obj</file>
         <name>F2837xD_Spi.obj</name>
      </input_file>
      <input_file id="fl-36">
         <path>.\libraries\common\source\</path>
         <kind>object</kind>
         <file>F2837xD_SysCtrl.obj</file>
         <name>F2837xD_SysCtrl.obj</name>
      </input_file>
      <input_file id="fl-37">
         <path>.\libraries\common\source\</path>
         <kind>object</kind>
         <file>F2837xD_TempSensorConv.obj</file>
         <name>F2837xD_TempSensorConv.obj</name>
      </input_file>
      <input_file id="fl-38">
         <path>.\libraries\common\source\</path>
         <kind>object</kind>
         <file>F2837xD_Upp.obj</file>
         <name>F2837xD_Upp.obj</name>
      </input_file>
      <input_file id="fl-39">
         <path>.\libraries\common\source\</path>
         <kind>object</kind>
         <file>F2837xD_can.obj</file>
         <name>F2837xD_can.obj</name>
      </input_file>
      <input_file id="fl-3a">
         <path>.\libraries\common\source\</path>
         <kind>object</kind>
         <file>F2837xD_sci_io.obj</file>
         <name>F2837xD_sci_io.obj</name>
      </input_file>
      <input_file id="fl-3b">
         <path>.\libraries\common\source\</path>
         <kind>object</kind>
         <file>F2837xD_sdfm_drivers.obj</file>
         <name>F2837xD_sdfm_drivers.obj</name>
      </input_file>
      <input_file id="fl-3c">
         <path>.\libraries\common\source\</path>
         <kind>object</kind>
         <file>F2837xD_struct.obj</file>
         <name>F2837xD_struct.obj</name>
      </input_file>
      <input_file id="fl-3d">
         <path>.\libraries\common\source\</path>
         <kind>object</kind>
         <file>F2837xD_usDelay.obj</file>
         <name>F2837xD_usDelay.obj</name>
      </input_file>
      <input_file id="fl-3e">
         <path>.\libraries\headers\source\</path>
         <kind>object</kind>
         <file>F2837xD_GlobalVariableDefs.obj</file>
         <name>F2837xD_GlobalVariableDefs.obj</name>
      </input_file>
      <input_file id="fl-43">
         <kind>object</kind>
         <file>&lt;internal&gt;</file>
         <name>&lt;internal&gt;</name>
      </input_file>
      <input_file id="fl-4f">
         <path>D:\ti\ccs1120\ccs\tools\compiler\ti-cgt-c2000_22.6.0.LTS\lib\</path>
         <kind>archive</kind>
         <file>rts2800_ml.lib</file>
         <name>boot28.asm.obj</name>
      </input_file>
      <input_file id="fl-50">
         <path>D:\ti\ccs1120\ccs\tools\compiler\ti-cgt-c2000_22.6.0.LTS\lib\</path>
         <kind>archive</kind>
         <file>rts2800_ml.lib</file>
         <name>fs_add28.asm.obj</name>
      </input_file>
      <input_file id="fl-51">
         <path>D:\ti\ccs1120\ccs\tools\compiler\ti-cgt-c2000_22.6.0.LTS\lib\</path>
         <kind>archive</kind>
         <file>rts2800_ml.lib</file>
         <name>fs_cmp28.asm.obj</name>
      </input_file>
      <input_file id="fl-52">
         <path>D:\ti\ccs1120\ccs\tools\compiler\ti-cgt-c2000_22.6.0.LTS\lib\</path>
         <kind>archive</kind>
         <file>rts2800_ml.lib</file>
         <name>fs_div28.asm.obj</name>
      </input_file>
      <input_file id="fl-53">
         <path>D:\ti\ccs1120\ccs\tools\compiler\ti-cgt-c2000_22.6.0.LTS\lib\</path>
         <kind>archive</kind>
         <file>rts2800_ml.lib</file>
         <name>fs_mpy28.asm.obj</name>
      </input_file>
      <input_file id="fl-54">
         <path>D:\ti\ccs1120\ccs\tools\compiler\ti-cgt-c2000_22.6.0.LTS\lib\</path>
         <kind>archive</kind>
         <file>rts2800_ml.lib</file>
         <name>fs_toi28.asm.obj</name>
      </input_file>
      <input_file id="fl-55">
         <path>D:\ti\ccs1120\ccs\tools\compiler\ti-cgt-c2000_22.6.0.LTS\lib\</path>
         <kind>archive</kind>
         <file>rts2800_ml.lib</file>
         <name>fs_tol28.asm.obj</name>
      </input_file>
      <input_file id="fl-56">
         <path>D:\ti\ccs1120\ccs\tools\compiler\ti-cgt-c2000_22.6.0.LTS\lib\</path>
         <kind>archive</kind>
         <file>rts2800_ml.lib</file>
         <name>ll_aox28.asm.obj</name>
      </input_file>
      <input_file id="fl-57">
         <path>D:\ti\ccs1120\ccs\tools\compiler\ti-cgt-c2000_22.6.0.LTS\lib\</path>
         <kind>archive</kind>
         <file>rts2800_ml.lib</file>
         <name>i_tofs28.asm.obj</name>
      </input_file>
      <input_file id="fl-58">
         <path>D:\ti\ccs1120\ccs\tools\compiler\ti-cgt-c2000_22.6.0.LTS\lib\</path>
         <kind>archive</kind>
         <file>rts2800_ml.lib</file>
         <name>u_div28.asm.obj</name>
      </input_file>
      <input_file id="fl-59">
         <path>D:\ti\ccs1120\ccs\tools\compiler\ti-cgt-c2000_22.6.0.LTS\lib\</path>
         <kind>archive</kind>
         <file>rts2800_ml.lib</file>
         <name>u_tofs28.asm.obj</name>
      </input_file>
      <input_file id="fl-5a">
         <path>D:\ti\ccs1120\ccs\tools\compiler\ti-cgt-c2000_22.6.0.LTS\lib\</path>
         <kind>archive</kind>
         <file>rts2800_ml.lib</file>
         <name>l_tofs28.asm.obj</name>
      </input_file>
      <input_file id="fl-5b">
         <path>D:\ti\ccs1120\ccs\tools\compiler\ti-cgt-c2000_22.6.0.LTS\lib\</path>
         <kind>archive</kind>
         <file>rts2800_ml.lib</file>
         <name>l_div28.asm.obj</name>
      </input_file>
      <input_file id="fl-5c">
         <path>D:\ti\ccs1120\ccs\tools\compiler\ti-cgt-c2000_22.6.0.LTS\lib\</path>
         <kind>archive</kind>
         <file>rts2800_ml.lib</file>
         <name>ul_tofs28.asm.obj</name>
      </input_file>
      <input_file id="fl-5d">
         <path>D:\ti\ccs1120\ccs\tools\compiler\ti-cgt-c2000_22.6.0.LTS\lib\</path>
         <kind>archive</kind>
         <file>rts2800_ml.lib</file>
         <name>cpy_tbl.c.obj</name>
      </input_file>
      <input_file id="fl-5e">
         <path>D:\ti\ccs1120\ccs\tools\compiler\ti-cgt-c2000_22.6.0.LTS\lib\</path>
         <kind>archive</kind>
         <file>rts2800_ml.lib</file>
         <name>memcpy.c.obj</name>
      </input_file>
      <input_file id="fl-5f">
         <path>D:\ti\ccs1120\ccs\tools\compiler\ti-cgt-c2000_22.6.0.LTS\lib\</path>
         <kind>archive</kind>
         <file>rts2800_ml.lib</file>
         <name>pre_init.c.obj</name>
      </input_file>
      <input_file id="fl-60">
         <path>D:\ti\ccs1120\ccs\tools\compiler\ti-cgt-c2000_22.6.0.LTS\lib\</path>
         <kind>archive</kind>
         <file>rts2800_ml.lib</file>
         <name>startup.c.obj</name>
      </input_file>
      <input_file id="fl-61">
         <path>D:\ti\ccs1120\ccs\tools\compiler\ti-cgt-c2000_22.6.0.LTS\lib\</path>
         <kind>archive</kind>
         <file>rts2800_ml.lib</file>
         <name>exit.c.obj</name>
      </input_file>
      <input_file id="fl-62">
         <path>D:\ti\ccs1120\ccs\tools\compiler\ti-cgt-c2000_22.6.0.LTS\lib\</path>
         <kind>archive</kind>
         <file>rts2800_ml.lib</file>
         <name>_lock.c.obj</name>
      </input_file>
      <input_file id="fl-63">
         <path>D:\ti\ccs1120\ccs\tools\compiler\ti-cgt-c2000_22.6.0.LTS\lib\</path>
         <kind>archive</kind>
         <file>rts2800_ml.lib</file>
         <name>args_main.c.obj</name>
      </input_file>
      <input_file id="fl-64">
         <path>D:\ti\ccs1120\ccs\tools\compiler\ti-cgt-c2000_22.6.0.LTS\lib\</path>
         <kind>archive</kind>
         <file>rts2800_ml.lib</file>
         <name>assert.c.obj</name>
      </input_file>
      <input_file id="fl-65">
         <path>D:\ti\ccs1120\ccs\tools\compiler\ti-cgt-c2000_22.6.0.LTS\lib\</path>
         <kind>archive</kind>
         <file>rts2800_ml.lib</file>
         <name>defs.c.obj</name>
      </input_file>
      <input_file id="fl-66">
         <path>D:\ti\ccs1120\ccs\tools\compiler\ti-cgt-c2000_22.6.0.LTS\lib\</path>
         <kind>archive</kind>
         <file>rts2800_ml.lib</file>
         <name>memcmp.c.obj</name>
      </input_file>
      <input_file id="fl-67">
         <path>D:\ti\ccs1120\ccs\tools\compiler\ti-cgt-c2000_22.6.0.LTS\lib\</path>
         <kind>archive</kind>
         <file>rts2800_ml.lib</file>
         <name>memory.c.obj</name>
      </input_file>
      <input_file id="fl-68">
         <path>D:\ti\ccs1120\ccs\tools\compiler\ti-cgt-c2000_22.6.0.LTS\lib\</path>
         <kind>archive</kind>
         <file>rts2800_ml.lib</file>
         <name>memset.c.obj</name>
      </input_file>
      <input_file id="fl-69">
         <path>D:\ti\ccs1120\ccs\tools\compiler\ti-cgt-c2000_22.6.0.LTS\lib\</path>
         <kind>archive</kind>
         <file>rts2800_ml.lib</file>
         <name>strcat.c.obj</name>
      </input_file>
      <input_file id="fl-6a">
         <path>D:\ti\ccs1120\ccs\tools\compiler\ti-cgt-c2000_22.6.0.LTS\lib\</path>
         <kind>archive</kind>
         <file>rts2800_ml.lib</file>
         <name>strcpy.c.obj</name>
      </input_file>
      <input_file id="fl-6b">
         <path>D:\ti\ccs1120\ccs\tools\compiler\ti-cgt-c2000_22.6.0.LTS\lib\</path>
         <kind>archive</kind>
         <file>rts2800_ml.lib</file>
         <name>strlen.c.obj</name>
      </input_file>
      <input_file id="fl-6c">
         <path>D:\ti\ccs1120\ccs\tools\compiler\ti-cgt-c2000_22.6.0.LTS\lib\</path>
         <kind>archive</kind>
         <file>rts2800_ml.lib</file>
         <name>strncmp.c.obj</name>
      </input_file>
      <input_file id="fl-6d">
         <path>D:\ti\ccs1120\ccs\tools\compiler\ti-cgt-c2000_22.6.0.LTS\lib\</path>
         <kind>archive</kind>
         <file>rts2800_ml.lib</file>
         <name>strncpy.c.obj</name>
      </input_file>
      <input_file id="fl-6e">
         <path>D:\ti\ccs1120\ccs\tools\compiler\ti-cgt-c2000_22.6.0.LTS\lib\</path>
         <kind>archive</kind>
         <file>rts2800_ml.lib</file>
         <name>fflush.c.obj</name>
      </input_file>
      <input_file id="fl-6f">
         <path>D:\ti\ccs1120\ccs\tools\compiler\ti-cgt-c2000_22.6.0.LTS\lib\</path>
         <kind>archive</kind>
         <file>rts2800_ml.lib</file>
         <name>fputs.c.obj</name>
      </input_file>
      <input_file id="fl-70">
         <path>D:\ti\ccs1120\ccs\tools\compiler\ti-cgt-c2000_22.6.0.LTS\lib\</path>
         <kind>archive</kind>
         <file>rts2800_ml.lib</file>
         <name>_io_perm.c.obj</name>
      </input_file>
      <input_file id="fl-71">
         <path>D:\ti\ccs1120\ccs\tools\compiler\ti-cgt-c2000_22.6.0.LTS\lib\</path>
         <kind>archive</kind>
         <file>rts2800_ml.lib</file>
         <name>setvbuf.c.obj</name>
      </input_file>
      <input_file id="fl-72">
         <path>D:\ti\ccs1120\ccs\tools\compiler\ti-cgt-c2000_22.6.0.LTS\lib\</path>
         <kind>archive</kind>
         <file>rts2800_ml.lib</file>
         <name>memchr.c.obj</name>
      </input_file>
      <input_file id="fl-73">
         <path>D:\ti\ccs1120\ccs\tools\compiler\ti-cgt-c2000_22.6.0.LTS\lib\</path>
         <kind>archive</kind>
         <file>rts2800_ml.lib</file>
         <name>write.c.obj</name>
      </input_file>
      <input_file id="fl-74">
         <path>D:\ti\ccs1120\ccs\tools\compiler\ti-cgt-c2000_22.6.0.LTS\lib\</path>
         <kind>archive</kind>
         <file>rts2800_ml.lib</file>
         <name>host_device.c.obj</name>
      </input_file>
      <input_file id="fl-75">
         <path>D:\ti\ccs1120\ccs\tools\compiler\ti-cgt-c2000_22.6.0.LTS\lib\</path>
         <kind>archive</kind>
         <file>rts2800_ml.lib</file>
         <name>fopen.c.obj</name>
      </input_file>
      <input_file id="fl-76">
         <path>D:\ti\ccs1120\ccs\tools\compiler\ti-cgt-c2000_22.6.0.LTS\lib\</path>
         <kind>archive</kind>
         <file>rts2800_ml.lib</file>
         <name>fseek.c.obj</name>
      </input_file>
      <input_file id="fl-77">
         <path>D:\ti\ccs1120\ccs\tools\compiler\ti-cgt-c2000_22.6.0.LTS\lib\</path>
         <kind>archive</kind>
         <file>rts2800_ml.lib</file>
         <name>hostclose.c.obj</name>
      </input_file>
      <input_file id="fl-78">
         <path>D:\ti\ccs1120\ccs\tools\compiler\ti-cgt-c2000_22.6.0.LTS\lib\</path>
         <kind>archive</kind>
         <file>rts2800_ml.lib</file>
         <name>hostlseek.c.obj</name>
      </input_file>
      <input_file id="fl-79">
         <path>D:\ti\ccs1120\ccs\tools\compiler\ti-cgt-c2000_22.6.0.LTS\lib\</path>
         <kind>archive</kind>
         <file>rts2800_ml.lib</file>
         <name>hostopen.c.obj</name>
      </input_file>
      <input_file id="fl-7a">
         <path>D:\ti\ccs1120\ccs\tools\compiler\ti-cgt-c2000_22.6.0.LTS\lib\</path>
         <kind>archive</kind>
         <file>rts2800_ml.lib</file>
         <name>hostread.c.obj</name>
      </input_file>
      <input_file id="fl-7b">
         <path>D:\ti\ccs1120\ccs\tools\compiler\ti-cgt-c2000_22.6.0.LTS\lib\</path>
         <kind>archive</kind>
         <file>rts2800_ml.lib</file>
         <name>hostrename.c.obj</name>
      </input_file>
      <input_file id="fl-7c">
         <path>D:\ti\ccs1120\ccs\tools\compiler\ti-cgt-c2000_22.6.0.LTS\lib\</path>
         <kind>archive</kind>
         <file>rts2800_ml.lib</file>
         <name>hostunlink.c.obj</name>
      </input_file>
      <input_file id="fl-7d">
         <path>D:\ti\ccs1120\ccs\tools\compiler\ti-cgt-c2000_22.6.0.LTS\lib\</path>
         <kind>archive</kind>
         <file>rts2800_ml.lib</file>
         <name>hostwrite.c.obj</name>
      </input_file>
      <input_file id="fl-7e">
         <path>D:\ti\ccs1120\ccs\tools\compiler\ti-cgt-c2000_22.6.0.LTS\lib\</path>
         <kind>archive</kind>
         <file>rts2800_ml.lib</file>
         <name>trgmsg.c.obj</name>
      </input_file>
      <input_file id="fl-7f">
         <path>D:\ti\ccs1120\ccs\tools\compiler\ti-cgt-c2000_22.6.0.LTS\lib\</path>
         <kind>archive</kind>
         <file>rts2800_ml.lib</file>
         <name>open.c.obj</name>
      </input_file>
      <input_file id="fl-80">
         <path>D:\ti\ccs1120\ccs\tools\compiler\ti-cgt-c2000_22.6.0.LTS\lib\</path>
         <kind>archive</kind>
         <file>rts2800_ml.lib</file>
         <name>lseek.c.obj</name>
      </input_file>
      <input_file id="fl-81">
         <path>D:\ti\ccs1120\ccs\tools\compiler\ti-cgt-c2000_22.6.0.LTS\lib\</path>
         <kind>archive</kind>
         <file>rts2800_ml.lib</file>
         <name>fclose.c.obj</name>
      </input_file>
      <input_file id="fl-82">
         <path>D:\ti\ccs1120\ccs\tools\compiler\ti-cgt-c2000_22.6.0.LTS\lib\</path>
         <kind>archive</kind>
         <file>rts2800_ml.lib</file>
         <name>getdevice.c.obj</name>
      </input_file>
      <input_file id="fl-83">
         <path>D:\ti\ccs1120\ccs\tools\compiler\ti-cgt-c2000_22.6.0.LTS\lib\</path>
         <kind>archive</kind>
         <file>rts2800_ml.lib</file>
         <name>strchr.c.obj</name>
      </input_file>
      <input_file id="fl-84">
         <path>D:\ti\ccs1120\ccs\tools\compiler\ti-cgt-c2000_22.6.0.LTS\lib\</path>
         <kind>archive</kind>
         <file>rts2800_ml.lib</file>
         <name>strcmp.c.obj</name>
      </input_file>
      <input_file id="fl-85">
         <path>D:\ti\ccs1120\ccs\tools\compiler\ti-cgt-c2000_22.6.0.LTS\lib\</path>
         <kind>archive</kind>
         <file>rts2800_ml.lib</file>
         <name>remove.c.obj</name>
      </input_file>
      <input_file id="fl-86">
         <path>D:\ti\ccs1120\ccs\tools\compiler\ti-cgt-c2000_22.6.0.LTS\lib\</path>
         <kind>archive</kind>
         <file>rts2800_ml.lib</file>
         <name>close.c.obj</name>
      </input_file>
      <input_file id="fl-87">
         <path>D:\ti\ccs1120\ccs\tools\compiler\ti-cgt-c2000_22.6.0.LTS\lib\</path>
         <kind>archive</kind>
         <file>rts2800_ml.lib</file>
         <name>unlink.c.obj</name>
      </input_file>
   </input_file_list>
   <object_component_list>
      <object_component id="oc-408">
         <name>.cinit:__object_container</name>
         <load_address>0x82000</load_address>
         <run_address>0x82000</run_address>
         <size>0x52</size>
         <input_file_ref idref="fl-d"/>
      </object_component>
      <object_component id="oc-1fe">
         <name>.cinit:_TRIP_SEL</name>
         <load_address>0x82052</load_address>
         <run_address>0x82052</run_address>
         <size>0x21</size>
         <input_file_ref idref="fl-3c"/>
      </object_component>
      <object_component id="oc-228">
         <name>.cinit:_EPWM</name>
         <load_address>0x82073</load_address>
         <run_address>0x82073</run_address>
         <size>0x1d</size>
         <input_file_ref idref="fl-3c"/>
      </object_component>
      <object_component id="oc-1f7">
         <name>.cinit:_ECAP</name>
         <load_address>0x82090</load_address>
         <run_address>0x82090</run_address>
         <size>0x11</size>
         <input_file_ref idref="fl-3c"/>
      </object_component>
      <object_component id="oc-297">
         <name>.cinit</name>
         <load_address>0x820a1</load_address>
         <run_address>0x820a1</run_address>
         <size>0xe</size>
         <input_file_ref idref="fl-61"/>
      </object_component>
      <object_component id="oc-21d">
         <name>.cinit:_ADC</name>
         <load_address>0x820af</load_address>
         <run_address>0x820af</run_address>
         <size>0xd</size>
         <input_file_ref idref="fl-3c"/>
      </object_component>
      <object_component id="oc-203">
         <name>.cinit:_EQEP</name>
         <load_address>0x820bc</load_address>
         <run_address>0x820bc</run_address>
         <size>0xb</size>
         <input_file_ref idref="fl-3c"/>
      </object_component>
      <object_component id="oc-1e5">
         <name>.cinit:_SPI</name>
         <load_address>0x820c7</load_address>
         <run_address>0x820c7</run_address>
         <size>0xb</size>
         <input_file_ref idref="fl-3c"/>
      </object_component>
      <object_component id="oc-223">
         <name>.cinit:_SDFM</name>
         <load_address>0x820d2</load_address>
         <run_address>0x820d2</run_address>
         <size>0x9</size>
         <input_file_ref idref="fl-3c"/>
      </object_component>
      <object_component id="oc-207">
         <name>.cinit:_I2C</name>
         <load_address>0x820db</load_address>
         <run_address>0x820db</run_address>
         <size>0x7</size>
         <input_file_ref idref="fl-3c"/>
      </object_component>
      <object_component id="oc-20d">
         <name>.cinit:_MCBSP</name>
         <load_address>0x820e2</load_address>
         <run_address>0x820e2</run_address>
         <size>0x7</size>
         <input_file_ref idref="fl-3c"/>
      </object_component>
      <object_component id="oc-1e0">
         <name>.cinit:_SCI</name>
         <load_address>0x820e9</load_address>
         <run_address>0x820e9</run_address>
         <size>0x7</size>
         <input_file_ref idref="fl-3c"/>
      </object_component>
      <object_component id="oc-97">
         <name>.cinit</name>
         <load_address>0x820f0</load_address>
         <run_address>0x820f0</run_address>
         <size>0x7</size>
         <input_file_ref idref="fl-6"/>
      </object_component>
      <object_component id="oc-379">
         <name>.cinit:__lock</name>
         <load_address>0x820f7</load_address>
         <run_address>0x820f7</run_address>
         <size>0x5</size>
         <input_file_ref idref="fl-62"/>
      </object_component>
      <object_component id="oc-39a">
         <name>.cinit:__unlock</name>
         <load_address>0x820fc</load_address>
         <run_address>0x820fc</run_address>
         <size>0x5</size>
         <input_file_ref idref="fl-62"/>
      </object_component>
      <object_component id="oc-369">
         <name>.cinit:_uart_obj</name>
         <load_address>0x82101</load_address>
         <run_address>0x82101</run_address>
         <size>0x5</size>
         <input_file_ref idref="fl-1a"/>
      </object_component>
      <object_component id="oc-82">
         <name>.cinit</name>
         <load_address>0x82106</load_address>
         <run_address>0x82106</run_address>
         <size>0x5</size>
         <input_file_ref idref="fl-2"/>
      </object_component>
      <object_component id="oc-f2">
         <name>.cinit</name>
         <load_address>0x8210b</load_address>
         <run_address>0x8210b</run_address>
         <size>0x5</size>
         <input_file_ref idref="fl-16"/>
      </object_component>
      <object_component id="oc-ac">
         <name>.cinit</name>
         <load_address>0x82110</load_address>
         <run_address>0x82110</run_address>
         <size>0x5</size>
         <input_file_ref idref="fl-9"/>
      </object_component>
      <object_component id="oc-c8">
         <name>.cinit</name>
         <load_address>0x82115</load_address>
         <run_address>0x82115</run_address>
         <size>0x5</size>
         <input_file_ref idref="fl-e"/>
      </object_component>
      <object_component id="oc-130">
         <name>.cinit</name>
         <load_address>0x8211a</load_address>
         <run_address>0x8211a</run_address>
         <size>0x5</size>
         <input_file_ref idref="fl-20"/>
      </object_component>
      <object_component id="oc-1bc">
         <name>.cinit</name>
         <load_address>0x8211f</load_address>
         <run_address>0x8211f</run_address>
         <size>0x4</size>
         <input_file_ref idref="fl-3a"/>
      </object_component>
      <object_component id="oc-387">
         <name>.cinit:_finsh_prompt$1</name>
         <load_address>0x82123</load_address>
         <run_address>0x82123</run_address>
         <size>0x4</size>
         <input_file_ref idref="fl-20"/>
      </object_component>
      <object_component id="oc-a5">
         <name>.cinit</name>
         <load_address>0x82127</load_address>
         <run_address>0x82127</run_address>
         <size>0x4</size>
         <input_file_ref idref="fl-8"/>
      </object_component>
      <object_component id="oc-2ad">
         <name>.cinit</name>
         <load_address>0x8212b</load_address>
         <run_address>0x8212b</run_address>
         <size>0x4</size>
         <input_file_ref idref="fl-65"/>
      </object_component>
      <object_component id="oc-2fd">
         <name>.cinit</name>
         <load_address>0x8212f</load_address>
         <run_address>0x8212f</run_address>
         <size>0x4</size>
         <input_file_ref idref="fl-75"/>
      </object_component>
      <object_component id="oc-2b6">
         <name>.cinit</name>
         <load_address>0x82133</load_address>
         <run_address>0x82133</run_address>
         <size>0x4</size>
         <input_file_ref idref="fl-67"/>
      </object_component>
      <object_component id="oc-332">
         <name>.cinit</name>
         <load_address>0x82137</load_address>
         <run_address>0x82137</run_address>
         <size>0x4</size>
         <input_file_ref idref="fl-7f"/>
      </object_component>
      <object_component id="oc-11a">
         <name>.cinit</name>
         <load_address>0x8213b</load_address>
         <run_address>0x8213b</run_address>
         <size>0x4</size>
         <input_file_ref idref="fl-1c"/>
      </object_component>
      <object_component id="oc-38d">
         <name>.text</name>
         <load_address>0x82144</load_address>
         <run_address>0x82144</run_address>
         <size>0x125f</size>
         <input_file_ref idref="fl-7"/>
      </object_component>
      <object_component id="oc-381">
         <name>.text</name>
         <load_address>0x833a3</load_address>
         <run_address>0x833a3</run_address>
         <size>0x7f2</size>
         <input_file_ref idref="fl-1c"/>
      </object_component>
      <object_component id="oc-37a">
         <name>.text</name>
         <load_address>0x83b95</load_address>
         <run_address>0x83b95</run_address>
         <size>0x431</size>
         <input_file_ref idref="fl-11"/>
      </object_component>
      <object_component id="oc-365">
         <name>.text</name>
         <load_address>0x83fc6</load_address>
         <run_address>0x83fc6</run_address>
         <size>0x34</size>
         <input_file_ref idref="fl-3"/>
      </object_component>
      <object_component id="oc-385">
         <name>.text</name>
         <load_address>0x83ffa</load_address>
         <run_address>0x83ffa</run_address>
         <size>0x5</size>
         <input_file_ref idref="fl-6a"/>
      </object_component>
      <object_component id="oc-362">
         <name>.text</name>
         <load_address>0x83fff</load_address>
         <run_address>0x83fff</run_address>
         <size>0x1</size>
         <input_file_ref idref="fl-60"/>
      </object_component>
      <object_component id="oc-37e">
         <name>.text</name>
         <load_address>0x84000</load_address>
         <run_address>0x84000</run_address>
         <size>0x7ac</size>
         <input_file_ref idref="fl-9"/>
      </object_component>
      <object_component id="oc-3fc">
         <name>.text</name>
         <load_address>0x847ac</load_address>
         <run_address>0x847ac</run_address>
         <size>0x640</size>
         <input_file_ref idref="fl-1d"/>
      </object_component>
      <object_component id="oc-36b">
         <name>.text</name>
         <load_address>0x84dec</load_address>
         <run_address>0x84dec</run_address>
         <size>0x555</size>
         <input_file_ref idref="fl-20"/>
      </object_component>
      <object_component id="oc-3ff">
         <name>.text</name>
         <load_address>0x85341</load_address>
         <run_address>0x85341</run_address>
         <size>0x487</size>
         <input_file_ref idref="fl-36"/>
      </object_component>
      <object_component id="oc-3b8">
         <name>.text</name>
         <load_address>0x857c8</load_address>
         <run_address>0x857c8</run_address>
         <size>0x419</size>
         <input_file_ref idref="fl-a"/>
      </object_component>
      <object_component id="oc-3c0">
         <name>.text</name>
         <load_address>0x85be1</load_address>
         <run_address>0x85be1</run_address>
         <size>0x3d0</size>
         <input_file_ref idref="fl-19"/>
      </object_component>
      <object_component id="oc-396">
         <name>.text</name>
         <load_address>0x85fb1</load_address>
         <run_address>0x85fb1</run_address>
         <size>0x47</size>
         <input_file_ref idref="fl-17"/>
      </object_component>
      <object_component id="oc-384">
         <name>.text</name>
         <load_address>0x85ff8</load_address>
         <run_address>0x85ff8</run_address>
         <size>0x8</size>
         <input_file_ref idref="fl-6b"/>
      </object_component>
      <object_component id="oc-37c">
         <name>.text</name>
         <load_address>0x86004</load_address>
         <run_address>0x86004</run_address>
         <size>0x384</size>
         <input_file_ref idref="fl-12"/>
      </object_component>
      <object_component id="oc-14e">
         <name>.text:retain</name>
         <load_address>0x86388</load_address>
         <run_address>0x86388</run_address>
         <size>0x2c1</size>
         <input_file_ref idref="fl-25"/>
      </object_component>
      <object_component id="oc-38e">
         <name>.text</name>
         <load_address>0x86649</load_address>
         <run_address>0x86649</run_address>
         <size>0x26b</size>
         <input_file_ref idref="fl-5"/>
      </object_component>
      <object_component id="oc-421">
         <name>.text</name>
         <load_address>0x868b4</load_address>
         <run_address>0x868b4</run_address>
         <size>0x244</size>
         <input_file_ref idref="fl-2b"/>
      </object_component>
      <object_component id="oc-394">
         <name>.text</name>
         <load_address>0x86af8</load_address>
         <run_address>0x86af8</run_address>
         <size>0x205</size>
         <input_file_ref idref="fl-1e"/>
      </object_component>
      <object_component id="oc-39c">
         <name>.text</name>
         <load_address>0x86cfd</load_address>
         <run_address>0x86cfd</run_address>
         <size>0x1ff</size>
         <input_file_ref idref="fl-d"/>
      </object_component>
      <object_component id="oc-36a">
         <name>.text</name>
         <load_address>0x86efc</load_address>
         <run_address>0x86efc</run_address>
         <size>0x1cb</size>
         <input_file_ref idref="fl-1a"/>
      </object_component>
      <object_component id="oc-37b">
         <name>.text</name>
         <load_address>0x870c7</load_address>
         <run_address>0x870c7</run_address>
         <size>0x193</size>
         <input_file_ref idref="fl-e"/>
      </object_component>
      <object_component id="oc-398">
         <name>.text</name>
         <load_address>0x8725a</load_address>
         <run_address>0x8725a</run_address>
         <size>0x120</size>
         <input_file_ref idref="fl-6"/>
      </object_component>
      <object_component id="oc-3be">
         <name>.text</name>
         <load_address>0x8737a</load_address>
         <run_address>0x8737a</run_address>
         <size>0x11c</size>
         <input_file_ref idref="fl-18"/>
      </object_component>
      <object_component id="oc-37f">
         <name>.text</name>
         <load_address>0x87496</load_address>
         <run_address>0x87496</run_address>
         <size>0x92</size>
         <input_file_ref idref="fl-3a"/>
      </object_component>
      <object_component id="oc-24b">
         <name>.text</name>
         <load_address>0x87528</load_address>
         <run_address>0x87528</run_address>
         <size>0x83</size>
         <input_file_ref idref="fl-52"/>
      </object_component>
      <object_component id="oc-ec">
         <name>.text</name>
         <load_address>0x875ab</load_address>
         <run_address>0x875ab</run_address>
         <size>0x7e</size>
         <input_file_ref idref="fl-15"/>
      </object_component>
      <object_component id="oc-241">
         <name>.text</name>
         <load_address>0x87629</load_address>
         <run_address>0x87629</run_address>
         <size>0x78</size>
         <input_file_ref idref="fl-50"/>
      </object_component>
      <object_component id="oc-402">
         <name>.text</name>
         <load_address>0x876a1</load_address>
         <run_address>0x876a1</run_address>
         <size>0x73</size>
         <input_file_ref idref="fl-23"/>
      </object_component>
      <object_component id="oc-367">
         <name>.text</name>
         <load_address>0x87714</load_address>
         <run_address>0x87714</run_address>
         <size>0x71</size>
         <input_file_ref idref="fl-2"/>
      </object_component>
      <object_component id="oc-39d">
         <name>.text</name>
         <load_address>0x87785</load_address>
         <run_address>0x87785</run_address>
         <size>0x70</size>
         <input_file_ref idref="fl-16"/>
      </object_component>
      <object_component id="oc-250">
         <name>.text</name>
         <load_address>0x877f5</load_address>
         <run_address>0x877f5</run_address>
         <size>0x5a</size>
         <input_file_ref idref="fl-53"/>
      </object_component>
      <object_component id="oc-80">
         <name>.text</name>
         <load_address>0x8784f</load_address>
         <run_address>0x8784f</run_address>
         <size>0x54</size>
         <input_file_ref idref="fl-4f"/>
      </object_component>
      <object_component id="oc-377">
         <name>.text</name>
         <load_address>0x878a3</load_address>
         <run_address>0x878a3</run_address>
         <size>0x2e</size>
         <input_file_ref idref="fl-14"/>
      </object_component>
      <object_component id="oc-366">
         <name>.text</name>
         <load_address>0x878d1</load_address>
         <run_address>0x878d1</run_address>
         <size>0x2d</size>
         <input_file_ref idref="fl-8"/>
      </object_component>
      <object_component id="oc-278">
         <name>.text</name>
         <load_address>0x878fe</load_address>
         <run_address>0x878fe</run_address>
         <size>0x2a</size>
         <input_file_ref idref="fl-5b"/>
      </object_component>
      <object_component id="oc-364">
         <name>.text</name>
         <load_address>0x87928</load_address>
         <run_address>0x87928</run_address>
         <size>0x29</size>
         <input_file_ref idref="fl-61"/>
      </object_component>
      <object_component id="oc-25a">
         <name>.text</name>
         <load_address>0x87951</load_address>
         <run_address>0x87951</run_address>
         <size>0x29</size>
         <input_file_ref idref="fl-55"/>
      </object_component>
      <object_component id="oc-400">
         <name>.text</name>
         <load_address>0x8797a</load_address>
         <run_address>0x8797a</run_address>
         <size>0x28</size>
         <input_file_ref idref="fl-32"/>
      </object_component>
      <object_component id="oc-401">
         <name>.text</name>
         <load_address>0x879a2</load_address>
         <run_address>0x879a2</run_address>
         <size>0x26</size>
         <input_file_ref idref="fl-33"/>
      </object_component>
      <object_component id="oc-255">
         <name>.text</name>
         <load_address>0x879c8</load_address>
         <run_address>0x879c8</run_address>
         <size>0x25</size>
         <input_file_ref idref="fl-54"/>
      </object_component>
      <object_component id="oc-361">
         <name>.text</name>
         <load_address>0x879ed</load_address>
         <run_address>0x879ed</run_address>
         <size>0x24</size>
         <input_file_ref idref="fl-5d"/>
      </object_component>
      <object_component id="oc-397">
         <name>.text</name>
         <load_address>0x87a11</load_address>
         <run_address>0x87a11</run_address>
         <size>0x1d</size>
         <input_file_ref idref="fl-13"/>
      </object_component>
      <object_component id="oc-376">
         <name>.text</name>
         <load_address>0x87a2e</load_address>
         <run_address>0x87a2e</run_address>
         <size>0x1d</size>
         <input_file_ref idref="fl-5e"/>
      </object_component>
      <object_component id="oc-fa">
         <name>.text:retain</name>
         <load_address>0x87a4b</load_address>
         <run_address>0x87a4b</run_address>
         <size>0x1c</size>
         <input_file_ref idref="fl-17"/>
      </object_component>
      <object_component id="oc-10d">
         <name>.text:retain</name>
         <load_address>0x87a67</load_address>
         <run_address>0x87a67</run_address>
         <size>0x1a</size>
         <input_file_ref idref="fl-1a"/>
      </object_component>
      <object_component id="oc-264">
         <name>.text</name>
         <load_address>0x87a81</load_address>
         <run_address>0x87a81</run_address>
         <size>0x1a</size>
         <input_file_ref idref="fl-57"/>
      </object_component>
      <object_component id="oc-273">
         <name>.text</name>
         <load_address>0x87a9b</load_address>
         <run_address>0x87a9b</run_address>
         <size>0x1a</size>
         <input_file_ref idref="fl-5a"/>
      </object_component>
      <object_component id="oc-25f">
         <name>.text</name>
         <load_address>0x87ab5</load_address>
         <run_address>0x87ab5</run_address>
         <size>0x18</size>
         <input_file_ref idref="fl-56"/>
      </object_component>
      <object_component id="oc-246">
         <name>.text</name>
         <load_address>0x87acd</load_address>
         <run_address>0x87acd</run_address>
         <size>0x17</size>
         <input_file_ref idref="fl-51"/>
      </object_component>
      <object_component id="oc-3fd">
         <name>.text</name>
         <load_address>0x87ae4</load_address>
         <run_address>0x87ae4</run_address>
         <size>0x16</size>
         <input_file_ref idref="fl-6c"/>
      </object_component>
      <object_component id="oc-388">
         <name>.text</name>
         <load_address>0x87afa</load_address>
         <run_address>0x87afa</run_address>
         <size>0x15</size>
         <input_file_ref idref="fl-6d"/>
      </object_component>
      <object_component id="oc-395">
         <name>.text</name>
         <load_address>0x87b0f</load_address>
         <run_address>0x87b0f</run_address>
         <size>0x13</size>
         <input_file_ref idref="fl-66"/>
      </object_component>
      <object_component id="oc-27d">
         <name>.text</name>
         <load_address>0x87b22</load_address>
         <run_address>0x87b22</run_address>
         <size>0x13</size>
         <input_file_ref idref="fl-5c"/>
      </object_component>
      <object_component id="oc-363">
         <name>.text</name>
         <load_address>0x87b35</load_address>
         <run_address>0x87b35</run_address>
         <size>0x11</size>
         <input_file_ref idref="fl-63"/>
      </object_component>
      <object_component id="oc-26e">
         <name>.text</name>
         <load_address>0x87b46</load_address>
         <run_address>0x87b46</run_address>
         <size>0x10</size>
         <input_file_ref idref="fl-59"/>
      </object_component>
      <object_component id="oc-269">
         <name>.text</name>
         <load_address>0x87b56</load_address>
         <run_address>0x87b56</run_address>
         <size>0xb</size>
         <input_file_ref idref="fl-58"/>
      </object_component>
      <object_component id="oc-399">
         <name>.text</name>
         <load_address>0x87b61</load_address>
         <run_address>0x87b61</run_address>
         <size>0x9</size>
         <input_file_ref idref="fl-62"/>
      </object_component>
      <object_component id="oc-389">
         <name>.text</name>
         <load_address>0x87b6a</load_address>
         <run_address>0x87b6a</run_address>
         <size>0x9</size>
         <input_file_ref idref="fl-69"/>
      </object_component>
      <object_component id="oc-148">
         <name>.text</name>
         <load_address>0x87b73</load_address>
         <run_address>0x87b73</run_address>
         <size>0x3</size>
         <input_file_ref idref="fl-24"/>
      </object_component>
      <object_component id="oc-360">
         <name>.text</name>
         <load_address>0x87b76</load_address>
         <run_address>0x87b76</run_address>
         <size>0x2</size>
         <input_file_ref idref="fl-5f"/>
      </object_component>
      <object_component id="oc-13d">
         <name>codestart</name>
         <load_address>0x80000</load_address>
         <run_address>0x80000</run_address>
         <size>0x2</size>
         <input_file_ref idref="fl-22"/>
      </object_component>
      <object_component id="oc-1c9">
         <name>.TI.ramfunc</name>
         <load_address>0x86000</load_address>
         <run_address>0x8000</run_address>
         <size>0x4</size>
         <input_file_ref idref="fl-3d"/>
      </object_component>
      <object_component id="oc-32c">
         <name>.cio</name>
         <uninitialized>true</uninitialized>
         <run_address>0xb800</run_address>
         <size>0x120</size>
         <input_file_ref idref="fl-7e"/>
      </object_component>
      <object_component id="oc-23b">
         <name>.stack</name>
         <uninitialized>true</uninitialized>
         <run_address>0x400</run_address>
         <size>0x0</size>
         <input_file_ref idref="fl-4f"/>
      </object_component>
      <object_component id="oc-4a8">
         <name>.stack</name>
         <uninitialized>true</uninitialized>
         <run_address>0x400</run_address>
         <size>0x0</size>
      </object_component>
      <object_component id="oc-404">
         <name>.ebss:_rt_thread_stack</name>
         <uninitialized>true</uninitialized>
         <run_address>0xa800</run_address>
         <size>0x400</size>
         <input_file_ref idref="fl-6"/>
      </object_component>
      <object_component id="oc-368">
         <name>.ebss:_uart_obj</name>
         <uninitialized>true</uninitialized>
         <run_address>0xac00</run_address>
         <size>0x9c</size>
         <input_file_ref idref="fl-1a"/>
      </object_component>
      <object_component id="oc-ad">
         <name>.ebss</name>
         <uninitialized>true</uninitialized>
         <run_address>0xac9c</run_address>
         <size>0x24</size>
         <input_file_ref idref="fl-9"/>
      </object_component>
      <object_component id="oc-386">
         <name>.ebss:_finsh_prompt$1</name>
         <uninitialized>true</uninitialized>
         <run_address>0xacc0</run_address>
         <size>0x81</size>
         <input_file_ref idref="fl-20"/>
      </object_component>
      <object_component id="oc-1bd">
         <name>.ebss</name>
         <uninitialized>true</uninitialized>
         <run_address>0xad41</run_address>
         <size>0x1</size>
         <input_file_ref idref="fl-3a"/>
      </object_component>
      <object_component id="oc-3a8">
         <name>.ebss:_rt_thread_priority_table</name>
         <uninitialized>true</uninitialized>
         <run_address>0xad42</run_address>
         <size>0x20</size>
         <input_file_ref idref="fl-e"/>
      </object_component>
      <object_component id="oc-36f">
         <name>.ebss:_TRIP_SEL</name>
         <uninitialized>true</uninitialized>
         <run_address>0xad62</run_address>
         <size>0x1e</size>
         <input_file_ref idref="fl-3c"/>
      </object_component>
      <object_component id="oc-3b6">
         <name>.ebss:_rt_log_buf$4</name>
         <uninitialized>true</uninitialized>
         <run_address>0xad80</run_address>
         <size>0x80</size>
         <input_file_ref idref="fl-9"/>
      </object_component>
      <object_component id="oc-407">
         <name>.ebss:__object_container</name>
         <uninitialized>true</uninitialized>
         <run_address>0xae00</run_address>
         <size>0x50</size>
         <input_file_ref idref="fl-d"/>
      </object_component>
      <object_component id="oc-375">
         <name>.ebss:_EPWM</name>
         <uninitialized>true</uninitialized>
         <run_address>0xae50</run_address>
         <size>0x1a</size>
         <input_file_ref idref="fl-3c"/>
      </object_component>
      <object_component id="oc-36e">
         <name>.ebss:_ECAP</name>
         <uninitialized>true</uninitialized>
         <run_address>0xae6a</run_address>
         <size>0xe</size>
         <input_file_ref idref="fl-3c"/>
      </object_component>
      <object_component id="oc-370">
         <name>.ebss:_EQEP</name>
         <uninitialized>true</uninitialized>
         <run_address>0xae78</run_address>
         <size>0x8</size>
         <input_file_ref idref="fl-3c"/>
      </object_component>
      <object_component id="oc-405">
         <name>.ebss:_idle</name>
         <uninitialized>true</uninitialized>
         <run_address>0xae80</run_address>
         <size>0x48</size>
         <input_file_ref idref="fl-6"/>
      </object_component>
      <object_component id="oc-143">
         <name>.ebss</name>
         <uninitialized>true</uninitialized>
         <run_address>0xaec8</run_address>
         <size>0x18</size>
         <input_file_ref idref="fl-23"/>
      </object_component>
      <object_component id="oc-373">
         <name>.ebss:_ADC</name>
         <uninitialized>true</uninitialized>
         <run_address>0xaee0</run_address>
         <size>0xa</size>
         <input_file_ref idref="fl-3c"/>
      </object_component>
      <object_component id="oc-131">
         <name>.ebss</name>
         <uninitialized>true</uninitialized>
         <run_address>0xaeea</run_address>
         <size>0xa</size>
         <input_file_ref idref="fl-20"/>
      </object_component>
      <object_component id="oc-36d">
         <name>.ebss:_SPI</name>
         <uninitialized>true</uninitialized>
         <run_address>0xaef4</run_address>
         <size>0x8</size>
         <input_file_ref idref="fl-3c"/>
      </object_component>
      <object_component id="oc-371">
         <name>.ebss:_I2C</name>
         <uninitialized>true</uninitialized>
         <run_address>0xaefc</run_address>
         <size>0x4</size>
         <input_file_ref idref="fl-3c"/>
      </object_component>
      <object_component id="oc-403">
         <name>.ebss:_idle_hook_list</name>
         <uninitialized>true</uninitialized>
         <run_address>0xaf00</run_address>
         <size>0x8</size>
         <input_file_ref idref="fl-6"/>
      </object_component>
      <object_component id="oc-f3">
         <name>.ebss</name>
         <uninitialized>true</uninitialized>
         <run_address>0xaf08</run_address>
         <size>0x8</size>
         <input_file_ref idref="fl-16"/>
      </object_component>
      <object_component id="oc-1ac">
         <name>.ebss</name>
         <uninitialized>true</uninitialized>
         <run_address>0xaf10</run_address>
         <size>0x6</size>
         <input_file_ref idref="fl-37"/>
      </object_component>
      <object_component id="oc-374">
         <name>.ebss:_SDFM</name>
         <uninitialized>true</uninitialized>
         <run_address>0xaf16</run_address>
         <size>0x6</size>
         <input_file_ref idref="fl-3c"/>
      </object_component>
      <object_component id="oc-298">
         <name>.ebss</name>
         <uninitialized>true</uninitialized>
         <run_address>0xaf1c</run_address>
         <size>0x6</size>
         <input_file_ref idref="fl-61"/>
      </object_component>
      <object_component id="oc-c9">
         <name>.ebss</name>
         <uninitialized>true</uninitialized>
         <run_address>0xaf22</run_address>
         <size>0x6</size>
         <input_file_ref idref="fl-e"/>
      </object_component>
      <object_component id="oc-372">
         <name>.ebss:_MCBSP</name>
         <uninitialized>true</uninitialized>
         <run_address>0xaf28</run_address>
         <size>0x4</size>
         <input_file_ref idref="fl-3c"/>
      </object_component>
      <object_component id="oc-36c">
         <name>.ebss:_SCI</name>
         <uninitialized>true</uninitialized>
         <run_address>0xaf2c</run_address>
         <size>0x4</size>
         <input_file_ref idref="fl-3c"/>
      </object_component>
      <object_component id="oc-3b0">
         <name>.ebss:__timer_list</name>
         <uninitialized>true</uninitialized>
         <run_address>0xaf30</run_address>
         <size>0x4</size>
         <input_file_ref idref="fl-12"/>
      </object_component>
      <object_component id="oc-98">
         <name>.ebss</name>
         <uninitialized>true</uninitialized>
         <run_address>0xaf34</run_address>
         <size>0x4</size>
         <input_file_ref idref="fl-6"/>
      </object_component>
      <object_component id="oc-a6">
         <name>.ebss</name>
         <uninitialized>true</uninitialized>
         <run_address>0xaf38</run_address>
         <size>0x4</size>
         <input_file_ref idref="fl-8"/>
      </object_component>
      <object_component id="oc-2b7">
         <name>.ebss</name>
         <uninitialized>true</uninitialized>
         <run_address>0xaf3c</run_address>
         <size>0x4</size>
         <input_file_ref idref="fl-67"/>
      </object_component>
      <object_component id="oc-378">
         <name>.ebss:__lock</name>
         <uninitialized>true</uninitialized>
         <run_address>0xaf40</run_address>
         <size>0x2</size>
         <input_file_ref idref="fl-62"/>
      </object_component>
      <object_component id="oc-406">
         <name>.ebss:__unlock</name>
         <uninitialized>true</uninitialized>
         <run_address>0xaf42</run_address>
         <size>0x2</size>
         <input_file_ref idref="fl-62"/>
      </object_component>
      <object_component id="oc-83">
         <name>.ebss</name>
         <uninitialized>true</uninitialized>
         <run_address>0xaf44</run_address>
         <size>0x2</size>
         <input_file_ref idref="fl-2"/>
      </object_component>
      <object_component id="oc-2ae">
         <name>.ebss</name>
         <uninitialized>true</uninitialized>
         <run_address>0xaf46</run_address>
         <size>0x1</size>
         <input_file_ref idref="fl-65"/>
      </object_component>
      <object_component id="oc-2fe">
         <name>.ebss</name>
         <uninitialized>true</uninitialized>
         <run_address>0xaf47</run_address>
         <size>0x1</size>
         <input_file_ref idref="fl-75"/>
      </object_component>
      <object_component id="oc-333">
         <name>.ebss</name>
         <uninitialized>true</uninitialized>
         <run_address>0xaf48</run_address>
         <size>0x1</size>
         <input_file_ref idref="fl-7f"/>
      </object_component>
      <object_component id="oc-11b">
         <name>.ebss</name>
         <uninitialized>true</uninitialized>
         <run_address>0xaf49</run_address>
         <size>0x1</size>
         <input_file_ref idref="fl-1c"/>
      </object_component>
      <object_component id="oc-da">
         <name>.ebss</name>
         <uninitialized>true</uninitialized>
         <run_address>0xaf4a</run_address>
         <size>0x1</size>
         <input_file_ref idref="fl-12"/>
      </object_component>
      <object_component id="oc-2b8">
         <name>.esysmem</name>
         <uninitialized>true</uninitialized>
         <run_address>0xe000</run_address>
         <size>0x4</size>
         <input_file_ref idref="fl-67"/>
      </object_component>
      <object_component id="oc-4a9">
         <name>.esysmem</name>
         <uninitialized>true</uninitialized>
         <run_address>0xe000</run_address>
         <size>0x0</size>
      </object_component>
      <object_component id="oc-122">
         <name>.econst:.string</name>
         <load_address>0x90000</load_address>
         <run_address>0x90000</run_address>
         <size>0x5f1</size>
         <input_file_ref idref="fl-1d"/>
      </object_component>
      <object_component id="oc-9f">
         <name>.econst:.string</name>
         <load_address>0x905f2</load_address>
         <run_address>0x905f2</run_address>
         <size>0x4b8</size>
         <input_file_ref idref="fl-7"/>
      </object_component>
      <object_component id="oc-b4">
         <name>.econst:.string</name>
         <load_address>0x90aaa</load_address>
         <run_address>0x90aaa</run_address>
         <size>0x403</size>
         <input_file_ref idref="fl-a"/>
      </object_component>
      <object_component id="oc-422">
         <name>.econst:_PieVectTableInit</name>
         <load_address>0x90eae</load_address>
         <run_address>0x90eae</run_address>
         <size>0x1c0</size>
         <input_file_ref idref="fl-33"/>
      </object_component>
      <object_component id="oc-d4">
         <name>.econst:.string</name>
         <load_address>0x9106e</load_address>
         <run_address>0x9106e</run_address>
         <size>0x197</size>
         <input_file_ref idref="fl-11"/>
      </object_component>
      <object_component id="oc-11c">
         <name>.econst:.string</name>
         <load_address>0x91206</load_address>
         <run_address>0x91206</run_address>
         <size>0x192</size>
         <input_file_ref idref="fl-1c"/>
      </object_component>
      <object_component id="oc-bc">
         <name>.econst:.string</name>
         <load_address>0x91398</load_address>
         <run_address>0x91398</run_address>
         <size>0x145</size>
         <input_file_ref idref="fl-c"/>
      </object_component>
      <object_component id="oc-3b9">
         <name>.econst:.string:___lowest_bit_bitmap</name>
         <load_address>0x914dd</load_address>
         <run_address>0x914dd</run_address>
         <size>0x100</size>
         <input_file_ref idref="fl-9"/>
      </object_component>
      <object_component id="oc-db">
         <name>.econst:.string</name>
         <load_address>0x915de</load_address>
         <run_address>0x915de</run_address>
         <size>0x100</size>
         <input_file_ref idref="fl-12"/>
      </object_component>
      <object_component id="oc-ae">
         <name>.econst:.string</name>
         <load_address>0x916de</load_address>
         <run_address>0x916de</run_address>
         <size>0xfd</size>
         <input_file_ref idref="fl-9"/>
      </object_component>
      <object_component id="oc-107">
         <name>.econst:.string</name>
         <load_address>0x917dc</load_address>
         <run_address>0x917dc</run_address>
         <size>0xec</size>
         <input_file_ref idref="fl-19"/>
      </object_component>
      <object_component id="oc-101">
         <name>.econst:.string</name>
         <load_address>0x918c8</load_address>
         <run_address>0x918c8</run_address>
         <size>0xd1</size>
         <input_file_ref idref="fl-18"/>
      </object_component>
      <object_component id="oc-91">
         <name>.econst:.string</name>
         <load_address>0x9199a</load_address>
         <run_address>0x9199a</run_address>
         <size>0xbc</size>
         <input_file_ref idref="fl-5"/>
      </object_component>
      <object_component id="oc-128">
         <name>.econst:.string</name>
         <load_address>0x91a56</load_address>
         <run_address>0x91a56</run_address>
         <size>0x90</size>
         <input_file_ref idref="fl-1e"/>
      </object_component>
      <object_component id="oc-c2">
         <name>.econst:.string</name>
         <load_address>0x91ae6</load_address>
         <run_address>0x91ae6</run_address>
         <size>0x8b</size>
         <input_file_ref idref="fl-d"/>
      </object_component>
      <object_component id="oc-133">
         <name>.econst:.string</name>
         <load_address>0x91b72</load_address>
         <run_address>0x91b72</run_address>
         <size>0x81</size>
         <input_file_ref idref="fl-20"/>
      </object_component>
      <object_component id="oc-114">
         <name>.econst:.string</name>
         <load_address>0x91bf4</load_address>
         <run_address>0x91bf4</run_address>
         <size>0x51</size>
         <input_file_ref idref="fl-1b"/>
      </object_component>
      <object_component id="oc-e7">
         <name>.econst:.string</name>
         <load_address>0x91c46</load_address>
         <run_address>0x91c46</run_address>
         <size>0x4c</size>
         <input_file_ref idref="fl-14"/>
      </object_component>
      <object_component id="oc-10e">
         <name>.econst:.string</name>
         <load_address>0x91c92</load_address>
         <run_address>0x91c92</run_address>
         <size>0x43</size>
         <input_file_ref idref="fl-1a"/>
      </object_component>
      <object_component id="oc-420">
         <name>.econst:_device_type_str</name>
         <load_address>0x91cd6</load_address>
         <run_address>0x91cd6</run_address>
         <size>0x32</size>
         <input_file_ref idref="fl-1d"/>
      </object_component>
      <object_component id="oc-3c1">
         <name>.econst:.string:_$P$T5$7</name>
         <load_address>0x91d08</load_address>
         <run_address>0x91d08</run_address>
         <size>0x1d</size>
         <input_file_ref idref="fl-1c"/>
      </object_component>
      <object_component id="oc-3c2">
         <name>.econst:.string:_$P$T6$8</name>
         <load_address>0x91d25</load_address>
         <run_address>0x91d25</run_address>
         <size>0x1d</size>
         <input_file_ref idref="fl-1c"/>
      </object_component>
      <object_component id="oc-3c3">
         <name>.econst:.string:_$P$T7$9</name>
         <load_address>0x91d42</load_address>
         <run_address>0x91d42</run_address>
         <size>0x1d</size>
         <input_file_ref idref="fl-1c"/>
      </object_component>
      <object_component id="oc-3a9">
         <name>.econst:.string:_$P$T0$1</name>
         <load_address>0x91d5f</load_address>
         <run_address>0x91d5f</run_address>
         <size>0x1a</size>
         <input_file_ref idref="fl-e"/>
      </object_component>
      <object_component id="oc-3aa">
         <name>.econst:.string:_$P$T1$2</name>
         <load_address>0x91d79</load_address>
         <run_address>0x91d79</run_address>
         <size>0x1a</size>
         <input_file_ref idref="fl-e"/>
      </object_component>
      <object_component id="oc-40d">
         <name>.econst:.string:_$P$T4$5</name>
         <load_address>0x91d93</load_address>
         <run_address>0x91d93</run_address>
         <size>0x1a</size>
         <input_file_ref idref="fl-d"/>
      </object_component>
      <object_component id="oc-3fa">
         <name>.econst:.string:_$P$T8$9</name>
         <load_address>0x91dad</load_address>
         <run_address>0x91dad</run_address>
         <size>0x1a</size>
         <input_file_ref idref="fl-5"/>
      </object_component>
      <object_component id="oc-3fb">
         <name>.econst:.string:_$P$T9$10</name>
         <load_address>0x91dc7</load_address>
         <run_address>0x91dc7</run_address>
         <size>0x1a</size>
         <input_file_ref idref="fl-5"/>
      </object_component>
      <object_component id="oc-38a">
         <name>.econst:.string:_$P$T0$2</name>
         <load_address>0x91de1</load_address>
         <run_address>0x91de1</run_address>
         <size>0x16</size>
         <input_file_ref idref="fl-20"/>
      </object_component>
      <object_component id="oc-38b">
         <name>.econst:.string:_$P$T1$3</name>
         <load_address>0x91df7</load_address>
         <run_address>0x91df7</run_address>
         <size>0x16</size>
         <input_file_ref idref="fl-20"/>
      </object_component>
      <object_component id="oc-3ca">
         <name>.econst:.string:_$P$T14$16</name>
         <load_address>0x91e0d</load_address>
         <run_address>0x91e0d</run_address>
         <size>0x16</size>
         <input_file_ref idref="fl-1c"/>
      </object_component>
      <object_component id="oc-3a4">
         <name>.econst:.string:_$P$T7$8</name>
         <load_address>0x91e23</load_address>
         <run_address>0x91e23</run_address>
         <size>0x16</size>
         <input_file_ref idref="fl-11"/>
      </object_component>
      <object_component id="oc-3f2">
         <name>.econst:.string:_$P$T0$1</name>
         <load_address>0x91e39</load_address>
         <run_address>0x91e39</run_address>
         <size>0x15</size>
         <input_file_ref idref="fl-5"/>
      </object_component>
      <object_component id="oc-41e">
         <name>.econst:.string:_$P$T5$6</name>
         <load_address>0x91e4e</load_address>
         <run_address>0x91e4e</run_address>
         <size>0x15</size>
         <input_file_ref idref="fl-19"/>
      </object_component>
      <object_component id="oc-3b7">
         <name>.econst:.string:_$P$T1$5</name>
         <load_address>0x91e63</load_address>
         <run_address>0x91e63</run_address>
         <size>0x14</size>
         <input_file_ref idref="fl-9"/>
      </object_component>
      <object_component id="oc-41d">
         <name>.econst:.string:_$P$T4$5</name>
         <load_address>0x91e77</load_address>
         <run_address>0x91e77</run_address>
         <size>0x14</size>
         <input_file_ref idref="fl-19"/>
      </object_component>
      <object_component id="oc-416">
         <name>.econst:.string:_$P$T0$1</name>
         <load_address>0x91e8b</load_address>
         <run_address>0x91e8b</run_address>
         <size>0x13</size>
         <input_file_ref idref="fl-18"/>
      </object_component>
      <object_component id="oc-410">
         <name>.econst:.string:_$P$T0$1</name>
         <load_address>0x91e9e</load_address>
         <run_address>0x91e9e</run_address>
         <size>0x13</size>
         <input_file_ref idref="fl-16"/>
      </object_component>
      <object_component id="oc-419">
         <name>.econst:.string:_$P$T0$1</name>
         <load_address>0x91eb1</load_address>
         <run_address>0x91eb1</run_address>
         <size>0x13</size>
         <input_file_ref idref="fl-19"/>
      </object_component>
      <object_component id="oc-417">
         <name>.econst:.string:_$P$T1$2</name>
         <load_address>0x91ec4</load_address>
         <run_address>0x91ec4</run_address>
         <size>0x13</size>
         <input_file_ref idref="fl-18"/>
      </object_component>
      <object_component id="oc-41a">
         <name>.econst:.string:_$P$T1$2</name>
         <load_address>0x91ed7</load_address>
         <run_address>0x91ed7</run_address>
         <size>0x13</size>
         <input_file_ref idref="fl-19"/>
      </object_component>
      <object_component id="oc-418">
         <name>.econst:.string:_$P$T2$3</name>
         <load_address>0x91eea</load_address>
         <run_address>0x91eea</run_address>
         <size>0x13</size>
         <input_file_ref idref="fl-18"/>
      </object_component>
      <object_component id="oc-40b">
         <name>.econst:.string:_$P$T2$3</name>
         <load_address>0x91efd</load_address>
         <run_address>0x91efd</run_address>
         <size>0x13</size>
         <input_file_ref idref="fl-d"/>
      </object_component>
      <object_component id="oc-41c">
         <name>.econst:.string:_$P$T3$4</name>
         <load_address>0x91f10</load_address>
         <run_address>0x91f10</run_address>
         <size>0x13</size>
         <input_file_ref idref="fl-19"/>
      </object_component>
      <object_component id="oc-40e">
         <name>.econst:.string:_$P$T5$6</name>
         <load_address>0x91f23</load_address>
         <run_address>0x91f23</run_address>
         <size>0x13</size>
         <input_file_ref idref="fl-d"/>
      </object_component>
      <object_component id="oc-3cc">
         <name>.econst:.string:_$P$T0$1</name>
         <load_address>0x91f36</load_address>
         <run_address>0x91f36</run_address>
         <size>0x12</size>
         <input_file_ref idref="fl-7"/>
      </object_component>
      <object_component id="oc-3f3">
         <name>.econst:.string:_$P$T1$2</name>
         <load_address>0x91f48</load_address>
         <run_address>0x91f48</run_address>
         <size>0x12</size>
         <input_file_ref idref="fl-5"/>
      </object_component>
      <object_component id="oc-3c9">
         <name>.econst:.string:_$P$T13$15</name>
         <load_address>0x91f5a</load_address>
         <run_address>0x91f5a</run_address>
         <size>0x12</size>
         <input_file_ref idref="fl-1c"/>
      </object_component>
      <object_component id="oc-41b">
         <name>.econst:.string:_$P$T2$3</name>
         <load_address>0x91f6c</load_address>
         <run_address>0x91f6c</run_address>
         <size>0x12</size>
         <input_file_ref idref="fl-19"/>
      </object_component>
      <object_component id="oc-3a0">
         <name>.econst:.string:_$P$T3$4</name>
         <load_address>0x91f7e</load_address>
         <run_address>0x91f7e</run_address>
         <size>0x12</size>
         <input_file_ref idref="fl-11"/>
      </object_component>
      <object_component id="oc-41f">
         <name>.econst:.string:_$P$T6$7</name>
         <load_address>0x91f90</load_address>
         <run_address>0x91f90</run_address>
         <size>0x12</size>
         <input_file_ref idref="fl-19"/>
      </object_component>
      <object_component id="oc-3f9">
         <name>.econst:.string:_$P$T7$8</name>
         <load_address>0x91fa2</load_address>
         <run_address>0x91fa2</run_address>
         <size>0x12</size>
         <input_file_ref idref="fl-5"/>
      </object_component>
      <object_component id="oc-3a5">
         <name>.econst:.string:_$P$T8$9</name>
         <load_address>0x91fb4</load_address>
         <run_address>0x91fb4</run_address>
         <size>0x12</size>
         <input_file_ref idref="fl-11"/>
      </object_component>
      <object_component id="oc-3a6">
         <name>.econst:.string:_$P$T9$10</name>
         <load_address>0x91fc6</load_address>
         <run_address>0x91fc6</run_address>
         <size>0x12</size>
         <input_file_ref idref="fl-11"/>
      </object_component>
      <object_component id="oc-ca">
         <name>.econst:.string</name>
         <load_address>0x91fd8</load_address>
         <run_address>0x91fd8</run_address>
         <size>0x12</size>
         <input_file_ref idref="fl-e"/>
      </object_component>
      <object_component id="oc-40a">
         <name>.econst:.string:_$P$T1$2</name>
         <load_address>0x91fea</load_address>
         <run_address>0x91fea</run_address>
         <size>0x11</size>
         <input_file_ref idref="fl-d"/>
      </object_component>
      <object_component id="oc-3a7">
         <name>.econst:.string:_$P$T10$11</name>
         <load_address>0x91ffb</load_address>
         <run_address>0x91ffb</run_address>
         <size>0x11</size>
         <input_file_ref idref="fl-11"/>
      </object_component>
      <object_component id="oc-3d9">
         <name>.econst:.string:_$P$T13$14</name>
         <load_address>0x9200c</load_address>
         <run_address>0x9200c</run_address>
         <size>0x11</size>
         <input_file_ref idref="fl-7"/>
      </object_component>
      <object_component id="oc-3da">
         <name>.econst:.string:_$P$T14$15</name>
         <load_address>0x9201d</load_address>
         <run_address>0x9201d</run_address>
         <size>0x11</size>
         <input_file_ref idref="fl-7"/>
      </object_component>
      <object_component id="oc-3cb">
         <name>.econst:.string:_$P$T15$17</name>
         <load_address>0x9202e</load_address>
         <run_address>0x9202e</run_address>
         <size>0x11</size>
         <input_file_ref idref="fl-1c"/>
      </object_component>
      <object_component id="oc-3e1">
         <name>.econst:.string:_$P$T21$22</name>
         <load_address>0x9203f</load_address>
         <run_address>0x9203f</run_address>
         <size>0x11</size>
         <input_file_ref idref="fl-7"/>
      </object_component>
      <object_component id="oc-40c">
         <name>.econst:.string:_$P$T3$4</name>
         <load_address>0x92050</load_address>
         <run_address>0x92050</run_address>
         <size>0x11</size>
         <input_file_ref idref="fl-d"/>
      </object_component>
      <object_component id="oc-3a1">
         <name>.econst:.string:_$P$T4$5</name>
         <load_address>0x92061</load_address>
         <run_address>0x92061</run_address>
         <size>0x11</size>
         <input_file_ref idref="fl-11"/>
      </object_component>
      <object_component id="oc-390">
         <name>.econst:.string:_$P$T4$6</name>
         <load_address>0x92072</load_address>
         <run_address>0x92072</run_address>
         <size>0x11</size>
         <input_file_ref idref="fl-20"/>
      </object_component>
      <object_component id="oc-3a2">
         <name>.econst:.string:_$P$T5$6</name>
         <load_address>0x92083</load_address>
         <run_address>0x92083</run_address>
         <size>0x11</size>
         <input_file_ref idref="fl-11"/>
      </object_component>
      <object_component id="oc-391">
         <name>.econst:.string:_$P$T5$7</name>
         <load_address>0x92094</load_address>
         <run_address>0x92094</run_address>
         <size>0x11</size>
         <input_file_ref idref="fl-20"/>
      </object_component>
      <object_component id="oc-3b2">
         <name>.econst:.string:_$P$T6$8</name>
         <load_address>0x920a5</load_address>
         <run_address>0x920a5</run_address>
         <size>0x11</size>
         <input_file_ref idref="fl-12"/>
      </object_component>
      <object_component id="oc-3b4">
         <name>.econst:.string:_large_digits$3</name>
         <load_address>0x920b6</load_address>
         <run_address>0x920b6</run_address>
         <size>0x11</size>
         <input_file_ref idref="fl-9"/>
      </object_component>
      <object_component id="oc-3b5">
         <name>.econst:.string:_small_digits$2</name>
         <load_address>0x920c7</load_address>
         <run_address>0x920c7</run_address>
         <size>0x11</size>
         <input_file_ref idref="fl-9"/>
      </object_component>
      <object_component id="oc-3ba">
         <name>.econst:.string:_$P$T0$1</name>
         <load_address>0x920d8</load_address>
         <run_address>0x920d8</run_address>
         <size>0x10</size>
         <input_file_ref idref="fl-1c"/>
      </object_component>
      <object_component id="oc-39b">
         <name>.econst:.string:_$P$T0$1</name>
         <load_address>0x920e8</load_address>
         <run_address>0x920e8</run_address>
         <size>0x10</size>
         <input_file_ref idref="fl-11"/>
      </object_component>
      <object_component id="oc-3bb">
         <name>.econst:.string:_$P$T1$2</name>
         <load_address>0x920f8</load_address>
         <run_address>0x920f8</run_address>
         <size>0x10</size>
         <input_file_ref idref="fl-1c"/>
      </object_component>
      <object_component id="oc-3ac">
         <name>.econst:.string:_$P$T1$2</name>
         <load_address>0x92108</load_address>
         <run_address>0x92108</run_address>
         <size>0x10</size>
         <input_file_ref idref="fl-12"/>
      </object_component>
      <object_component id="oc-3d6">
         <name>.econst:.string:_$P$T10$11</name>
         <load_address>0x92118</load_address>
         <run_address>0x92118</run_address>
         <size>0x10</size>
         <input_file_ref idref="fl-7"/>
      </object_component>
      <object_component id="oc-3c6">
         <name>.econst:.string:_$P$T10$12</name>
         <load_address>0x92128</load_address>
         <run_address>0x92128</run_address>
         <size>0x10</size>
         <input_file_ref idref="fl-1c"/>
      </object_component>
      <object_component id="oc-3d7">
         <name>.econst:.string:_$P$T11$12</name>
         <load_address>0x92138</load_address>
         <run_address>0x92138</run_address>
         <size>0x10</size>
         <input_file_ref idref="fl-7"/>
[...]
      <symbol id="sm-10aa">
         <name>_DcsmZ2Regs</name>
         <value>0x5f040</value>
         <object_component_ref idref="oc-20a"/>
      </symbol>
      <symbol id="sm-10ab">
         <name>_EPwm4Regs</name>
         <value>0x4300</value>
         <object_component_ref idref="oc-22b"/>
      </symbol>
      <symbol id="sm-10ac">
         <name>_FlashPumpSemaphoreRegs</name>
         <value>0x50024</value>
         <object_component_ref idref="oc-1d1"/>
      </symbol>
      <symbol id="sm-10ad">
         <name>_ECap5Regs</name>
         <value>0x5080</value>
         <object_component_ref idref="oc-1fb"/>
      </symbol>
      <symbol id="sm-10ae">
         <name>_I2cbRegs</name>
         <value>0x7340</value>
         <object_component_ref idref="oc-208"/>
      </symbol>
      <symbol id="sm-10af">
         <name>_CpuTimer1Regs</name>
         <value>0xc08</value>
         <object_component_ref idref="oc-1db"/>
      </symbol>
      <symbol id="sm-10b0">
         <name>_RomPrefetchRegs</name>
         <value>0x5e608</value>
         <object_component_ref idref="oc-1d2"/>
      </symbol>
      <symbol id="sm-10b1">
         <name>_Cmpss4Regs</name>
         <value>0x5ce0</value>
         <object_component_ref idref="oc-1f1"/>
      </symbol>
      <symbol id="sm-10b2">
         <name>_EPwm5Regs</name>
         <value>0x4400</value>
         <object_component_ref idref="oc-22c"/>
      </symbol>
      <symbol id="sm-10b3">
         <name>_UppRegs</name>
         <value>0x6200</value>
         <object_component_ref idref="oc-219"/>
      </symbol>
      <symbol id="sm-10b4">
         <name>_SpiaRegs</name>
         <value>0x6100</value>
         <object_component_ref idref="oc-1e4"/>
      </symbol>
      <symbol id="sm-10b5">
         <name>_CpuSysRegs</name>
         <value>0x5d300</value>
         <object_component_ref idref="oc-225"/>
      </symbol>
      <symbol id="sm-10b6">
         <name>_Cla1SoftIntRegs</name>
         <value>0xce0</value>
         <object_component_ref idref="oc-1d4"/>
      </symbol>
      <symbol id="sm-10b7">
         <name>_CanbRegs</name>
         <value>0x4a000</value>
         <object_component_ref idref="oc-236"/>
      </symbol>
      <symbol id="sm-10b8">
         <name>_ECap6Regs</name>
         <value>0x50a0</value>
         <object_component_ref idref="oc-1fc"/>
      </symbol>
      <symbol id="sm-10b9">
         <name>_DmaRegs</name>
         <value>0x1000</value>
         <object_component_ref idref="oc-226"/>
      </symbol>
      <symbol id="sm-10ba">
         <name>_EmuBootPins</name>
         <value>0xd01</value>
         <object_component_ref idref="oc-1d0"/>
      </symbol>
      <symbol id="sm-10bb">
         <name>_XintRegs</name>
         <value>0x7070</value>
         <object_component_ref idref="oc-1de"/>
      </symbol>
      <symbol id="sm-10bc">
         <name>_CpuTimer0Regs</name>
         <value>0xc00</value>
         <object_component_ref idref="oc-1da"/>
      </symbol>
      <symbol id="sm-10bd">
         <name>_Cmpss5Regs</name>
         <value>0x5d00</value>
         <object_component_ref idref="oc-1f2"/>
      </symbol>
      <symbol id="sm-10be">
         <name>_Emif1Regs</name>
         <value>0x47000</value>
         <object_component_ref idref="oc-21a"/>
      </symbol>
      <symbol id="sm-10bf">
         <name>_AccessProtectionRegs</name>
         <value>0x5f4c0</value>
         <object_component_ref idref="oc-216"/>
      </symbol>
      <symbol id="sm-10c0">
         <name>_MemCfgRegs</name>
         <value>0x5f400</value>
         <object_component_ref idref="oc-221"/>
      </symbol>
      <symbol id="sm-10c1">
         <name>_DacaRegs</name>
         <value>0x5c00</value>
         <object_component_ref idref="oc-1d7"/>
      </symbol>
      <symbol id="sm-10c2">
         <name>_McbspbRegs</name>
         <value>0x6040</value>
         <object_component_ref idref="oc-20e"/>
      </symbol>
      <symbol id="sm-10c3">
         <name>_EPwm6Regs</name>
         <value>0x4500</value>
         <object_component_ref idref="oc-22d"/>
      </symbol>
      <symbol id="sm-10c4">
         <name>_AdcaRegs</name>
         <value>0x7400</value>
         <object_component_ref idref="oc-21c"/>
      </symbol>
      <symbol id="sm-10c5">
         <name>_SciaRegs</name>
         <value>0x7200</value>
         <object_component_ref idref="oc-1df"/>
      </symbol>
      <symbol id="sm-10c6">
         <name>_EPwm11Regs</name>
         <value>0x4a00</value>
         <object_component_ref idref="oc-232"/>
      </symbol>
      <symbol id="sm-10c7">
         <name>_GpioDataRegs</name>
         <value>0x7f00</value>
         <object_component_ref idref="oc-211"/>
      </symbol>
      <symbol id="sm-10c8">
         <name>_Sdfm1Regs</name>
         <value>0x5e00</value>
         <object_component_ref idref="oc-222"/>
      </symbol>
      <symbol id="sm-10c9">
         <name>_Cmpss2Regs</name>
         <value>0x5ca0</value>
         <object_component_ref idref="oc-1ef"/>
      </symbol>
      <symbol id="sm-10ca">
         <name>_Emif2Regs</name>
         <value>0x47800</value>
         <object_component_ref idref="oc-21b"/>
      </symbol>
      <symbol id="sm-10cb">
         <name>_DcsmZ1Regs</name>
         <value>0x5f000</value>
         <object_component_ref idref="oc-209"/>
      </symbol>
      <symbol id="sm-10cc">
         <name>_Flash0CtrlRegs</name>
         <value>0x5f800</value>
         <object_component_ref idref="oc-238"/>
      </symbol>
      <symbol id="sm-10cd">
         <name>_EPwm7Regs</name>
         <value>0x4600</value>
         <object_component_ref idref="oc-22e"/>
      </symbol>
      <symbol id="sm-10ce">
         <name>_SpicRegs</name>
         <value>0x6120</value>
         <object_component_ref idref="oc-1e7"/>
      </symbol>
      <symbol id="sm-10cf">
         <name>_EPwm10Regs</name>
         <value>0x4900</value>
         <object_component_ref idref="oc-231"/>
      </symbol>
      <symbol id="sm-10d0">
         <name>_CpuTimer2Regs</name>
         <value>0xc10</value>
         <object_component_ref idref="oc-1dc"/>
      </symbol>
      <symbol id="sm-10d1">
         <name>_DmaClaSrcSelRegs</name>
         <value>0x7980</value>
         <object_component_ref idref="oc-1ec"/>
      </symbol>
      <symbol id="sm-10d2">
         <name>_AnalogSubsysRegs</name>
         <value>0x5d180</value>
         <object_component_ref idref="oc-218"/>
      </symbol>
      <symbol id="sm-10d3">
         <name>_Cmpss3Regs</name>
         <value>0x5cc0</value>
         <object_component_ref idref="oc-1f0"/>
      </symbol>
      <symbol id="sm-10d4">
         <name>_DaccRegs</name>
         <value>0x5c20</value>
         <object_component_ref idref="oc-1d9"/>
      </symbol>
      <symbol id="sm-10d5">
         <name>_PieCtrlRegs</name>
         <value>0xce0</value>
         <object_component_ref idref="oc-1ed"/>
      </symbol>
      <symbol id="sm-10d6">
         <name>_DevCfgRegs</name>
         <value>0x5d000</value>
         <object_component_ref idref="oc-234"/>
      </symbol>
      <symbol id="sm-10d7">
         <name>_SpibRegs</name>
         <value>0x6110</value>
         <object_component_ref idref="oc-1e6"/>
      </symbol>
      <symbol id="sm-10d8">
         <name>_AdccRegs</name>
         <value>0x7500</value>
         <object_component_ref idref="oc-21f"/>
      </symbol>
      <symbol id="sm-10d9">
         <name>_ScicRegs</name>
         <value>0x7220</value>
         <object_component_ref idref="oc-1e2"/>
      </symbol>
      <symbol id="sm-10da">
         <name>_ECap1Regs</name>
         <value>0x5000</value>
         <object_component_ref idref="oc-1f6"/>
      </symbol>
      <symbol id="sm-10db">
         <name>_OutputXbarRegs</name>
         <value>0x7a80</value>
         <object_component_ref idref="oc-215"/>
      </symbol>
      <symbol id="sm-10dc">
         <name>_MemoryErrorRegs</name>
         <value>0x5f500</value>
         <object_component_ref idref="oc-217"/>
      </symbol>
      <symbol id="sm-10dd">
         <name>_Cla1Regs</name>
         <value>0x1400</value>
         <object_component_ref idref="oc-213"/>
      </symbol>
      <symbol id="sm-10de">
         <name>_EQep1Regs</name>
         <value>0x5100</value>
         <object_component_ref idref="oc-202"/>
      </symbol>
      <symbol id="sm-10df">
         <name>_DacbRegs</name>
         <value>0x5c10</value>
         <object_component_ref idref="oc-1d8"/>
      </symbol>
      <symbol id="sm-10e0">
         <name>_McbspaRegs</name>
         <value>0x6000</value>
         <object_component_ref idref="oc-20c"/>
      </symbol>
      <symbol id="sm-10e1">
         <name>_EPwm1Regs</name>
         <value>0x4000</value>
         <object_component_ref idref="oc-227"/>
      </symbol>
      <symbol id="sm-10e2">
         <name>_AdcbRegs</name>
         <value>0x7480</value>
         <object_component_ref idref="oc-21e"/>
      </symbol>
      <symbol id="sm-10e3">
         <name>_ScibRegs</name>
         <value>0x7210</value>
         <object_component_ref idref="oc-1e1"/>
      </symbol>
      <symbol id="sm-10e4">
         <name>_AdcaResultRegs</name>
         <value>0xb00</value>
         <object_component_ref idref="oc-1e8"/>
      </symbol>
      <symbol id="sm-10e5">
         <name>_ECap2Regs</name>
         <value>0x5020</value>
         <object_component_ref idref="oc-1f8"/>
      </symbol>
      <symbol id="sm-10e6">
         <name>_EPwm12Regs</name>
         <value>0x4b00</value>
         <object_component_ref idref="oc-233"/>
      </symbol>
      <symbol id="sm-10e7">
         <name>_AdcbResultRegs</name>
         <value>0xb20</value>
         <object_component_ref idref="oc-1e9"/>
      </symbol>
      <symbol id="sm-10e8">
         <name>_AdccResultRegs</name>
         <value>0xb40</value>
         <object_component_ref idref="oc-1ea"/>
      </symbol>
      <symbol id="sm-10e9">
         <name>_Emif1ConfigRegs</name>
         <value>0x5f480</value>
         <object_component_ref idref="oc-200"/>
      </symbol>
      <symbol id="sm-10ea">
         <name>_Sdfm2Regs</name>
         <value>0x5e80</value>
         <object_component_ref idref="oc-224"/>
      </symbol>
      <symbol id="sm-10eb">
         <name>_AdcdResultRegs</name>
         <value>0xb60</value>
         <object_component_ref idref="oc-1eb"/>
      </symbol>
      <symbol id="sm-10ec">
         <name>_EQep2Regs</name>
         <value>0x5140</value>
         <object_component_ref idref="oc-204"/>
      </symbol>
      <symbol id="sm-10ed">
         <name>_Cmpss1Regs</name>
         <value>0x5c80</value>
         <object_component_ref idref="oc-1ee"/>
      </symbol>
      <symbol id="sm-10ee">
         <name>_EPwm8Regs</name>
         <value>0x4700</value>
         <object_component_ref idref="oc-22f"/>
      </symbol>
      <symbol id="sm-10ef">
         <name>_Emif2ConfigRegs</name>
         <value>0x5f4a0</value>
         <object_component_ref idref="oc-201"/>
      </symbol>
      <symbol id="sm-10f0">
         <name>_DcsmCommonRegs</name>
         <value>0x5f070</value>
         <object_component_ref idref="oc-1dd"/>
      </symbol>
      <symbol id="sm-10f1">
         <name>_EPwm2Regs</name>
         <value>0x4100</value>
         <object_component_ref idref="oc-229"/>
      </symbol>
      <symbol id="sm-10f2">
         <name>_ECap3Regs</name>
         <value>0x5040</value>
         <object_component_ref idref="oc-1f9"/>
      </symbol>
      <symbol id="sm-10f3">
         <name>_Cmpss8Regs</name>
         <value>0x5d60</value>
         <object_component_ref idref="oc-1f5"/>
      </symbol>
      <symbol id="sm-10f4">
         <name>_EQep3Regs</name>
         <value>0x5180</value>
         <object_component_ref idref="oc-205"/>
      </symbol>
      <symbol id="sm-10f5">
         <name>_SyncSocRegs</name>
         <value>0x7940</value>
         <object_component_ref idref="oc-1d5"/>
      </symbol>
      <symbol id="sm-10f6">
         <name>_EPwm9Regs</name>
         <value>0x4800</value>
         <object_component_ref idref="oc-230"/>
      </symbol>
      <symbol id="sm-10f7">
         <name>_NmiIntruptRegs</name>
         <value>0x7060</value>
         <object_component_ref idref="oc-1d6"/>
      </symbol>
      <symbol id="sm-10f8">
         <name>_EPwm3Regs</name>
         <value>0x4200</value>
         <object_component_ref idref="oc-22a"/>
      </symbol>
      <symbol id="sm-10f9">
         <name>_I2caRegs</name>
         <value>0x7300</value>
         <object_component_ref idref="oc-206"/>
      </symbol>
      <symbol id="sm-1114">
         <name>_c_int00</name>
         <value>0x8784f</value>
         <object_component_ref idref="oc-80"/>
      </symbol>
      <symbol id="sm-1115">
         <name>__stack</name>
         <value>0x400</value>
         <object_component_ref idref="oc-23b"/>
      </symbol>
      <symbol id="sm-112f">
         <name>FS$$ADD</name>
         <value>0x8762e</value>
         <object_component_ref idref="oc-241"/>
      </symbol>
      <symbol id="sm-1130">
         <name>FS$$SUB</name>
         <value>0x87629</value>
         <object_component_ref idref="oc-241"/>
      </symbol>
      <symbol id="sm-1142">
         <name>FS$$CMP</name>
         <value>0x87acd</value>
         <object_component_ref idref="oc-246"/>
      </symbol>
      <symbol id="sm-1153">
         <name>FS$$DIV</name>
         <value>0x87528</value>
         <object_component_ref idref="oc-24b"/>
      </symbol>
      <symbol id="sm-1164">
         <name>FS$$MPY</name>
         <value>0x877f5</value>
         <object_component_ref idref="oc-250"/>
      </symbol>
      <symbol id="sm-1175">
         <name>FS$$TOI</name>
         <value>0x879c8</value>
         <object_component_ref idref="oc-255"/>
      </symbol>
      <symbol id="sm-1188">
         <name>FS$$TOL</name>
         <value>0x87951</value>
         <object_component_ref idref="oc-25a"/>
      </symbol>
      <symbol id="sm-1194">
         <name>LL$$AND</name>
         <value>0x87ab5</value>
         <object_component_ref idref="oc-25f"/>
      </symbol>
      <symbol id="sm-1195">
         <name>LL$$OR</name>
         <value>0x87abd</value>
         <object_component_ref idref="oc-25f"/>
      </symbol>
      <symbol id="sm-1196">
         <name>LL$$XOR</name>
         <value>0x87ac5</value>
         <object_component_ref idref="oc-25f"/>
      </symbol>
      <symbol id="sm-11a5">
         <name>I$$TOFS</name>
         <value>0x87a81</value>
         <object_component_ref idref="oc-264"/>
      </symbol>
      <symbol id="sm-11b1">
         <name>U$$MOD</name>
         <value>0x87b5b</value>
         <object_component_ref idref="oc-269"/>
      </symbol>
      <symbol id="sm-11b2">
         <name>U$$DIV</name>
         <value>0x87b56</value>
         <object_component_ref idref="oc-269"/>
      </symbol>
      <symbol id="sm-11c0">
         <name>U$$TOFS</name>
         <value>0x87b46</value>
         <object_component_ref idref="oc-26e"/>
      </symbol>
      <symbol id="sm-11cf">
         <name>L$$TOFS</name>
         <value>0x87a9b</value>
         <object_component_ref idref="oc-273"/>
      </symbol>
      <symbol id="sm-11db">
         <name>UL$$MOD</name>
         <value>0x87922</value>
         <object_component_ref idref="oc-278"/>
      </symbol>
      <symbol id="sm-11dc">
         <name>L$$MOD</name>
         <value>0x8790d</value>
         <object_component_ref idref="oc-278"/>
      </symbol>
      <symbol id="sm-11dd">
         <name>L$$DIV</name>
         <value>0x878fe</value>
         <object_component_ref idref="oc-278"/>
      </symbol>
      <symbol id="sm-11de">
         <name>UL$$DIV</name>
         <value>0x8791b</value>
         <object_component_ref idref="oc-278"/>
      </symbol>
      <symbol id="sm-11ee">
         <name>UL$$TOFS</name>
         <value>0x87b22</value>
         <object_component_ref idref="oc-27d"/>
      </symbol>
      <symbol id="sm-11fd">
         <name>_copy_in</name>
         <value>0x879ed</value>
         <object_component_ref idref="oc-361"/>
      </symbol>
      <symbol id="sm-120f">
         <name>_memcpy</name>
         <value>0x87a2e</value>
         <object_component_ref idref="oc-376"/>
      </symbol>
      <symbol id="sm-121c">
         <name>__system_pre_init</name>
         <value>0x87b76</value>
         <object_component_ref idref="oc-360"/>
      </symbol>
      <symbol id="sm-122a">
         <name>__system_post_cinit</name>
         <value>0x83fff</value>
         <object_component_ref idref="oc-362"/>
      </symbol>
      <symbol id="sm-123f">
         <name>C$$EXIT</name>
         <value>0x87928</value>
         <object_component_ref idref="oc-364"/>
      </symbol>
      <symbol id="sm-1240">
         <name>_exit</name>
         <value>0x8792a</value>
         <object_component_ref idref="oc-364"/>
      </symbol>
      <symbol id="sm-1242">
         <name>___TI_cleanup_ptr</name>
         <value>0xaf1e</value>
         <object_component_ref idref="oc-298"/>
      </symbol>
      <symbol id="sm-1243">
         <name>___TI_enable_exit_profile_output</name>
         <value>0xaf1c</value>
         <object_component_ref idref="oc-298"/>
      </symbol>
      <symbol id="sm-1244">
         <name>_abort</name>
         <value>0x87928</value>
         <object_component_ref idref="oc-364"/>
      </symbol>
      <symbol id="sm-1246">
         <name>___TI_dtors_ptr</name>
         <value>0xaf20</value>
         <object_component_ref idref="oc-298"/>
      </symbol>
      <symbol id="sm-125a">
         <name>__unlock</name>
         <value>0xaf42</value>
         <object_component_ref idref="oc-406"/>
      </symbol>
      <symbol id="sm-125b">
         <name>__lock</name>
         <value>0xaf40</value>
         <object_component_ref idref="oc-378"/>
      </symbol>
      <symbol id="sm-125c">
         <name>__register_lock</name>
         <value>0x87b65</value>
         <object_component_ref idref="oc-399"/>
      </symbol>
      <symbol id="sm-125e">
         <name>__nop</name>
         <value>0x87b69</value>
         <object_component_ref idref="oc-399"/>
      </symbol>
      <symbol id="sm-1260">
         <name>__register_unlock</name>
         <value>0x87b61</value>
         <object_component_ref idref="oc-399"/>
      </symbol>
      <symbol id="sm-1270">
         <name>__args_main</name>
         <value>0x87b35</value>
         <object_component_ref idref="oc-363"/>
      </symbol>
      <symbol id="sm-1285">
         <name>___TI_ft_end</name>
         <value>0xaf46</value>
         <object_component_ref idref="oc-2ae"/>
      </symbol>
      <symbol id="sm-1293">
         <name>_memcmp</name>
         <value>0x87b0f</value>
         <object_component_ref idref="oc-395"/>
      </symbol>
      <symbol id="sm-12a6">
         <name>__sys_memory</name>
         <value>0xe000</value>
         <object_component_ref idref="oc-2b8"/>
      </symbol>
      <symbol id="sm-12be">
         <name>_strcat</name>
         <value>0x87b6a</value>
         <object_component_ref idref="oc-389"/>
      </symbol>
      <symbol id="sm-12cc">
         <name>_strcpy</name>
         <value>0x83ffa</value>
         <object_component_ref idref="oc-385"/>
      </symbol>
      <symbol id="sm-12da">
         <name>_strlen</name>
         <value>0x85ff8</value>
         <object_component_ref idref="oc-384"/>
      </symbol>
      <symbol id="sm-12ea">
         <name>_strncmp</name>
         <value>0x87ae4</value>
         <object_component_ref idref="oc-3fd"/>
      </symbol>
      <symbol id="sm-12fb">
         <name>_strncpy</name>
         <value>0x87afa</value>
         <object_component_ref idref="oc-388"/>
      </symbol>
      <symbol id="sm-139e">
         <name>__CIOBUF_</name>
         <value>0xb800</value>
         <object_component_ref idref="oc-32c"/>
      </symbol>
   </symbol_table>
   <title>Link successful</title>
</link_info>
